::1 - - [01/Jul/2024:16:53:18 +0000] "GET /api/v1/posts HTTP/1.1" 200 2 "http://localhost:3000/" "Mozilla/5.0 (Windows NT 10.0; Win64; x64) AppleWebKit/537.36 (KHTML, like Gecko) Chrome/126.0.0.0 Safari/537.36 Edg/126.0.0.0"
::1 - - [01/Jul/2024:16:53:21 +0000] "GET /api/v1/posts HTTP/1.1" 304 - "http://localhost:3000/" "Mozilla/5.0 (Windows NT 10.0; Win64; x64) AppleWebKit/537.36 (KHTML, like Gecko) Chrome/126.0.0.0 Safari/537.36 Edg/126.0.0.0"
::1 - - [01/Jul/2024:16:53:40 +0000] "POST /api/v1/posts HTTP/1.1" 201 2 "http://localhost:3000/" "Mozilla/5.0 (Windows NT 10.0; Win64; x64) AppleWebKit/537.36 (KHTML, like Gecko) Chrome/126.0.0.0 Safari/537.36 Edg/126.0.0.0"
::1 - - [01/Jul/2024:16:56:36 +0000] "GET /api/v1/posts HTTP/1.1" 200 4 "http://localhost:3000/" "Mozilla/5.0 (Windows NT 10.0; Win64; x64) AppleWebKit/537.36 (KHTML, like Gecko) Chrome/126.0.0.0 Safari/537.36 Edg/126.0.0.0"
::1 - - [01/Jul/2024:16:57:04 +0000] "GET /api/v1/posts HTTP/1.1" 304 - "http://localhost:3000/" "Mozilla/5.0 (Windows NT 10.0; Win64; x64) AppleWebKit/537.36 (KHTML, like Gecko) Chrome/126.0.0.0 Safari/537.36 Edg/126.0.0.0"
::1 - - [01/Jul/2024:16:57:09 +0000] "GET /api/v1/posts HTTP/1.1" 304 - "http://localhost:3000/" "Mozilla/5.0 (Windows NT 10.0; Win64; x64) AppleWebKit/537.36 (KHTML, like Gecko) Chrome/126.0.0.0 Safari/537.36 Edg/126.0.0.0"
::1 - - [01/Jul/2024:16:57:24 +0000] "GET /api/v1/posts HTTP/1.1" 304 - "http://localhost:3000/" "Mozilla/5.0 (Windows NT 10.0; Win64; x64) AppleWebKit/537.36 (KHTML, like Gecko) Chrome/126.0.0.0 Safari/537.36 Edg/126.0.0.0"
::1 - - [01/Jul/2024:16:57:31 +0000] "GET /api/v1/posts HTTP/1.1" 304 - "http://localhost:3000/" "Mozilla/5.0 (Windows NT 10.0; Win64; x64) AppleWebKit/537.36 (KHTML, like Gecko) Chrome/126.0.0.0 Safari/537.36 Edg/126.0.0.0"
::1 - - [01/Jul/2024:16:57:33 +0000] "GET /api/v1/posts/undefined HTTP/1.1" 500 123 "http://localhost:3000/" "Mozilla/5.0 (Windows NT 10.0; Win64; x64) AppleWebKit/537.36 (KHTML, like Gecko) Chrome/126.0.0.0 Safari/537.36 Edg/126.0.0.0"
::1 - - [01/Jul/2024:16:57:37 +0000] "GET /api/v1/posts HTTP/1.1" 304 - "http://localhost:3000/" "Mozilla/5.0 (Windows NT 10.0; Win64; x64) AppleWebKit/537.36 (KHTML, like Gecko) Chrome/126.0.0.0 Safari/537.36 Edg/126.0.0.0"
::1 - - [01/Jul/2024:16:57:38 +0000] "GET /api/v1/posts HTTP/1.1" 304 - "http://localhost:3000/" "Mozilla/5.0 (Windows NT 10.0; Win64; x64) AppleWebKit/537.36 (KHTML, like Gecko) Chrome/126.0.0.0 Safari/537.36 Edg/126.0.0.0"
::1 - - [01/Jul/2024:16:57:39 +0000] "GET /api/v1/posts HTTP/1.1" 304 - "http://localhost:3000/" "Mozilla/5.0 (Windows NT 10.0; Win64; x64) AppleWebKit/537.36 (KHTML, like Gecko) Chrome/126.0.0.0 Safari/537.36 Edg/126.0.0.0"
::1 - - [01/Jul/2024:16:57:40 +0000] "GET /api/v1/posts HTTP/1.1" 304 - "http://localhost:3000/" "Mozilla/5.0 (Windows NT 10.0; Win64; x64) AppleWebKit/537.36 (KHTML, like Gecko) Chrome/126.0.0.0 Safari/537.36 Edg/126.0.0.0"
::1 - - [01/Jul/2024:16:58:14 +0000] "GET /api/v1/posts HTTP/1.1" 304 - "http://localhost:3000/" "Mozilla/5.0 (Windows NT 10.0; Win64; x64) AppleWebKit/537.36 (KHTML, like Gecko) Chrome/126.0.0.0 Safari/537.36 Edg/126.0.0.0"
::1 - - [01/Jul/2024:16:58:16 +0000] "GET /api/v1/posts HTTP/1.1" 304 - "http://localhost:3000/" "Mozilla/5.0 (Windows NT 10.0; Win64; x64) AppleWebKit/537.36 (KHTML, like Gecko) Chrome/126.0.0.0 Safari/537.36 Edg/126.0.0.0"
::1 - - [01/Jul/2024:16:58:34 +0000] "GET /api/v1/posts HTTP/1.1" 304 - "http://localhost:3000/" "Mozilla/5.0 (Windows NT 10.0; Win64; x64) AppleWebKit/537.36 (KHTML, like Gecko) Chrome/126.0.0.0 Safari/537.36 Edg/126.0.0.0"
::1 - - [01/Jul/2024:16:59:36 +0000] "GET /api/v1/posts HTTP/1.1" 304 - "http://localhost:3000/" "Mozilla/5.0 (Linux; Android 6.0; Nexus 5 Build/MRA58N) AppleWebKit/537.36 (KHTML, like Gecko) Chrome/126.0.0.0 Mobile Safari/537.36 Edg/126.0.0.0"
::1 - - [01/Jul/2024:17:00:25 +0000] "GET /api/v1/posts HTTP/1.1" 304 - "http://localhost:3000/" "Mozilla/5.0 (Linux; Android 6.0; Nexus 5 Build/MRA58N) AppleWebKit/537.36 (KHTML, like Gecko) Chrome/126.0.0.0 Mobile Safari/537.36 Edg/126.0.0.0"
::1 - - [01/Jul/2024:17:00:36 +0000] "GET /api/v1/posts/ HTTP/1.1" 200 4 "-" "PostmanRuntime/7.39.0"
::1 - - [01/Jul/2024:17:01:24 +0000] "GET /api/v1/posts/ HTTP/1.1" 500 46 "-" "PostmanRuntime/7.39.0"
::1 - - [01/Jul/2024:17:01:31 +0000] "GET /api/v1/posts/ HTTP/1.1" 200 4 "-" "PostmanRuntime/7.39.0"
::1 - - [01/Jul/2024:17:01:32 +0000] "GET /api/v1/posts/ HTTP/1.1" 200 4 "-" "PostmanRuntime/7.39.0"
::1 - - [01/Jul/2024:17:02:01 +0000] "GET /api/v1/posts/ HTTP/1.1" 200 4 "-" "PostmanRuntime/7.39.0"
::1 - - [01/Jul/2024:17:02:42 +0000] "GET /api/v1/posts/ HTTP/1.1" 200 4 "-" "PostmanRuntime/7.39.0"
::1 - - [01/Jul/2024:17:03:03 +0000] "GET /api/v1/posts/ HTTP/1.1" 200 4 "-" "PostmanRuntime/7.39.0"
::1 - - [01/Jul/2024:17:03:26 +0000] "GET /api/v1/posts/ HTTP/1.1" 200 4 "-" "PostmanRuntime/7.39.0"
::1 - - [01/Jul/2024:17:03:45 +0000] "GET /api/v1/posts/ HTTP/1.1" 200 4 "-" "PostmanRuntime/7.39.0"
::1 - - [01/Jul/2024:17:05:15 +0000] "GET /api/v1/posts/ HTTP/1.1" 200 4 "-" "PostmanRuntime/7.39.0"
::1 - - [01/Jul/2024:17:05:16 +0000] "GET /api/v1/posts/ HTTP/1.1" 200 4 "-" "PostmanRuntime/7.39.0"
::1 - - [01/Jul/2024:17:06:21 +0000] "GET /api/v1/posts/ HTTP/1.1" 200 270 "-" "PostmanRuntime/7.39.0"
::1 - - [01/Jul/2024:17:15:16 +0000] "GET /api/v1/posts/ HTTP/1.1" 200 4 "-" "PostmanRuntime/7.39.0"
::1 - - [01/Jul/2024:17:16:37 +0000] "GET /api/v1/posts/ HTTP/1.1" 200 261 "-" "PostmanRuntime/7.39.0"
::1 - - [01/Jul/2024:17:16:47 +0000] "GET /api/v1/posts HTTP/1.1" 200 261 "http://localhost:3000/" "Mozilla/5.0 (Linux; Android 6.0; Nexus 5 Build/MRA58N) AppleWebKit/537.36 (KHTML, like Gecko) Chrome/126.0.0.0 Mobile Safari/537.36 Edg/126.0.0.0"
::1 - - [01/Jul/2024:17:16:51 +0000] "GET /api/v1/posts HTTP/1.1" 304 - "http://localhost:3000/" "Mozilla/5.0 (Windows NT 10.0; Win64; x64) AppleWebKit/537.36 (KHTML, like Gecko) Chrome/126.0.0.0 Safari/537.36 Edg/126.0.0.0"
::1 - - [01/Jul/2024:17:16:58 +0000] "GET /api/v1/posts/6682df1484b98acaad8e25a8 HTTP/1.1" 200 259 "http://localhost:3000/" "Mozilla/5.0 (Windows NT 10.0; Win64; x64) AppleWebKit/537.36 (KHTML, like Gecko) Chrome/126.0.0.0 Safari/537.36 Edg/126.0.0.0"
::1 - - [01/Jul/2024:17:16:58 +0000] "GET /api/v1/posts/6682df1484b98acaad8e25a8 HTTP/1.1" 304 - "http://localhost:3000/" "Mozilla/5.0 (Windows NT 10.0; Win64; x64) AppleWebKit/537.36 (KHTML, like Gecko) Chrome/126.0.0.0 Safari/537.36 Edg/126.0.0.0"
::1 - - [01/Jul/2024:17:17:06 +0000] "POST /api/v1/posts/6682df1484b98acaad8e25a8/comments HTTP/1.1" 200 186 "http://localhost:3000/" "Mozilla/5.0 (Windows NT 10.0; Win64; x64) AppleWebKit/537.36 (KHTML, like Gecko) Chrome/126.0.0.0 Safari/537.36 Edg/126.0.0.0"
::1 - - [01/Jul/2024:17:17:07 +0000] "GET /api/v1/posts/6682df1484b98acaad8e25a8 HTTP/1.1" 200 552 "http://localhost:3000/" "Mozilla/5.0 (Windows NT 10.0; Win64; x64) AppleWebKit/537.36 (KHTML, like Gecko) Chrome/126.0.0.0 Safari/537.36 Edg/126.0.0.0"
::1 - - [01/Jul/2024:17:17:07 +0000] "GET /api/v1/posts/6682df1484b98acaad8e25a8 HTTP/1.1" 304 - "http://localhost:3000/" "Mozilla/5.0 (Windows NT 10.0; Win64; x64) AppleWebKit/537.36 (KHTML, like Gecko) Chrome/126.0.0.0 Safari/537.36 Edg/126.0.0.0"
::1 - - [01/Jul/2024:17:17:11 +0000] "GET /api/v1/posts/6682df1484b98acaad8e25a8 HTTP/1.1" 304 - "http://localhost:3000/" "Mozilla/5.0 (Windows NT 10.0; Win64; x64) AppleWebKit/537.36 (KHTML, like Gecko) Chrome/126.0.0.0 Safari/537.36 Edg/126.0.0.0"
::1 - - [01/Jul/2024:17:17:21 +0000] "POST /api/v1/posts/6682df1484b98acaad8e25a8/like HTTP/1.1" 200 11 "http://localhost:3000/" "Mozilla/5.0 (Windows NT 10.0; Win64; x64) AppleWebKit/537.36 (KHTML, like Gecko) Chrome/126.0.0.0 Safari/537.36 Edg/126.0.0.0"
::1 - - [01/Jul/2024:17:17:21 +0000] "GET /api/v1/posts/6682df1484b98acaad8e25a8 HTTP/1.1" 200 578 "http://localhost:3000/" "Mozilla/5.0 (Windows NT 10.0; Win64; x64) AppleWebKit/537.36 (KHTML, like Gecko) Chrome/126.0.0.0 Safari/537.36 Edg/126.0.0.0"
::1 - - [01/Jul/2024:17:17:21 +0000] "GET /api/v1/posts/6682df1484b98acaad8e25a8 HTTP/1.1" 304 - "http://localhost:3000/" "Mozilla/5.0 (Windows NT 10.0; Win64; x64) AppleWebKit/537.36 (KHTML, like Gecko) Chrome/126.0.0.0 Safari/537.36 Edg/126.0.0.0"
::1 - - [01/Jul/2024:17:17:34 +0000] "GET /api/v1/posts/6682df1484b98acaad8e25a8 HTTP/1.1" 304 - "http://localhost:3000/" "Mozilla/5.0 (Windows NT 10.0; Win64; x64) AppleWebKit/537.36 (KHTML, like Gecko) Chrome/126.0.0.0 Safari/537.36 Edg/126.0.0.0"
::1 - - [01/Jul/2024:17:25:46 +0000] "GET /api/v1/posts/6682df1484b98acaad8e25a8 HTTP/1.1" 304 - "http://localhost:3000/" "Mozilla/5.0 (Windows NT 10.0; Win64; x64) AppleWebKit/537.36 (KHTML, like Gecko) Chrome/126.0.0.0 Safari/537.36 Edg/126.0.0.0"
::1 - - [01/Jul/2024:17:25:49 +0000] "GET /api/v1/posts/6682df1484b98acaad8e25a8 HTTP/1.1" 304 - "http://localhost:3000/" "Mozilla/5.0 (Windows NT 10.0; Win64; x64) AppleWebKit/537.36 (KHTML, like Gecko) Chrome/126.0.0.0 Safari/537.36 Edg/126.0.0.0"
::1 - - [01/Jul/2024:17:26:32 +0000] "GET /api/v1/posts/66816e3c133fed3a579a99ee HTTP/1.1" 404 41 "-" "PostmanRuntime/7.39.0"
::1 - - [01/Jul/2024:17:26:48 +0000] "GET /api/v1/posts/6682df1484b98acaad8e25a8 HTTP/1.1" 200 578 "-" "PostmanRuntime/7.39.0"
::1 - - [01/Jul/2024:17:26:50 +0000] "GET /api/v1/posts/6682df1484b98acaad8e25a8 HTTP/1.1" 304 - "http://localhost:3000/" "Mozilla/5.0 (Windows NT 10.0; Win64; x64) AppleWebKit/537.36 (KHTML, like Gecko) Chrome/126.0.0.0 Safari/537.36 Edg/126.0.0.0"
::1 - - [01/Jul/2024:17:27:27 +0000] "GET /api/v1/posts/6682df1484b98acaad8e25a8 HTTP/1.1" 304 - "http://localhost:3000/" "Mozilla/5.0 (Windows NT 10.0; Win64; x64) AppleWebKit/537.36 (KHTML, like Gecko) Chrome/126.0.0.0 Safari/537.36 Edg/126.0.0.0"
::1 - - [01/Jul/2024:17:27:33 +0000] "GET /api/v1/posts/6682df1484b98acaad8e25a8 HTTP/1.1" 500 146 "-" "PostmanRuntime/7.39.0"
::1 - - [01/Jul/2024:17:27:35 +0000] "GET /api/v1/posts/6682df1484b98acaad8e25a8 HTTP/1.1" 500 146 "-" "PostmanRuntime/7.39.0"
::1 - - [01/Jul/2024:17:27:37 +0000] "GET /api/v1/posts/6682df1484b98acaad8e25a8 HTTP/1.1" 500 146 "http://localhost:3000/" "Mozilla/5.0 (Windows NT 10.0; Win64; x64) AppleWebKit/537.36 (KHTML, like Gecko) Chrome/126.0.0.0 Safari/537.36 Edg/126.0.0.0"
::1 - - [01/Jul/2024:17:27:48 +0000] "GET /api/v1/posts/6682df1484b98acaad8e25a8 HTTP/1.1" 500 146 "http://localhost:3000/" "Mozilla/5.0 (Windows NT 10.0; Win64; x64) AppleWebKit/537.36 (KHTML, like Gecko) Chrome/126.0.0.0 Safari/537.36 Edg/126.0.0.0"
::1 - - [01/Jul/2024:17:28:06 +0000] "GET /api/v1/posts/6682df1484b98acaad8e25a8 HTTP/1.1" 500 146 "http://localhost:3000/" "Mozilla/5.0 (Windows NT 10.0; Win64; x64) AppleWebKit/537.36 (KHTML, like Gecko) Chrome/126.0.0.0 Safari/537.36 Edg/126.0.0.0"
::1 - - [01/Jul/2024:17:28:08 +0000] "GET /api/v1/posts/6682df1484b98acaad8e25a8 HTTP/1.1" 500 146 "-" "PostmanRuntime/7.39.0"
::1 - - [01/Jul/2024:17:28:09 +0000] "GET /api/v1/posts/6682df1484b98acaad8e25a8 HTTP/1.1" 500 146 "-" "PostmanRuntime/7.39.0"
::1 - - [01/Jul/2024:17:28:17 +0000] "GET /api/v1/posts/6682df1484b98acaad8e25a8 HTTP/1.1" 500 146 "http://localhost:3000/" "Mozilla/5.0 (Windows NT 10.0; Win64; x64) AppleWebKit/537.36 (KHTML, like Gecko) Chrome/126.0.0.0 Safari/537.36 Edg/126.0.0.0"
::1 - - [01/Jul/2024:17:28:24 +0000] "GET /api/v1/posts/6682df1484b98acaad8e25a8 HTTP/1.1" 500 142 "-" "PostmanRuntime/7.39.0"
::1 - - [01/Jul/2024:17:28:35 +0000] "GET /api/v1/posts/6682df1484b98acaad8e25a8 HTTP/1.1" 500 146 "-" "PostmanRuntime/7.39.0"
::1 - - [01/Jul/2024:17:28:36 +0000] "GET /api/v1/posts/6682df1484b98acaad8e25a8 HTTP/1.1" 500 146 "-" "PostmanRuntime/7.39.0"
::1 - - [01/Jul/2024:17:28:37 +0000] "GET /api/v1/posts/6682df1484b98acaad8e25a8 HTTP/1.1" 500 146 "-" "PostmanRuntime/7.39.0"
::1 - - [01/Jul/2024:17:28:38 +0000] "GET /api/v1/posts/6682df1484b98acaad8e25a8 HTTP/1.1" 500 146 "-" "PostmanRuntime/7.39.0"
::1 - - [01/Jul/2024:17:28:56 +0000] "GET /api/v1/posts/6682df1484b98acaad8e25a8 HTTP/1.1" 200 578 "-" "PostmanRuntime/7.39.0"
::1 - - [01/Jul/2024:17:29:06 +0000] "GET /api/v1/posts/6682df1484b98acaad8e25a8 HTTP/1.1" 200 578 "-" "PostmanRuntime/7.39.0"
::1 - - [01/Jul/2024:17:29:22 +0000] "GET /api/v1/posts/6682df1484b98acaad8e25a8 HTTP/1.1" 200 578 "http://localhost:3000/" "Mozilla/5.0 (Windows NT 10.0; Win64; x64) AppleWebKit/537.36 (KHTML, like Gecko) Chrome/126.0.0.0 Safari/537.36 Edg/126.0.0.0"
::1 - - [01/Jul/2024:17:29:26 +0000] "GET /api/v1/posts/6682df1484b98acaad8e25a8 HTTP/1.1" 200 685 "-" "PostmanRuntime/7.39.0"
::1 - - [01/Jul/2024:17:29:29 +0000] "GET /api/v1/posts/6682df1484b98acaad8e25a8 HTTP/1.1" 200 685 "http://localhost:3000/" "Mozilla/5.0 (Windows NT 10.0; Win64; x64) AppleWebKit/537.36 (KHTML, like Gecko) Chrome/126.0.0.0 Safari/537.36 Edg/126.0.0.0"
::1 - - [01/Jul/2024:17:29:38 +0000] "GET /api/v1/posts/6682df1484b98acaad8e25a8 HTTP/1.1" 304 - "http://localhost:3000/" "Mozilla/5.0 (Windows NT 10.0; Win64; x64) AppleWebKit/537.36 (KHTML, like Gecko) Chrome/126.0.0.0 Safari/537.36 Edg/126.0.0.0"
::1 - - [01/Jul/2024:17:29:40 +0000] "POST /api/v1/posts/6682df1484b98acaad8e25a8/like HTTP/1.1" 200 11 "http://localhost:3000/" "Mozilla/5.0 (Windows NT 10.0; Win64; x64) AppleWebKit/537.36 (KHTML, like Gecko) Chrome/126.0.0.0 Safari/537.36 Edg/126.0.0.0"
::1 - - [01/Jul/2024:17:29:40 +0000] "GET /api/v1/posts/6682df1484b98acaad8e25a8 HTTP/1.1" 200 659 "http://localhost:3000/" "Mozilla/5.0 (Windows NT 10.0; Win64; x64) AppleWebKit/537.36 (KHTML, like Gecko) Chrome/126.0.0.0 Safari/537.36 Edg/126.0.0.0"
::1 - - [01/Jul/2024:17:29:41 +0000] "POST /api/v1/posts/6682df1484b98acaad8e25a8/like HTTP/1.1" 200 11 "http://localhost:3000/" "Mozilla/5.0 (Windows NT 10.0; Win64; x64) AppleWebKit/537.36 (KHTML, like Gecko) Chrome/126.0.0.0 Safari/537.36 Edg/126.0.0.0"
::1 - - [01/Jul/2024:17:29:41 +0000] "GET /api/v1/posts/6682df1484b98acaad8e25a8 HTTP/1.1" 200 685 "http://localhost:3000/" "Mozilla/5.0 (Windows NT 10.0; Win64; x64) AppleWebKit/537.36 (KHTML, like Gecko) Chrome/126.0.0.0 Safari/537.36 Edg/126.0.0.0"
::1 - - [01/Jul/2024:17:29:43 +0000] "POST /api/v1/posts/6682df1484b98acaad8e25a8/like HTTP/1.1" 200 11 "http://localhost:3000/" "Mozilla/5.0 (Windows NT 10.0; Win64; x64) AppleWebKit/537.36 (KHTML, like Gecko) Chrome/126.0.0.0 Safari/537.36 Edg/126.0.0.0"
::1 - - [01/Jul/2024:17:29:43 +0000] "GET /api/v1/posts/6682df1484b98acaad8e25a8 HTTP/1.1" 200 659 "http://localhost:3000/" "Mozilla/5.0 (Windows NT 10.0; Win64; x64) AppleWebKit/537.36 (KHTML, like Gecko) Chrome/126.0.0.0 Safari/537.36 Edg/126.0.0.0"
::1 - - [01/Jul/2024:17:29:44 +0000] "POST /api/v1/posts/6682df1484b98acaad8e25a8/like HTTP/1.1" 200 11 "http://localhost:3000/" "Mozilla/5.0 (Windows NT 10.0; Win64; x64) AppleWebKit/537.36 (KHTML, like Gecko) Chrome/126.0.0.0 Safari/537.36 Edg/126.0.0.0"
::1 - - [01/Jul/2024:17:29:44 +0000] "GET /api/v1/posts/6682df1484b98acaad8e25a8 HTTP/1.1" 200 685 "http://localhost:3000/" "Mozilla/5.0 (Windows NT 10.0; Win64; x64) AppleWebKit/537.36 (KHTML, like Gecko) Chrome/126.0.0.0 Safari/537.36 Edg/126.0.0.0"
::1 - - [01/Jul/2024:17:31:33 +0000] "GET /api/v1/posts/6682df1484b98acaad8e25a8 HTTP/1.1" 304 - "http://localhost:3000/" "Mozilla/5.0 (Windows NT 10.0; Win64; x64) AppleWebKit/537.36 (KHTML, like Gecko) Chrome/126.0.0.0 Safari/537.36 Edg/126.0.0.0"
::1 - - [01/Jul/2024:17:31:35 +0000] "POST /api/v1/posts/6682df1484b98acaad8e25a8/like HTTP/1.1" 200 11 "http://localhost:3000/" "Mozilla/5.0 (Windows NT 10.0; Win64; x64) AppleWebKit/537.36 (KHTML, like Gecko) Chrome/126.0.0.0 Safari/537.36 Edg/126.0.0.0"
::1 - - [01/Jul/2024:17:31:35 +0000] "GET /api/v1/posts/6682df1484b98acaad8e25a8 HTTP/1.1" 200 659 "http://localhost:3000/" "Mozilla/5.0 (Windows NT 10.0; Win64; x64) AppleWebKit/537.36 (KHTML, like Gecko) Chrome/126.0.0.0 Safari/537.36 Edg/126.0.0.0"
::1 - - [01/Jul/2024:17:31:36 +0000] "POST /api/v1/posts/6682df1484b98acaad8e25a8/like HTTP/1.1" 200 11 "http://localhost:3000/" "Mozilla/5.0 (Windows NT 10.0; Win64; x64) AppleWebKit/537.36 (KHTML, like Gecko) Chrome/126.0.0.0 Safari/537.36 Edg/126.0.0.0"
::1 - - [01/Jul/2024:17:31:36 +0000] "GET /api/v1/posts/6682df1484b98acaad8e25a8 HTTP/1.1" 200 685 "http://localhost:3000/" "Mozilla/5.0 (Windows NT 10.0; Win64; x64) AppleWebKit/537.36 (KHTML, like Gecko) Chrome/126.0.0.0 Safari/537.36 Edg/126.0.0.0"
::1 - - [01/Jul/2024:17:31:37 +0000] "POST /api/v1/posts/6682df1484b98acaad8e25a8/like HTTP/1.1" 200 11 "http://localhost:3000/" "Mozilla/5.0 (Windows NT 10.0; Win64; x64) AppleWebKit/537.36 (KHTML, like Gecko) Chrome/126.0.0.0 Safari/537.36 Edg/126.0.0.0"
::1 - - [01/Jul/2024:17:31:38 +0000] "GET /api/v1/posts/6682df1484b98acaad8e25a8 HTTP/1.1" 200 659 "http://localhost:3000/" "Mozilla/5.0 (Windows NT 10.0; Win64; x64) AppleWebKit/537.36 (KHTML, like Gecko) Chrome/126.0.0.0 Safari/537.36 Edg/126.0.0.0"
::1 - - [01/Jul/2024:17:33:12 +0000] "GET /api/v1/posts/6682df1484b98acaad8e25a8 HTTP/1.1" 304 - "http://localhost:3000/" "Mozilla/5.0 (Windows NT 10.0; Win64; x64) AppleWebKit/537.36 (KHTML, like Gecko) Chrome/126.0.0.0 Safari/537.36 Edg/126.0.0.0"
::1 - - [01/Jul/2024:17:33:24 +0000] "GET /api/v1/posts/6682df1484b98acaad8e25a8 HTTP/1.1" 304 - "http://localhost:3000/" "Mozilla/5.0 (Windows NT 10.0; Win64; x64) AppleWebKit/537.36 (KHTML, like Gecko) Chrome/126.0.0.0 Safari/537.36 Edg/126.0.0.0"
::1 - - [01/Jul/2024:17:34:21 +0000] "GET /api/v1/posts/6682df1484b98acaad8e25a8 HTTP/1.1" 200 682 "http://localhost:3000/" "Mozilla/5.0 (Windows NT 10.0; Win64; x64) AppleWebKit/537.36 (KHTML, like Gecko) Chrome/126.0.0.0 Safari/537.36 Edg/126.0.0.0"
::1 - - [01/Jul/2024:17:39:16 +0000] "GET /api/v1/posts/6682df1484b98acaad8e25a8 HTTP/1.1" 304 - "http://localhost:3000/" "Mozilla/5.0 (Windows NT 10.0; Win64; x64) AppleWebKit/537.36 (KHTML, like Gecko) Chrome/126.0.0.0 Safari/537.36 Edg/126.0.0.0"
::1 - - [01/Jul/2024:17:40:26 +0000] "GET /api/v1/posts/6682df1484b98acaad8e25a8 HTTP/1.1" 304 - "http://localhost:3000/" "Mozilla/5.0 (Windows NT 10.0; Win64; x64) AppleWebKit/537.36 (KHTML, like Gecko) Chrome/126.0.0.0 Safari/537.36 Edg/126.0.0.0"
::1 - - [01/Jul/2024:17:40:31 +0000] "GET /api/v1/posts/6682df1484b98acaad8e25a8 HTTP/1.1" 304 - "http://localhost:3000/" "Mozilla/5.0 (Windows NT 10.0; Win64; x64) AppleWebKit/537.36 (KHTML, like Gecko) Chrome/126.0.0.0 Safari/537.36 Edg/126.0.0.0"
::1 - - [01/Jul/2024:17:40:34 +0000] "GET /api/v1/posts/6682df1484b98acaad8e25a8 HTTP/1.1" 304 - "http://localhost:3000/" "Mozilla/5.0 (Windows NT 10.0; Win64; x64) AppleWebKit/537.36 (KHTML, like Gecko) Chrome/126.0.0.0 Safari/537.36 Edg/126.0.0.0"
::1 - - [01/Jul/2024:17:40:50 +0000] "GET /api/v1/posts/6682df1484b98acaad8e25a8 HTTP/1.1" 304 - "http://localhost:3000/" "Mozilla/5.0 (Windows NT 10.0; Win64; x64) AppleWebKit/537.36 (KHTML, like Gecko) Chrome/126.0.0.0 Safari/537.36 Edg/126.0.0.0"
::1 - - [01/Jul/2024:17:40:58 +0000] "GET /api/v1/posts/6682df1484b98acaad8e25a8 HTTP/1.1" 304 - "http://localhost:3000/" "Mozilla/5.0 (Windows NT 10.0; Win64; x64) AppleWebKit/537.36 (KHTML, like Gecko) Chrome/126.0.0.0 Safari/537.36 Edg/126.0.0.0"
::1 - - [01/Jul/2024:17:42:41 +0000] "GET /api/v1/posts/6682df1484b98acaad8e25a8 HTTP/1.1" 304 - "http://localhost:3000/" "Mozilla/5.0 (Windows NT 10.0; Win64; x64) AppleWebKit/537.36 (KHTML, like Gecko) Chrome/126.0.0.0 Safari/537.36 Edg/126.0.0.0"
::1 - - [01/Jul/2024:17:42:42 +0000] "GET /api/v1/posts/6682df1484b98acaad8e25a8 HTTP/1.1" 304 - "http://localhost:3000/" "Mozilla/5.0 (Windows NT 10.0; Win64; x64) AppleWebKit/537.36 (KHTML, like Gecko) Chrome/126.0.0.0 Safari/537.36 Edg/126.0.0.0"
::1 - - [01/Jul/2024:17:42:43 +0000] "POST /api/v1/posts/[object%20Object]/share HTTP/1.1" 500 129 "http://localhost:3000/" "Mozilla/5.0 (Windows NT 10.0; Win64; x64) AppleWebKit/537.36 (KHTML, like Gecko) Chrome/126.0.0.0 Safari/537.36 Edg/126.0.0.0"
::1 - - [01/Jul/2024:17:43:33 +0000] "GET /api/v1/posts/6682df1484b98acaad8e25a8 HTTP/1.1" 304 - "http://localhost:3000/" "Mozilla/5.0 (Windows NT 10.0; Win64; x64) AppleWebKit/537.36 (KHTML, like Gecko) Chrome/126.0.0.0 Safari/537.36 Edg/126.0.0.0"
::1 - - [01/Jul/2024:17:43:35 +0000] "POST /api/v1/posts/undefined/share HTTP/1.1" 500 123 "http://localhost:3000/" "Mozilla/5.0 (Windows NT 10.0; Win64; x64) AppleWebKit/537.36 (KHTML, like Gecko) Chrome/126.0.0.0 Safari/537.36 Edg/126.0.0.0"
::1 - - [01/Jul/2024:17:43:37 +0000] "GET /api/v1/posts/6682df1484b98acaad8e25a8 HTTP/1.1" 304 - "http://localhost:3000/" "Mozilla/5.0 (Windows NT 10.0; Win64; x64) AppleWebKit/537.36 (KHTML, like Gecko) Chrome/126.0.0.0 Safari/537.36 Edg/126.0.0.0"
::1 - - [01/Jul/2024:17:43:43 +0000] "GET /api/v1/posts/6682df1484b98acaad8e25a8 HTTP/1.1" 304 - "http://localhost:3000/" "Mozilla/5.0 (Windows NT 10.0; Win64; x64) AppleWebKit/537.36 (KHTML, like Gecko) Chrome/126.0.0.0 Safari/537.36 Edg/126.0.0.0"
::1 - - [01/Jul/2024:17:43:45 +0000] "POST /api/v1/posts/6682df1484b98acaad8e25a8/share HTTP/1.1" 200 23 "http://localhost:3000/" "Mozilla/5.0 (Windows NT 10.0; Win64; x64) AppleWebKit/537.36 (KHTML, like Gecko) Chrome/126.0.0.0 Safari/537.36 Edg/126.0.0.0"
::1 - - [01/Jul/2024:17:43:45 +0000] "GET /api/v1/posts/6682df1484b98acaad8e25a8 HTTP/1.1" 200 682 "http://localhost:3000/" "Mozilla/5.0 (Windows NT 10.0; Win64; x64) AppleWebKit/537.36 (KHTML, like Gecko) Chrome/126.0.0.0 Safari/537.36 Edg/126.0.0.0"
::1 - - [01/Jul/2024:17:43:49 +0000] "POST /api/v1/posts/6682df1484b98acaad8e25a8/share HTTP/1.1" 200 23 "http://localhost:3000/" "Mozilla/5.0 (Windows NT 10.0; Win64; x64) AppleWebKit/537.36 (KHTML, like Gecko) Chrome/126.0.0.0 Safari/537.36 Edg/126.0.0.0"
::1 - - [01/Jul/2024:17:43:49 +0000] "GET /api/v1/posts/6682df1484b98acaad8e25a8 HTTP/1.1" 200 682 "http://localhost:3000/" "Mozilla/5.0 (Windows NT 10.0; Win64; x64) AppleWebKit/537.36 (KHTML, like Gecko) Chrome/126.0.0.0 Safari/537.36 Edg/126.0.0.0"
::1 - - [01/Jul/2024:17:44:59 +0000] "GET /api/v1/posts/6682df1484b98acaad8e25a8 HTTP/1.1" 304 - "http://localhost:3000/" "Mozilla/5.0 (Windows NT 10.0; Win64; x64) AppleWebKit/537.36 (KHTML, like Gecko) Chrome/126.0.0.0 Safari/537.36 Edg/126.0.0.0"
::1 - - [01/Jul/2024:17:45:39 +0000] "GET /api/v1/posts/6682df1484b98acaad8e25a8 HTTP/1.1" 304 - "http://localhost:3000/" "Mozilla/5.0 (Windows NT 10.0; Win64; x64) AppleWebKit/537.36 (KHTML, like Gecko) Chrome/126.0.0.0 Safari/537.36 Edg/126.0.0.0"
::1 - - [01/Jul/2024:17:50:36 +0000] "GET /api/v1/posts/6682df1484b98acaad8e25a8 HTTP/1.1" 304 - "http://localhost:3000/" "Mozilla/5.0 (Windows NT 10.0; Win64; x64) AppleWebKit/537.36 (KHTML, like Gecko) Chrome/126.0.0.0 Safari/537.36 Edg/126.0.0.0"
::1 - - [01/Jul/2024:17:56:37 +0000] "GET /api/v1/posts/6682df1484b98acaad8e25a8 HTTP/1.1" 304 - "http://localhost:3000/" "Mozilla/5.0 (Windows NT 10.0; Win64; x64) AppleWebKit/537.36 (KHTML, like Gecko) Chrome/126.0.0.0 Safari/537.36 Edg/126.0.0.0"
::1 - - [01/Jul/2024:17:56:53 +0000] "GET /api/v1/posts/6682df1484b98acaad8e25a8 HTTP/1.1" 304 - "http://localhost:3000/" "Mozilla/5.0 (Windows NT 10.0; Win64; x64) AppleWebKit/537.36 (KHTML, like Gecko) Chrome/126.0.0.0 Safari/537.36 Edg/126.0.0.0"
::1 - - [01/Jul/2024:17:57:22 +0000] "GET /api/v1/posts/6682df1484b98acaad8e25a8 HTTP/1.1" 304 - "http://localhost:3000/" "Mozilla/5.0 (Windows NT 10.0; Win64; x64) AppleWebKit/537.36 (KHTML, like Gecko) Chrome/126.0.0.0 Safari/537.36 Edg/126.0.0.0"
::1 - - [01/Jul/2024:17:57:37 +0000] "GET /api/v1/posts/6682df1484b98acaad8e25a8 HTTP/1.1" 304 - "http://localhost:3000/" "Mozilla/5.0 (Windows NT 10.0; Win64; x64) AppleWebKit/537.36 (KHTML, like Gecko) Chrome/126.0.0.0 Safari/537.36 Edg/126.0.0.0"
::1 - - [01/Jul/2024:17:57:49 +0000] "GET /api/v1/posts/6682df1484b98acaad8e25a8 HTTP/1.1" 304 - "http://localhost:3000/" "Mozilla/5.0 (Windows NT 10.0; Win64; x64) AppleWebKit/537.36 (KHTML, like Gecko) Chrome/126.0.0.0 Safari/537.36 Edg/126.0.0.0"
::1 - - [01/Jul/2024:17:58:44 +0000] "GET /api/v1/posts/6682df1484b98acaad8e25a8 HTTP/1.1" 304 - "http://localhost:3000/" "Mozilla/5.0 (Windows NT 10.0; Win64; x64) AppleWebKit/537.36 (KHTML, like Gecko) Chrome/126.0.0.0 Safari/537.36 Edg/126.0.0.0"
::1 - - [01/Jul/2024:17:59:11 +0000] "GET /api/v1/posts/6682df1484b98acaad8e25a8 HTTP/1.1" 304 - "http://localhost:3000/" "Mozilla/5.0 (Windows NT 10.0; Win64; x64) AppleWebKit/537.36 (KHTML, like Gecko) Chrome/126.0.0.0 Safari/537.36 Edg/126.0.0.0"
::1 - - [01/Jul/2024:17:59:13 +0000] "GET /api/v1/posts/6682df1484b98acaad8e25a8 HTTP/1.1" 304 - "http://localhost:3000/" "Mozilla/5.0 (Windows NT 10.0; Win64; x64) AppleWebKit/537.36 (KHTML, like Gecko) Chrome/126.0.0.0 Safari/537.36 Edg/126.0.0.0"
::1 - - [01/Jul/2024:17:59:23 +0000] "GET /api/v1/posts/6682df1484b98acaad8e25a8 HTTP/1.1" 304 - "http://localhost:3000/" "Mozilla/5.0 (Windows NT 10.0; Win64; x64) AppleWebKit/537.36 (KHTML, like Gecko) Chrome/126.0.0.0 Safari/537.36 Edg/126.0.0.0"
::1 - - [01/Jul/2024:17:59:51 +0000] "GET /api/v1/posts/6682df1484b98acaad8e25a8 HTTP/1.1" 304 - "http://localhost:3000/" "Mozilla/5.0 (Windows NT 10.0; Win64; x64) AppleWebKit/537.36 (KHTML, like Gecko) Chrome/126.0.0.0 Safari/537.36 Edg/126.0.0.0"
::1 - - [01/Jul/2024:18:00:01 +0000] "GET /api/v1/posts/6682df1484b98acaad8e25a8 HTTP/1.1" 304 - "http://localhost:3000/" "Mozilla/5.0 (Windows NT 10.0; Win64; x64) AppleWebKit/537.36 (KHTML, like Gecko) Chrome/126.0.0.0 Safari/537.36 Edg/126.0.0.0"
::1 - - [01/Jul/2024:18:00:27 +0000] "GET /api/v1/posts/6682df1484b98acaad8e25a8 HTTP/1.1" 304 - "http://localhost:3000/" "Mozilla/5.0 (Windows NT 10.0; Win64; x64) AppleWebKit/537.36 (KHTML, like Gecko) Chrome/126.0.0.0 Safari/537.36 Edg/126.0.0.0"
::1 - - [01/Jul/2024:18:00:36 +0000] "GET /api/v1/posts/6682df1484b98acaad8e25a8 HTTP/1.1" 304 - "http://localhost:3000/" "Mozilla/5.0 (Windows NT 10.0; Win64; x64) AppleWebKit/537.36 (KHTML, like Gecko) Chrome/126.0.0.0 Safari/537.36 Edg/126.0.0.0"
::1 - - [01/Jul/2024:18:00:49 +0000] "GET /api/v1/posts/6682df1484b98acaad8e25a8 HTTP/1.1" 304 - "http://localhost:3000/" "Mozilla/5.0 (Windows NT 10.0; Win64; x64) AppleWebKit/537.36 (KHTML, like Gecko) Chrome/126.0.0.0 Safari/537.36 Edg/126.0.0.0"
::1 - - [01/Jul/2024:18:00:57 +0000] "GET /api/v1/posts/6682df1484b98acaad8e25a8 HTTP/1.1" 304 - "http://localhost:3000/" "Mozilla/5.0 (Windows NT 10.0; Win64; x64) AppleWebKit/537.36 (KHTML, like Gecko) Chrome/126.0.0.0 Safari/537.36 Edg/126.0.0.0"
::1 - - [01/Jul/2024:18:01:08 +0000] "GET /api/v1/posts/6682df1484b98acaad8e25a8 HTTP/1.1" 304 - "http://localhost:3000/" "Mozilla/5.0 (Windows NT 10.0; Win64; x64) AppleWebKit/537.36 (KHTML, like Gecko) Chrome/126.0.0.0 Safari/537.36 Edg/126.0.0.0"
::1 - - [01/Jul/2024:18:01:21 +0000] "GET /api/v1/posts/6682df1484b98acaad8e25a8 HTTP/1.1" 304 - "http://localhost:3000/" "Mozilla/5.0 (Windows NT 10.0; Win64; x64) AppleWebKit/537.36 (KHTML, like Gecko) Chrome/126.0.0.0 Safari/537.36 Edg/126.0.0.0"
::1 - - [01/Jul/2024:18:03:10 +0000] "GET /api/v1/posts/6682df1484b98acaad8e25a8 HTTP/1.1" 304 - "http://localhost:3000/" "Mozilla/5.0 (Windows NT 10.0; Win64; x64) AppleWebKit/537.36 (KHTML, like Gecko) Chrome/126.0.0.0 Safari/537.36 Edg/126.0.0.0"
::1 - - [01/Jul/2024:18:04:31 +0000] "GET /api/v1/posts/6682df1484b98acaad8e25a8 HTTP/1.1" 304 - "http://localhost:3000/" "Mozilla/5.0 (Windows NT 10.0; Win64; x64) AppleWebKit/537.36 (KHTML, like Gecko) Chrome/126.0.0.0 Safari/537.36 Edg/126.0.0.0"
::1 - - [01/Jul/2024:18:04:46 +0000] "GET /api/v1/posts/6682df1484b98acaad8e25a8 HTTP/1.1" 304 - "http://localhost:3000/" "Mozilla/5.0 (Windows NT 10.0; Win64; x64) AppleWebKit/537.36 (KHTML, like Gecko) Chrome/126.0.0.0 Safari/537.36 Edg/126.0.0.0"
::1 - - [01/Jul/2024:18:05:02 +0000] "GET /api/v1/posts/6682df1484b98acaad8e25a8 HTTP/1.1" 304 - "http://localhost:3000/" "Mozilla/5.0 (Windows NT 10.0; Win64; x64) AppleWebKit/537.36 (KHTML, like Gecko) Chrome/126.0.0.0 Safari/537.36 Edg/126.0.0.0"
::1 - - [01/Jul/2024:18:05:05 +0000] "GET /api/v1/posts/6682df1484b98acaad8e25a8 HTTP/1.1" 304 - "http://localhost:3000/" "Mozilla/5.0 (Windows NT 10.0; Win64; x64) AppleWebKit/537.36 (KHTML, like Gecko) Chrome/126.0.0.0 Safari/537.36 Edg/126.0.0.0"
::1 - - [01/Jul/2024:18:05:36 +0000] "GET /api/v1/posts/6682df1484b98acaad8e25a8 HTTP/1.1" 304 - "http://localhost:3000/" "Mozilla/5.0 (Windows NT 10.0; Win64; x64) AppleWebKit/537.36 (KHTML, like Gecko) Chrome/126.0.0.0 Safari/537.36 Edg/126.0.0.0"
::1 - - [01/Jul/2024:18:05:37 +0000] "GET /api/v1/posts/6682df1484b98acaad8e25a8 HTTP/1.1" 304 - "http://localhost:3000/" "Mozilla/5.0 (Windows NT 10.0; Win64; x64) AppleWebKit/537.36 (KHTML, like Gecko) Chrome/126.0.0.0 Safari/537.36 Edg/126.0.0.0"
::1 - - [01/Jul/2024:18:05:54 +0000] "GET /api/v1/posts/6682df1484b98acaad8e25a8 HTTP/1.1" 304 - "http://localhost:3000/" "Mozilla/5.0 (Windows NT 10.0; Win64; x64) AppleWebKit/537.36 (KHTML, like Gecko) Chrome/126.0.0.0 Safari/537.36 Edg/126.0.0.0"
::1 - - [01/Jul/2024:18:06:06 +0000] "GET /api/v1/posts/6682df1484b98acaad8e25a8 HTTP/1.1" 304 - "http://localhost:3000/" "Mozilla/5.0 (Windows NT 10.0; Win64; x64) AppleWebKit/537.36 (KHTML, like Gecko) Chrome/126.0.0.0 Safari/537.36 Edg/126.0.0.0"
::1 - - [01/Jul/2024:18:06:08 +0000] "GET /api/v1/posts/6682df1484b98acaad8e25a8 HTTP/1.1" 304 - "http://localhost:3000/" "Mozilla/5.0 (Windows NT 10.0; Win64; x64) AppleWebKit/537.36 (KHTML, like Gecko) Chrome/126.0.0.0 Safari/537.36 Edg/126.0.0.0"
::1 - - [01/Jul/2024:18:06:17 +0000] "GET /api/v1/posts/6682df1484b98acaad8e25a8 HTTP/1.1" 304 - "http://localhost:3000/" "Mozilla/5.0 (Windows NT 10.0; Win64; x64) AppleWebKit/537.36 (KHTML, like Gecko) Chrome/126.0.0.0 Safari/537.36 Edg/126.0.0.0"
::1 - - [01/Jul/2024:18:06:24 +0000] "GET /api/v1/posts/6682df1484b98acaad8e25a8 HTTP/1.1" 304 - "http://localhost:3000/" "Mozilla/5.0 (Windows NT 10.0; Win64; x64) AppleWebKit/537.36 (KHTML, like Gecko) Chrome/126.0.0.0 Safari/537.36 Edg/126.0.0.0"
::1 - - [01/Jul/2024:18:07:22 +0000] "GET /api/v1/posts/6682df1484b98acaad8e25a8 HTTP/1.1" 304 - "http://localhost:3000/" "Mozilla/5.0 (Windows NT 10.0; Win64; x64) AppleWebKit/537.36 (KHTML, like Gecko) Chrome/126.0.0.0 Safari/537.36 Edg/126.0.0.0"
::1 - - [01/Jul/2024:18:07:45 +0000] "GET /api/v1/posts/6682df1484b98acaad8e25a8 HTTP/1.1" 304 - "http://localhost:3000/" "Mozilla/5.0 (Windows NT 10.0; Win64; x64) AppleWebKit/537.36 (KHTML, like Gecko) Chrome/126.0.0.0 Safari/537.36 Edg/126.0.0.0"
::1 - - [01/Jul/2024:18:07:58 +0000] "GET /api/v1/posts/6682df1484b98acaad8e25a8 HTTP/1.1" 304 - "http://localhost:3000/" "Mozilla/5.0 (Windows NT 10.0; Win64; x64) AppleWebKit/537.36 (KHTML, like Gecko) Chrome/126.0.0.0 Safari/537.36 Edg/126.0.0.0"
::1 - - [01/Jul/2024:18:08:26 +0000] "GET /api/v1/posts/6682df1484b98acaad8e25a8 HTTP/1.1" 304 - "http://localhost:3000/" "Mozilla/5.0 (Windows NT 10.0; Win64; x64) AppleWebKit/537.36 (KHTML, like Gecko) Chrome/126.0.0.0 Safari/537.36 Edg/126.0.0.0"
::1 - - [01/Jul/2024:18:08:31 +0000] "GET /api/v1/posts/6682df1484b98acaad8e25a8 HTTP/1.1" 304 - "http://localhost:3000/" "Mozilla/5.0 (Windows NT 10.0; Win64; x64) AppleWebKit/537.36 (KHTML, like Gecko) Chrome/126.0.0.0 Safari/537.36 Edg/126.0.0.0"
::1 - - [01/Jul/2024:18:08:42 +0000] "GET /api/v1/posts/6682df1484b98acaad8e25a8 HTTP/1.1" 304 - "http://localhost:3000/" "Mozilla/5.0 (Windows NT 10.0; Win64; x64) AppleWebKit/537.36 (KHTML, like Gecko) Chrome/126.0.0.0 Safari/537.36 Edg/126.0.0.0"
::1 - - [01/Jul/2024:18:08:56 +0000] "GET /api/v1/posts/6682df1484b98acaad8e25a8 HTTP/1.1" 304 - "http://localhost:3000/" "Mozilla/5.0 (Windows NT 10.0; Win64; x64) AppleWebKit/537.36 (KHTML, like Gecko) Chrome/126.0.0.0 Safari/537.36 Edg/126.0.0.0"
::1 - - [01/Jul/2024:18:36:58 +0000] "GET /api/v1/posts/6682df1484b98acaad8e25a8 HTTP/1.1" 304 - "http://localhost:3000/" "Mozilla/5.0 (Windows NT 10.0; Win64; x64) AppleWebKit/537.36 (KHTML, like Gecko) Chrome/126.0.0.0 Safari/537.36 Edg/126.0.0.0"
::1 - - [01/Jul/2024:18:37:01 +0000] "POST /api/v1/posts/6682df1484b98acaad8e25a8/like HTTP/1.1" 200 11 "http://localhost:3000/" "Mozilla/5.0 (Windows NT 10.0; Win64; x64) AppleWebKit/537.36 (KHTML, like Gecko) Chrome/126.0.0.0 Safari/537.36 Edg/126.0.0.0"
::1 - - [01/Jul/2024:18:37:01 +0000] "GET /api/v1/posts/6682df1484b98acaad8e25a8 HTTP/1.1" 200 708 "http://localhost:3000/" "Mozilla/5.0 (Windows NT 10.0; Win64; x64) AppleWebKit/537.36 (KHTML, like Gecko) Chrome/126.0.0.0 Safari/537.36 Edg/126.0.0.0"
::1 - - [01/Jul/2024:18:37:02 +0000] "POST /api/v1/posts/6682df1484b98acaad8e25a8/like HTTP/1.1" 200 11 "http://localhost:3000/" "Mozilla/5.0 (Windows NT 10.0; Win64; x64) AppleWebKit/537.36 (KHTML, like Gecko) Chrome/126.0.0.0 Safari/537.36 Edg/126.0.0.0"
::1 - - [01/Jul/2024:18:37:02 +0000] "GET /api/v1/posts/6682df1484b98acaad8e25a8 HTTP/1.1" 200 682 "http://localhost:3000/" "Mozilla/5.0 (Windows NT 10.0; Win64; x64) AppleWebKit/537.36 (KHTML, like Gecko) Chrome/126.0.0.0 Safari/537.36 Edg/126.0.0.0"
::ffff:127.0.0.1 - - [01/Jul/2024:18:38:01 +0000] "GET /api/v1/posts/6682df1484b98acaad8e25a8 HTTP/1.1" 200 682 "http://localhost:3000/" "Mozilla/5.0 (Windows NT 10.0; Win64; x64; rv:127.0) Gecko/20100101 Firefox/127.0"
::ffff:127.0.0.1 - - [01/Jul/2024:18:38:42 +0000] "POST /api/v1/users/register HTTP/1.1" 200 546 "http://localhost:3000/" "Mozilla/5.0 (Windows NT 10.0; Win64; x64; rv:127.0) Gecko/20100101 Firefox/127.0"
::ffff:127.0.0.1 - - [01/Jul/2024:18:38:46 +0000] "GET /api/v1/posts HTTP/1.1" 200 554 "http://localhost:3000/" "Mozilla/5.0 (Windows NT 10.0; Win64; x64; rv:127.0) Gecko/20100101 Firefox/127.0"
::ffff:127.0.0.1 - - [01/Jul/2024:18:38:52 +0000] "GET /api/v1/posts/6682df1484b98acaad8e25a8 HTTP/1.1" 304 - "http://localhost:3000/" "Mozilla/5.0 (Windows NT 10.0; Win64; x64; rv:127.0) Gecko/20100101 Firefox/127.0"
::ffff:127.0.0.1 - - [01/Jul/2024:18:38:56 +0000] "GET /api/v1/posts HTTP/1.1" 304 - "http://localhost:3000/" "Mozilla/5.0 (Windows NT 10.0; Win64; x64; rv:127.0) Gecko/20100101 Firefox/127.0"
::ffff:127.0.0.1 - - [01/Jul/2024:18:39:04 +0000] "GET /api/v1/posts HTTP/1.1" 304 - "http://localhost:3000/" "Mozilla/5.0 (Windows NT 10.0; Win64; x64; rv:127.0) Gecko/20100101 Firefox/127.0"
::ffff:127.0.0.1 - - [01/Jul/2024:18:39:08 +0000] "GET /api/v1/posts/6682df1484b98acaad8e25a8 HTTP/1.1" 304 - "http://localhost:3000/" "Mozilla/5.0 (Windows NT 10.0; Win64; x64; rv:127.0) Gecko/20100101 Firefox/127.0"
::ffff:127.0.0.1 - - [01/Jul/2024:18:39:16 +0000] "POST /api/v1/posts/6682df1484b98acaad8e25a8/comments HTTP/1.1" 200 175 "http://localhost:3000/" "Mozilla/5.0 (Windows NT 10.0; Win64; x64; rv:127.0) Gecko/20100101 Firefox/127.0"
::ffff:127.0.0.1 - - [01/Jul/2024:18:39:16 +0000] "GET /api/v1/posts/6682df1484b98acaad8e25a8 HTTP/1.1" 200 965 "http://localhost:3000/" "Mozilla/5.0 (Windows NT 10.0; Win64; x64; rv:127.0) Gecko/20100101 Firefox/127.0"
::1 - - [01/Jul/2024:18:39:19 +0000] "GET /api/v1/posts/6682df1484b98acaad8e25a8 HTTP/1.1" 200 965 "http://localhost:3000/" "Mozilla/5.0 (Windows NT 10.0; Win64; x64) AppleWebKit/537.36 (KHTML, like Gecko) Chrome/126.0.0.0 Safari/537.36 Edg/126.0.0.0"
::ffff:127.0.0.1 - - [01/Jul/2024:18:39:29 +0000] "GET /api/v1/posts/6682df1484b98acaad8e25a8 HTTP/1.1" 304 - "http://localhost:3000/" "Mozilla/5.0 (Windows NT 10.0; Win64; x64; rv:127.0) Gecko/20100101 Firefox/127.0"
::ffff:127.0.0.1 - - [01/Jul/2024:18:39:31 +0000] "GET /api/v1/posts HTTP/1.1" 200 837 "http://localhost:3000/" "Mozilla/5.0 (Windows NT 10.0; Win64; x64; rv:127.0) Gecko/20100101 Firefox/127.0"
::ffff:127.0.0.1 - - [01/Jul/2024:18:40:13 +0000] "GET /api/v1/posts HTTP/1.1" 304 - "http://localhost:3000/" "Mozilla/5.0 (Windows NT 10.0; Win64; x64; rv:127.0) Gecko/20100101 Firefox/127.0"
::ffff:127.0.0.1 - - [01/Jul/2024:18:40:15 +0000] "GET /api/v1/posts HTTP/1.1" 304 - "http://localhost:3000/" "Mozilla/5.0 (Windows NT 10.0; Win64; x64; rv:127.0) Gecko/20100101 Firefox/127.0"
::ffff:127.0.0.1 - - [01/Jul/2024:18:40:21 +0000] "GET /api/v1/posts HTTP/1.1" 304 - "http://localhost:3000/" "Mozilla/5.0 (Windows NT 10.0; Win64; x64; rv:127.0) Gecko/20100101 Firefox/127.0"
::1 - - [01/Jul/2024:18:41:00 +0000] "GET /api/v1/posts/6682df1484b98acaad8e25a8 HTTP/1.1" 304 - "http://localhost:3000/" "Mozilla/5.0 (Windows NT 10.0; Win64; x64) AppleWebKit/537.36 (KHTML, like Gecko) Chrome/126.0.0.0 Safari/537.36 Edg/126.0.0.0"
::1 - - [01/Jul/2024:18:41:34 +0000] "GET /api/v1/posts/6682df1484b98acaad8e25a8 HTTP/1.1" 304 - "http://localhost:3000/" "Mozilla/5.0 (Windows NT 10.0; Win64; x64) AppleWebKit/537.36 (KHTML, like Gecko) Chrome/126.0.0.0 Safari/537.36 Edg/126.0.0.0"
::ffff:127.0.0.1 - - [01/Jul/2024:18:41:35 +0000] "GET /api/v1/posts/6682f7b1fbeb2e1e66d45532 HTTP/1.1" 404 41 "http://localhost:3000/" "Mozilla/5.0 (Windows NT 10.0; Win64; x64; rv:127.0) Gecko/20100101 Firefox/127.0"
::1 - - [01/Jul/2024:18:41:38 +0000] "GET /api/v1/posts/66803a4d9c83fb2cc966f9c7 HTTP/1.1" 404 41 "http://localhost:3000/" "Mozilla/5.0 (Windows NT 10.0; Win64; x64) AppleWebKit/537.36 (KHTML, like Gecko) Chrome/126.0.0.0 Safari/537.36 Edg/126.0.0.0"
::ffff:127.0.0.1 - - [01/Jul/2024:18:41:40 +0000] "GET /api/v1/posts/6682f7b1fbeb2e1e66d45532 HTTP/1.1" 404 41 "http://localhost:3000/" "Mozilla/5.0 (Windows NT 10.0; Win64; x64; rv:127.0) Gecko/20100101 Firefox/127.0"
::1 - - [01/Jul/2024:18:41:44 +0000] "GET /api/v1/posts/66803a4d9c83fb2cc966f9c7 HTTP/1.1" 404 41 "http://localhost:3000/" "Mozilla/5.0 (Windows NT 10.0; Win64; x64) AppleWebKit/537.36 (KHTML, like Gecko) Chrome/126.0.0.0 Safari/537.36 Edg/126.0.0.0"
::ffff:127.0.0.1 - - [01/Jul/2024:18:41:45 +0000] "GET /api/v1/posts/6682f7b1fbeb2e1e66d45532 HTTP/1.1" 404 41 "http://localhost:3000/" "Mozilla/5.0 (Windows NT 10.0; Win64; x64; rv:127.0) Gecko/20100101 Firefox/127.0"
::ffff:127.0.0.1 - - [01/Jul/2024:18:42:02 +0000] "GET /api/v1/posts/6682f7b1fbeb2e1e66d45532 HTTP/1.1" 404 41 "http://localhost:3000/" "Mozilla/5.0 (Windows NT 10.0; Win64; x64; rv:127.0) Gecko/20100101 Firefox/127.0"
::ffff:127.0.0.1 - - [01/Jul/2024:18:42:04 +0000] "GET /api/v1/posts/6682f7b1fbeb2e1e66d45532 HTTP/1.1" 404 41 "http://localhost:3000/" "Mozilla/5.0 (Windows NT 10.0; Win64; x64; rv:127.0) Gecko/20100101 Firefox/127.0"
::ffff:127.0.0.1 - - [01/Jul/2024:18:42:07 +0000] "GET /api/v1/posts/6682f7b1fbeb2e1e66d45532 HTTP/1.1" 404 41 "http://localhost:3000/" "Mozilla/5.0 (Windows NT 10.0; Win64; x64; rv:127.0) Gecko/20100101 Firefox/127.0"
::ffff:127.0.0.1 - - [01/Jul/2024:18:42:09 +0000] "GET /api/v1/posts/6682f7b1fbeb2e1e66d45532 HTTP/1.1" 404 41 "http://localhost:3000/" "Mozilla/5.0 (Windows NT 10.0; Win64; x64; rv:127.0) Gecko/20100101 Firefox/127.0"
::ffff:127.0.0.1 - - [01/Jul/2024:18:42:20 +0000] "GET /api/v1/posts/6682f7b1fbeb2e1e66d45532 HTTP/1.1" 404 41 "http://localhost:3000/" "Mozilla/5.0 (Windows NT 10.0; Win64; x64; rv:127.0) Gecko/20100101 Firefox/127.0"
::ffff:127.0.0.1 - - [01/Jul/2024:18:42:27 +0000] "GET /api/v1/posts/6682f7b1fbeb2e1e66d45532 HTTP/1.1" 404 41 "http://localhost:3000/" "Mozilla/5.0 (Windows NT 10.0; Win64; x64; rv:127.0) Gecko/20100101 Firefox/127.0"
::ffff:127.0.0.1 - - [01/Jul/2024:18:42:37 +0000] "GET /api/v1/posts/6682f7b1fbeb2e1e66d45532 HTTP/1.1" 404 41 "http://localhost:3000/" "Mozilla/5.0 (Windows NT 10.0; Win64; x64; rv:127.0) Gecko/20100101 Firefox/127.0"
::1 - - [01/Jul/2024:18:42:49 +0000] "GET /api/v1/users HTTP/1.1" 200 969 "-" "PostmanRuntime/7.39.0"
::1 - - [01/Jul/2024:18:42:56 +0000] "GET /api/v1/users/66803a4d9c83fb2cc966f9c7 HTTP/1.1" 200 439 "-" "PostmanRuntime/7.39.0"
::ffff:127.0.0.1 - - [01/Jul/2024:18:43:35 +0000] "GET /api/v1/posts/6682f7b1fbeb2e1e66d45532 HTTP/1.1" 404 41 "http://localhost:3000/" "Mozilla/5.0 (Windows NT 10.0; Win64; x64; rv:127.0) Gecko/20100101 Firefox/127.0"
::1 - - [01/Jul/2024:18:43:35 +0000] "GET /api/v1/posts/66803a4d9c83fb2cc966f9c7 HTTP/1.1" 404 41 "http://localhost:3000/" "Mozilla/5.0 (Windows NT 10.0; Win64; x64) AppleWebKit/537.36 (KHTML, like Gecko) Chrome/126.0.0.0 Safari/537.36 Edg/126.0.0.0"
::ffff:127.0.0.1 - - [01/Jul/2024:18:43:41 +0000] "GET /api/v1/posts/6682f7b1fbeb2e1e66d45532 HTTP/1.1" 404 41 "http://localhost:3000/" "Mozilla/5.0 (Windows NT 10.0; Win64; x64; rv:127.0) Gecko/20100101 Firefox/127.0"
::1 - - [01/Jul/2024:18:43:42 +0000] "GET /api/v1/posts/66803a4d9c83fb2cc966f9c7 HTTP/1.1" 404 41 "http://localhost:3000/" "Mozilla/5.0 (Windows NT 10.0; Win64; x64) AppleWebKit/537.36 (KHTML, like Gecko) Chrome/126.0.0.0 Safari/537.36 Edg/126.0.0.0"
::1 - - [01/Jul/2024:18:43:50 +0000] "GET /api/v1/posts/66803a4d9c83fb2cc966f9c7 HTTP/1.1" 404 41 "http://localhost:3000/" "Mozilla/5.0 (Windows NT 10.0; Win64; x64) AppleWebKit/537.36 (KHTML, like Gecko) Chrome/126.0.0.0 Safari/537.36 Edg/126.0.0.0"
::ffff:127.0.0.1 - - [01/Jul/2024:18:43:55 +0000] "GET /api/v1/posts/6682f7b1fbeb2e1e66d45532 HTTP/1.1" 404 41 "http://localhost:3000/" "Mozilla/5.0 (Windows NT 10.0; Win64; x64; rv:127.0) Gecko/20100101 Firefox/127.0"
::1 - - [01/Jul/2024:18:44:00 +0000] "GET /api/v1/posts/66803a4d9c83fb2cc966f9c7 HTTP/1.1" 404 41 "http://localhost:3000/" "Mozilla/5.0 (Windows NT 10.0; Win64; x64) AppleWebKit/537.36 (KHTML, like Gecko) Chrome/126.0.0.0 Safari/537.36 Edg/126.0.0.0"
::ffff:127.0.0.1 - - [01/Jul/2024:18:44:05 +0000] "GET /api/v1/posts/6682f7b1fbeb2e1e66d45532 HTTP/1.1" 404 41 "http://localhost:3000/" "Mozilla/5.0 (Windows NT 10.0; Win64; x64; rv:127.0) Gecko/20100101 Firefox/127.0"
::ffff:127.0.0.1 - - [01/Jul/2024:18:44:06 +0000] "GET /api/v1/posts/6682f7b1fbeb2e1e66d45532 HTTP/1.1" 404 41 "http://localhost:3000/" "Mozilla/5.0 (Windows NT 10.0; Win64; x64; rv:127.0) Gecko/20100101 Firefox/127.0"
::1 - - [01/Jul/2024:18:44:15 +0000] "GET /api/v1/posts/66803a4d9c83fb2cc966f9c7 HTTP/1.1" 404 41 "http://localhost:3000/" "Mozilla/5.0 (Windows NT 10.0; Win64; x64) AppleWebKit/537.36 (KHTML, like Gecko) Chrome/126.0.0.0 Safari/537.36 Edg/126.0.0.0"
::1 - - [02/Jul/2024:06:13:20 +0000] "GET /api/v1/posts/user HTTP/1.1" 401 55 "-" "PostmanRuntime/7.39.0"
::1 - - [02/Jul/2024:06:13:27 +0000] "POST /api/v1/users/login HTTP/1.1" 200 537 "-" "PostmanRuntime/7.39.0"
::1 - - [02/Jul/2024:06:13:36 +0000] "GET /api/v1/posts/user HTTP/1.1" 200 2 "-" "PostmanRuntime/7.39.0"
::1 - - [02/Jul/2024:06:13:48 +0000] "POST /api/v1/users/login HTTP/1.1" 200 568 "-" "PostmanRuntime/7.39.0"
::1 - - [02/Jul/2024:06:13:57 +0000] "GET /api/v1/posts/user HTTP/1.1" 200 808 "-" "PostmanRuntime/7.39.0"
::1 - - [02/Jul/2024:06:15:02 +0000] "GET /api/v1/posts/user HTTP/1.1" 200 808 "http://localhost:3000/" "Mozilla/5.0 (Windows NT 10.0; Win64; x64) AppleWebKit/537.36 (KHTML, like Gecko) Chrome/126.0.0.0 Safari/537.36 Edg/126.0.0.0"
::ffff:127.0.0.1 - - [02/Jul/2024:06:15:08 +0000] "GET /api/v1/posts/user HTTP/1.1" 200 2 "http://localhost:3000/" "Mozilla/5.0 (Windows NT 10.0; Win64; x64; rv:127.0) Gecko/20100101 Firefox/127.0"
::ffff:127.0.0.1 - - [02/Jul/2024:06:15:28 +0000] "GET /api/v1/posts/user HTTP/1.1" 304 - "http://localhost:3000/" "Mozilla/5.0 (Windows NT 10.0; Win64; x64; rv:127.0) Gecko/20100101 Firefox/127.0"
::ffff:127.0.0.1 - - [02/Jul/2024:06:15:32 +0000] "GET /api/v1/posts/user HTTP/1.1" 304 - "http://localhost:3000/" "Mozilla/5.0 (Windows NT 10.0; Win64; x64; rv:127.0) Gecko/20100101 Firefox/127.0"
::ffff:127.0.0.1 - - [02/Jul/2024:06:16:00 +0000] "GET /api/v1/posts/user HTTP/1.1" 304 - "http://localhost:3000/" "Mozilla/5.0 (Windows NT 10.0; Win64; x64; rv:127.0) Gecko/20100101 Firefox/127.0"
::ffff:127.0.0.1 - - [02/Jul/2024:06:16:02 +0000] "GET /api/v1/posts/user HTTP/1.1" 304 - "http://localhost:3000/" "Mozilla/5.0 (Windows NT 10.0; Win64; x64; rv:127.0) Gecko/20100101 Firefox/127.0"
::ffff:127.0.0.1 - - [02/Jul/2024:06:16:04 +0000] "GET /api/v1/posts/user HTTP/1.1" 304 - "http://localhost:3000/" "Mozilla/5.0 (Windows NT 10.0; Win64; x64; rv:127.0) Gecko/20100101 Firefox/127.0"
::1 - - [02/Jul/2024:06:16:18 +0000] "GET /api/v1/posts/user HTTP/1.1" 304 - "http://localhost:3000/" "Mozilla/5.0 (Windows NT 10.0; Win64; x64) AppleWebKit/537.36 (KHTML, like Gecko) Chrome/126.0.0.0 Safari/537.36 Edg/126.0.0.0"
::ffff:127.0.0.1 - - [02/Jul/2024:06:18:26 +0000] "GET /api/v1/posts/user HTTP/1.1" 304 - "http://localhost:3000/" "Mozilla/5.0 (Windows NT 10.0; Win64; x64; rv:127.0) Gecko/20100101 Firefox/127.0"
::ffff:127.0.0.1 - - [02/Jul/2024:06:18:53 +0000] "GET /api/v1/posts/user HTTP/1.1" 304 - "http://localhost:3000/" "Mozilla/5.0 (Windows NT 10.0; Win64; x64; rv:127.0) Gecko/20100101 Firefox/127.0"
::ffff:127.0.0.1 - - [02/Jul/2024:06:19:11 +0000] "GET /api/v1/posts/user HTTP/1.1" 304 - "http://localhost:3000/" "Mozilla/5.0 (Windows NT 10.0; Win64; x64; rv:127.0) Gecko/20100101 Firefox/127.0"
::ffff:127.0.0.1 - - [02/Jul/2024:06:19:42 +0000] "GET /api/v1/posts/user HTTP/1.1" 304 - "http://localhost:3000/" "Mozilla/5.0 (Windows NT 10.0; Win64; x64; rv:127.0) Gecko/20100101 Firefox/127.0"
::ffff:127.0.0.1 - - [02/Jul/2024:06:19:58 +0000] "GET /api/v1/posts/user HTTP/1.1" 304 - "http://localhost:3000/" "Mozilla/5.0 (Windows NT 10.0; Win64; x64; rv:127.0) Gecko/20100101 Firefox/127.0"
::ffff:127.0.0.1 - - [02/Jul/2024:06:20:11 +0000] "GET /api/v1/posts/user HTTP/1.1" 304 - "http://localhost:3000/" "Mozilla/5.0 (Windows NT 10.0; Win64; x64; rv:127.0) Gecko/20100101 Firefox/127.0"
::ffff:127.0.0.1 - - [02/Jul/2024:06:20:25 +0000] "GET /api/v1/posts/user HTTP/1.1" 304 - "http://localhost:3000/" "Mozilla/5.0 (Windows NT 10.0; Win64; x64; rv:127.0) Gecko/20100101 Firefox/127.0"
::ffff:127.0.0.1 - - [02/Jul/2024:06:20:29 +0000] "GET /api/v1/posts/user HTTP/1.1" 304 - "http://localhost:3000/" "Mozilla/5.0 (Windows NT 10.0; Win64; x64; rv:127.0) Gecko/20100101 Firefox/127.0"
::ffff:127.0.0.1 - - [02/Jul/2024:06:20:46 +0000] "GET /api/v1/posts/user HTTP/1.1" 304 - "http://localhost:3000/" "Mozilla/5.0 (Windows NT 10.0; Win64; x64; rv:127.0) Gecko/20100101 Firefox/127.0"
::ffff:127.0.0.1 - - [02/Jul/2024:06:20:51 +0000] "GET /api/v1/posts/user HTTP/1.1" 304 - "http://localhost:3000/" "Mozilla/5.0 (Windows NT 10.0; Win64; x64; rv:127.0) Gecko/20100101 Firefox/127.0"
::ffff:127.0.0.1 - - [02/Jul/2024:06:20:56 +0000] "GET /api/v1/posts/user HTTP/1.1" 304 - "http://localhost:3000/" "Mozilla/5.0 (Windows NT 10.0; Win64; x64; rv:127.0) Gecko/20100101 Firefox/127.0"
::ffff:127.0.0.1 - - [02/Jul/2024:06:21:21 +0000] "GET /api/v1/posts/user HTTP/1.1" 304 - "http://localhost:3000/" "Mozilla/5.0 (Windows NT 10.0; Win64; x64; rv:127.0) Gecko/20100101 Firefox/127.0"
::ffff:127.0.0.1 - - [02/Jul/2024:06:22:21 +0000] "GET /api/v1/posts/user HTTP/1.1" 304 - "http://localhost:3000/" "Mozilla/5.0 (Windows NT 10.0; Win64; x64; rv:127.0) Gecko/20100101 Firefox/127.0"
::ffff:127.0.0.1 - - [02/Jul/2024:06:22:36 +0000] "GET /api/v1/posts/user HTTP/1.1" 304 - "http://localhost:3000/" "Mozilla/5.0 (Windows NT 10.0; Win64; x64; rv:127.0) Gecko/20100101 Firefox/127.0"
::ffff:127.0.0.1 - - [02/Jul/2024:06:22:41 +0000] "GET /api/v1/posts/user HTTP/1.1" - - "http://localhost:3000/" "Mozilla/5.0 (Windows NT 10.0; Win64; x64; rv:127.0) Gecko/20100101 Firefox/127.0"
::1 - - [02/Jul/2024:06:22:46 +0000] "GET /api/v1/posts/user HTTP/1.1" 304 - "http://localhost:3000/" "Mozilla/5.0 (Windows NT 10.0; Win64; x64) AppleWebKit/537.36 (KHTML, like Gecko) Chrome/126.0.0.0 Safari/537.36 Edg/126.0.0.0"
::ffff:127.0.0.1 - - [02/Jul/2024:06:22:47 +0000] "GET /api/v1/posts/user HTTP/1.1" 304 - "http://localhost:3000/" "Mozilla/5.0 (Windows NT 10.0; Win64; x64; rv:127.0) Gecko/20100101 Firefox/127.0"
::ffff:127.0.0.1 - - [02/Jul/2024:06:22:51 +0000] "GET /api/v1/posts/user HTTP/1.1" 304 - "http://localhost:3000/" "Mozilla/5.0 (Windows NT 10.0; Win64; x64; rv:127.0) Gecko/20100101 Firefox/127.0"
::1 - - [02/Jul/2024:06:22:58 +0000] "GET /api/v1/posts/user HTTP/1.1" 304 - "http://localhost:3000/" "Mozilla/5.0 (Windows NT 10.0; Win64; x64) AppleWebKit/537.36 (KHTML, like Gecko) Chrome/126.0.0.0 Safari/537.36 Edg/126.0.0.0"
::1 - - [02/Jul/2024:06:23:00 +0000] "GET /api/v1/posts/user HTTP/1.1" 304 - "http://localhost:3000/" "Mozilla/5.0 (Windows NT 10.0; Win64; x64) AppleWebKit/537.36 (KHTML, like Gecko) Chrome/126.0.0.0 Safari/537.36 Edg/126.0.0.0"
::ffff:127.0.0.1 - - [02/Jul/2024:06:23:01 +0000] "GET /api/v1/posts/user HTTP/1.1" 304 - "http://localhost:3000/" "Mozilla/5.0 (Windows NT 10.0; Win64; x64; rv:127.0) Gecko/20100101 Firefox/127.0"
::1 - - [02/Jul/2024:06:23:05 +0000] "GET /api/v1/posts/6682df1484b98acaad8e25a8 HTTP/1.1" 304 - "http://localhost:3000/" "Mozilla/5.0 (Windows NT 10.0; Win64; x64) AppleWebKit/537.36 (KHTML, like Gecko) Chrome/126.0.0.0 Safari/537.36 Edg/126.0.0.0"
::ffff:127.0.0.1 - - [02/Jul/2024:06:23:16 +0000] "GET /api/v1/posts/user HTTP/1.1" 304 - "http://localhost:3000/" "Mozilla/5.0 (Windows NT 10.0; Win64; x64; rv:127.0) Gecko/20100101 Firefox/127.0"
::1 - - [02/Jul/2024:06:24:55 +0000] "GET /api/v1/posts/6682df1484b98acaad8e25a8 HTTP/1.1" 304 - "http://localhost:3000/" "Mozilla/5.0 (Windows NT 10.0; Win64; x64) AppleWebKit/537.36 (KHTML, like Gecko) Chrome/126.0.0.0 Safari/537.36 Edg/126.0.0.0"
::1 - - [02/Jul/2024:06:25:02 +0000] "GET /api/v1/users/6682f7b1fbeb2e1e66d45532 HTTP/1.1" 200 420 "http://localhost:3000/" "Mozilla/5.0 (Windows NT 10.0; Win64; x64) AppleWebKit/537.36 (KHTML, like Gecko) Chrome/126.0.0.0 Safari/537.36 Edg/126.0.0.0"
::1 - - [02/Jul/2024:06:25:06 +0000] "GET /api/v1/posts/6682df1484b98acaad8e25a8 HTTP/1.1" 304 - "http://localhost:3000/" "Mozilla/5.0 (Windows NT 10.0; Win64; x64) AppleWebKit/537.36 (KHTML, like Gecko) Chrome/126.0.0.0 Safari/537.36 Edg/126.0.0.0"
::1 - - [02/Jul/2024:06:25:08 +0000] "GET /api/v1/users/6682f7b1fbeb2e1e66d45532 HTTP/1.1" 304 - "http://localhost:3000/" "Mozilla/5.0 (Windows NT 10.0; Win64; x64) AppleWebKit/537.36 (KHTML, like Gecko) Chrome/126.0.0.0 Safari/537.36 Edg/126.0.0.0"
::1 - - [02/Jul/2024:06:25:16 +0000] "GET /api/v1/posts/6682df1484b98acaad8e25a8 HTTP/1.1" 304 - "http://localhost:3000/" "Mozilla/5.0 (Windows NT 10.0; Win64; x64) AppleWebKit/537.36 (KHTML, like Gecko) Chrome/126.0.0.0 Safari/537.36 Edg/126.0.0.0"
