::1 - - [02/Jul/2024:08:12:53 +0000] "GET /api/v1/posts/6682df1484b98acaad8e25a8 HTTP/1.1" 304 - "http://localhost:3000/" "Mozilla/5.0 (Windows NT 10.0; Win64; x64) AppleWebKit/537.36 (KHTML, like Gecko) Chrome/126.0.0.0 Safari/537.36 Edg/126.0.0.0"
::1 - - [02/Jul/2024:08:12:58 +0000] "GET /api/v1/posts/6682df1484b98acaad8e25a8 HTTP/1.1" 304 - "http://localhost:3000/" "Mozilla/5.0 (Windows NT 10.0; Win64; x64) AppleWebKit/537.36 (KHTML, like Gecko) Chrome/126.0.0.0 Safari/537.36 Edg/126.0.0.0"
::1 - - [02/Jul/2024:08:13:29 +0000] "GET /api/v1/posts/6682df1484b98acaad8e25a8 HTTP/1.1" 304 - "http://localhost:3000/" "Mozilla/5.0 (Windows NT 10.0; Win64; x64) AppleWebKit/537.36 (KHTML, like Gecko) Chrome/126.0.0.0 Safari/537.36 Edg/126.0.0.0"
::1 - - [02/Jul/2024:08:13:36 +0000] "GET /api/v1/posts/6682df1484b98acaad8e25a8 HTTP/1.1" 304 - "http://localhost:3000/" "Mozilla/5.0 (Windows NT 10.0; Win64; x64) AppleWebKit/537.36 (KHTML, like Gecko) Chrome/126.0.0.0 Safari/537.36 Edg/126.0.0.0"
::1 - - [02/Jul/2024:08:19:22 +0000] "GET /api/v1/posts/6682df1484b98acaad8e25a8 HTTP/1.1" 304 - "http://localhost:3000/" "Mozilla/5.0 (Windows NT 10.0; Win64; x64) AppleWebKit/537.36 (KHTML, like Gecko) Chrome/126.0.0.0 Safari/537.36 Edg/126.0.0.0"
::ffff:127.0.0.1 - - [02/Jul/2024:08:24:26 +0000] "GET /api/v1/posts/6682df1484b98acaad8e25a8 HTTP/1.1" 304 - "http://localhost:3000/" "Mozilla/5.0 (Windows NT 10.0; Win64; x64; rv:127.0) Gecko/20100101 Firefox/127.0"
::ffff:127.0.0.1 - - [02/Jul/2024:08:24:55 +0000] "GET /api/v1/posts/6682df1484b98acaad8e25a8 HTTP/1.1" 304 - "http://localhost:3000/" "Mozilla/5.0 (Windows NT 10.0; Win64; x64; rv:127.0) Gecko/20100101 Firefox/127.0"
::ffff:127.0.0.1 - - [02/Jul/2024:08:40:04 +0000] "GET /api/v1/posts/6682df1484b98acaad8e25a8 HTTP/1.1" 304 - "http://localhost:3000/" "Mozilla/5.0 (Windows NT 10.0; Win64; x64; rv:127.0) Gecko/20100101 Firefox/127.0"
::1 - - [02/Jul/2024:09:26:31 +0000] "GET /api/v1/users/66803a4d9c83fb2cc966f9c7 HTTP/1.1" 200 1431 "http://localhost:3000/" "Mozilla/5.0 (Windows NT 10.0; Win64; x64) AppleWebKit/537.36 (KHTML, like Gecko) Chrome/126.0.0.0 Safari/537.36 Edg/126.0.0.0"
::1 - - [02/Jul/2024:09:26:34 +0000] "GET /api/v1/posts/6682df1484b98acaad8e25a8 HTTP/1.1" 304 - "http://localhost:3000/" "Mozilla/5.0 (Windows NT 10.0; Win64; x64) AppleWebKit/537.36 (KHTML, like Gecko) Chrome/126.0.0.0 Safari/537.36 Edg/126.0.0.0"
::1 - - [02/Jul/2024:09:26:37 +0000] "GET /api/v1/users/6682f7b1fbeb2e1e66d45532 HTTP/1.1" 304 - "http://localhost:3000/" "Mozilla/5.0 (Windows NT 10.0; Win64; x64) AppleWebKit/537.36 (KHTML, like Gecko) Chrome/126.0.0.0 Safari/537.36 Edg/126.0.0.0"
::ffff:127.0.0.1 - - [02/Jul/2024:09:26:44 +0000] "GET /api/v1/posts/6682df1484b98acaad8e25a8 HTTP/1.1" 304 - "http://localhost:3000/" "Mozilla/5.0 (Windows NT 10.0; Win64; x64; rv:127.0) Gecko/20100101 Firefox/127.0"
::ffff:127.0.0.1 - - [02/Jul/2024:09:27:00 +0000] "POST /api/v1/posts HTTP/1.1" 201 349 "http://localhost:3000/" "Mozilla/5.0 (Windows NT 10.0; Win64; x64; rv:127.0) Gecko/20100101 Firefox/127.0"
::ffff:127.0.0.1 - - [02/Jul/2024:09:27:07 +0000] "GET /api/v1/users/6682f7b1fbeb2e1e66d45532 HTTP/1.1" 304 - "http://localhost:3000/" "Mozilla/5.0 (Windows NT 10.0; Win64; x64; rv:127.0) Gecko/20100101 Firefox/127.0"
::1 - - [02/Jul/2024:09:27:11 +0000] "GET /api/v1/users/6682f7b1fbeb2e1e66d45532 HTTP/1.1" 304 - "http://localhost:3000/" "Mozilla/5.0 (Windows NT 10.0; Win64; x64) AppleWebKit/537.36 (KHTML, like Gecko) Chrome/126.0.0.0 Safari/537.36 Edg/126.0.0.0"
::ffff:127.0.0.1 - - [02/Jul/2024:09:27:12 +0000] "GET /api/v1/users/6682f7b1fbeb2e1e66d45532 HTTP/1.1" 304 - "http://localhost:3000/" "Mozilla/5.0 (Windows NT 10.0; Win64; x64; rv:127.0) Gecko/20100101 Firefox/127.0"
::1 - - [02/Jul/2024:09:27:13 +0000] "GET /api/v1/users/6682f7b1fbeb2e1e66d45532 HTTP/1.1" 304 - "http://localhost:3000/" "Mozilla/5.0 (Windows NT 10.0; Win64; x64) AppleWebKit/537.36 (KHTML, like Gecko) Chrome/126.0.0.0 Safari/537.36 Edg/126.0.0.0"
::1 - - [02/Jul/2024:09:27:19 +0000] "GET /api/v1/users/66803a4d9c83fb2cc966f9c7 HTTP/1.1" 200 1431 "-" "PostmanRuntime/7.39.0"
::ffff:127.0.0.1 - - [02/Jul/2024:09:27:26 +0000] "GET /api/v1/users/6682f7b1fbeb2e1e66d45532 HTTP/1.1" 304 - "http://localhost:3000/" "Mozilla/5.0 (Windows NT 10.0; Win64; x64; rv:127.0) Gecko/20100101 Firefox/127.0"
::ffff:127.0.0.1 - - [02/Jul/2024:09:27:40 +0000] "GET /api/v1/users/6682f7b1fbeb2e1e66d45532 HTTP/1.1" 304 - "http://localhost:3000/" "Mozilla/5.0 (Windows NT 10.0; Win64; x64; rv:127.0) Gecko/20100101 Firefox/127.0"
::ffff:127.0.0.1 - - [02/Jul/2024:09:27:49 +0000] "GET /api/v1/users/6682f7b1fbeb2e1e66d45532 HTTP/1.1" 304 - "http://localhost:3000/" "Mozilla/5.0 (Windows NT 10.0; Win64; x64; rv:127.0) Gecko/20100101 Firefox/127.0"
::1 - - [02/Jul/2024:09:27:52 +0000] "GET /api/v1/users/6682f7b1fbeb2e1e66d45532 HTTP/1.1" 304 - "http://localhost:3000/" "Mozilla/5.0 (Windows NT 10.0; Win64; x64) AppleWebKit/537.36 (KHTML, like Gecko) Chrome/126.0.0.0 Safari/537.36 Edg/126.0.0.0"
::ffff:127.0.0.1 - - [02/Jul/2024:09:28:07 +0000] "GET /api/v1/users/6682f7b1fbeb2e1e66d45532 HTTP/1.1" 304 - "http://localhost:3000/" "Mozilla/5.0 (Windows NT 10.0; Win64; x64; rv:127.0) Gecko/20100101 Firefox/127.0"
::ffff:127.0.0.1 - - [02/Jul/2024:09:28:09 +0000] "GET /api/v1/users/6682f7b1fbeb2e1e66d45532 HTTP/1.1" 304 - "http://localhost:3000/" "Mozilla/5.0 (Windows NT 10.0; Win64; x64; rv:127.0) Gecko/20100101 Firefox/127.0"
::1 - - [02/Jul/2024:09:28:25 +0000] "GET /api/v1/users/6682f7b1fbeb2e1e66d45532 HTTP/1.1" 304 - "http://localhost:3000/" "Mozilla/5.0 (Linux; Android 6.0; Nexus 5 Build/MRA58N) AppleWebKit/537.36 (KHTML, like Gecko) Chrome/126.0.0.0 Mobile Safari/537.36 Edg/126.0.0.0"
::ffff:127.0.0.1 - - [02/Jul/2024:09:28:36 +0000] "GET /api/v1/users/6682f7b1fbeb2e1e66d45532 HTTP/1.1" 304 - "http://localhost:3000/" "Mozilla/5.0 (Windows NT 10.0; Win64; x64; rv:127.0) Gecko/20100101 Firefox/127.0"
::1 - - [02/Jul/2024:09:28:44 +0000] "GET /api/v1/users/6682f7b1fbeb2e1e66d45532 HTTP/1.1" 304 - "http://localhost:3000/" "Mozilla/5.0 (Linux; Android 6.0; Nexus 5 Build/MRA58N) AppleWebKit/537.36 (KHTML, like Gecko) Chrome/126.0.0.0 Mobile Safari/537.36 Edg/126.0.0.0"
::ffff:127.0.0.1 - - [02/Jul/2024:09:28:44 +0000] "GET /api/v1/users/6682f7b1fbeb2e1e66d45532 HTTP/1.1" 304 - "http://localhost:3000/" "Mozilla/5.0 (Windows NT 10.0; Win64; x64; rv:127.0) Gecko/20100101 Firefox/127.0"
::1 - - [02/Jul/2024:09:28:58 +0000] "GET /api/v1/users HTTP/1.1" 200 856 "-" "PostmanRuntime/7.39.0"
::1 - - [02/Jul/2024:09:29:08 +0000] "GET /api/v1/users/6682f7b1fbeb2e1e66d45532 HTTP/1.1" 200 404 "-" "PostmanRuntime/7.39.0"
::1 - - [02/Jul/2024:09:30:59 +0000] "GET /api/v1/users/6682f7b1fbeb2e1e66d45532 HTTP/1.1" 304 - "http://localhost:3000/" "Mozilla/5.0 (Linux; Android 6.0; Nexus 5 Build/MRA58N) AppleWebKit/537.36 (KHTML, like Gecko) Chrome/126.0.0.0 Mobile Safari/537.36 Edg/126.0.0.0"
::ffff:127.0.0.1 - - [02/Jul/2024:09:30:59 +0000] "GET /api/v1/users/6682f7b1fbeb2e1e66d45532 HTTP/1.1" 304 - "http://localhost:3000/" "Mozilla/5.0 (Windows NT 10.0; Win64; x64; rv:127.0) Gecko/20100101 Firefox/127.0"
::1 - - [02/Jul/2024:09:31:23 +0000] "POST /api/v1/users/login HTTP/1.1" 200 530 "-" "PostmanRuntime/7.39.0"
::1 - - [02/Jul/2024:09:31:41 +0000] "POST /api/v1/posts/ HTTP/1.1" 201 340 "-" "PostmanRuntime/7.39.0"
::1 - - [02/Jul/2024:09:31:49 +0000] "GET /api/v1/users HTTP/1.1" 200 856 "-" "PostmanRuntime/7.39.0"
::1 - - [02/Jul/2024:09:32:11 +0000] "GET /api/v1/users/6682f7b1fbeb2e1e66d45532 HTTP/1.1" 304 - "http://localhost:3000/" "Mozilla/5.0 (Linux; Android 6.0; Nexus 5 Build/MRA58N) AppleWebKit/537.36 (KHTML, like Gecko) Chrome/126.0.0.0 Mobile Safari/537.36 Edg/126.0.0.0"
::ffff:127.0.0.1 - - [02/Jul/2024:09:32:50 +0000] "GET /api/v1/users/6682f7b1fbeb2e1e66d45532 HTTP/1.1" 304 - "http://localhost:3000/" "Mozilla/5.0 (Windows NT 10.0; Win64; x64; rv:127.0) Gecko/20100101 Firefox/127.0"
::1 - - [02/Jul/2024:09:33:00 +0000] "POST /api/v1/posts/ HTTP/1.1" 201 340 "-" "PostmanRuntime/7.39.0"
::1 - - [02/Jul/2024:09:33:04 +0000] "GET /api/v1/users/6682f7b1fbeb2e1e66d45532 HTTP/1.1" 200 744 "-" "PostmanRuntime/7.39.0"
::ffff:127.0.0.1 - - [02/Jul/2024:09:33:34 +0000] "GET /api/v1/users/6682f7b1fbeb2e1e66d45532 HTTP/1.1" 200 744 "http://localhost:3000/" "Mozilla/5.0 (Windows NT 10.0; Win64; x64; rv:127.0) Gecko/20100101 Firefox/127.0"
::1 - - [02/Jul/2024:09:33:37 +0000] "GET /api/v1/users/6682f7b1fbeb2e1e66d45532 HTTP/1.1" 200 744 "http://localhost:3000/" "Mozilla/5.0 (Linux; Android 6.0; Nexus 5 Build/MRA58N) AppleWebKit/537.36 (KHTML, like Gecko) Chrome/126.0.0.0 Mobile Safari/537.36 Edg/126.0.0.0"
::ffff:127.0.0.1 - - [02/Jul/2024:09:33:48 +0000] "GET /api/v1/users/6682f7b1fbeb2e1e66d45532 HTTP/1.1" 304 - "http://localhost:3000/" "Mozilla/5.0 (Windows NT 10.0; Win64; x64; rv:127.0) Gecko/20100101 Firefox/127.0"
::1 - - [02/Jul/2024:09:34:21 +0000] "GET /api/v1/users/6682f7b1fbeb2e1e66d45532 HTTP/1.1" 304 - "http://localhost:3000/" "Mozilla/5.0 (Linux; Android 6.0; Nexus 5 Build/MRA58N) AppleWebKit/537.36 (KHTML, like Gecko) Chrome/126.0.0.0 Mobile Safari/537.36 Edg/126.0.0.0"
::ffff:127.0.0.1 - - [02/Jul/2024:09:34:54 +0000] "GET /api/v1/users/6682f7b1fbeb2e1e66d45532 HTTP/1.1" 304 - "http://localhost:3000/" "Mozilla/5.0 (Windows NT 10.0; Win64; x64; rv:127.0) Gecko/20100101 Firefox/127.0"
::ffff:127.0.0.1 - - [02/Jul/2024:09:35:02 +0000] "GET /api/v1/users/6682f7b1fbeb2e1e66d45532 HTTP/1.1" 304 - "http://localhost:3000/" "Mozilla/5.0 (Windows NT 10.0; Win64; x64; rv:127.0) Gecko/20100101 Firefox/127.0"
::ffff:127.0.0.1 - - [02/Jul/2024:09:37:48 +0000] "GET /api/v1/users/6682f7b1fbeb2e1e66d45532 HTTP/1.1" 304 - "http://localhost:3000/" "Mozilla/5.0 (Windows NT 10.0; Win64; x64; rv:127.0) Gecko/20100101 Firefox/127.0"
::1 - - [02/Jul/2024:09:37:48 +0000] "GET /api/v1/users/6682f7b1fbeb2e1e66d45532 HTTP/1.1" 304 - "http://localhost:3000/" "Mozilla/5.0 (Linux; Android 6.0; Nexus 5 Build/MRA58N) AppleWebKit/537.36 (KHTML, like Gecko) Chrome/126.0.0.0 Mobile Safari/537.36 Edg/126.0.0.0"
::1 - - [02/Jul/2024:09:37:52 +0000] "GET /api/v1/users/6682f7b1fbeb2e1e66d45532 HTTP/1.1" 304 - "http://localhost:3000/" "Mozilla/5.0 (Windows NT 10.0; Win64; x64) AppleWebKit/537.36 (KHTML, like Gecko) Chrome/126.0.0.0 Safari/537.36 Edg/126.0.0.0"
::1 - - [02/Jul/2024:09:38:17 +0000] "GET /api/v1/users/6682f7b1fbeb2e1e66d45532 HTTP/1.1" 304 - "http://localhost:3000/" "Mozilla/5.0 (Windows NT 10.0; Win64; x64) AppleWebKit/537.36 (KHTML, like Gecko) Chrome/126.0.0.0 Safari/537.36 Edg/126.0.0.0"
::1 - - [02/Jul/2024:09:38:19 +0000] "GET /api/v1/users/6682f7b1fbeb2e1e66d45532 HTTP/1.1" 304 - "http://localhost:3000/" "Mozilla/5.0 (Windows NT 10.0; Win64; x64) AppleWebKit/537.36 (KHTML, like Gecko) Chrome/126.0.0.0 Safari/537.36 Edg/126.0.0.0"
::1 - - [02/Jul/2024:09:38:25 +0000] "GET /api/v1/posts HTTP/1.1" 200 1351 "http://localhost:3000/" "Mozilla/5.0 (Windows NT 10.0; Win64; x64) AppleWebKit/537.36 (KHTML, like Gecko) Chrome/126.0.0.0 Safari/537.36 Edg/126.0.0.0"
::1 - - [02/Jul/2024:09:38:52 +0000] "GET /api/v1/posts HTTP/1.1" 304 - "http://localhost:3000/" "Mozilla/5.0 (Windows NT 10.0; Win64; x64) AppleWebKit/537.36 (KHTML, like Gecko) Chrome/126.0.0.0 Safari/537.36 Edg/126.0.0.0"
::ffff:127.0.0.1 - - [02/Jul/2024:09:39:07 +0000] "GET /api/v1/users/6682f7b1fbeb2e1e66d45532 HTTP/1.1" 304 - "http://localhost:3000/" "Mozilla/5.0 (Windows NT 10.0; Win64; x64; rv:127.0) Gecko/20100101 Firefox/127.0"
::ffff:127.0.0.1 - - [02/Jul/2024:09:39:18 +0000] "POST /api/v1/posts HTTP/1.1" 201 349 "http://localhost:3000/" "Mozilla/5.0 (Windows NT 10.0; Win64; x64; rv:127.0) Gecko/20100101 Firefox/127.0"
::ffff:127.0.0.1 - - [02/Jul/2024:09:39:22 +0000] "GET /api/v1/users/6682f7b1fbeb2e1e66d45532 HTTP/1.1" 200 1094 "http://localhost:3000/" "Mozilla/5.0 (Windows NT 10.0; Win64; x64; rv:127.0) Gecko/20100101 Firefox/127.0"
::ffff:127.0.0.1 - - [02/Jul/2024:09:39:24 +0000] "GET /api/v1/posts HTTP/1.1" 200 1701 "http://localhost:3000/" "Mozilla/5.0 (Windows NT 10.0; Win64; x64; rv:127.0) Gecko/20100101 Firefox/127.0"
::1 - - [02/Jul/2024:09:39:26 +0000] "GET /api/v1/posts HTTP/1.1" 200 1701 "http://localhost:3000/" "Mozilla/5.0 (Windows NT 10.0; Win64; x64) AppleWebKit/537.36 (KHTML, like Gecko) Chrome/126.0.0.0 Safari/537.36 Edg/126.0.0.0"
::ffff:127.0.0.1 - - [02/Jul/2024:09:39:42 +0000] "GET /api/v1/posts HTTP/1.1" 304 - "http://localhost:3000/" "Mozilla/5.0 (Windows NT 10.0; Win64; x64; rv:127.0) Gecko/20100101 Firefox/127.0"
::1 - - [02/Jul/2024:09:39:43 +0000] "GET /api/v1/posts HTTP/1.1" 304 - "http://localhost:3000/" "Mozilla/5.0 (Windows NT 10.0; Win64; x64) AppleWebKit/537.36 (KHTML, like Gecko) Chrome/126.0.0.0 Safari/537.36 Edg/126.0.0.0"
::ffff:127.0.0.1 - - [02/Jul/2024:09:39:49 +0000] "GET /api/v1/posts HTTP/1.1" 304 - "http://localhost:3000/" "Mozilla/5.0 (Windows NT 10.0; Win64; x64; rv:127.0) Gecko/20100101 Firefox/127.0"
::ffff:127.0.0.1 - - [02/Jul/2024:09:40:28 +0000] "GET /api/v1/posts HTTP/1.1" 304 - "http://localhost:3000/" "Mozilla/5.0 (Windows NT 10.0; Win64; x64; rv:127.0) Gecko/20100101 Firefox/127.0"
::ffff:127.0.0.1 - - [02/Jul/2024:09:40:46 +0000] "GET /api/v1/posts HTTP/1.1" 304 - "http://localhost:3000/" "Mozilla/5.0 (Windows NT 10.0; Win64; x64; rv:127.0) Gecko/20100101 Firefox/127.0"
::ffff:127.0.0.1 - - [02/Jul/2024:09:40:53 +0000] "GET /api/v1/posts HTTP/1.1" 304 - "http://localhost:3000/" "Mozilla/5.0 (Windows NT 10.0; Win64; x64; rv:127.0) Gecko/20100101 Firefox/127.0"
::ffff:127.0.0.1 - - [02/Jul/2024:09:41:25 +0000] "GET /api/v1/posts HTTP/1.1" 304 - "http://localhost:3000/" "Mozilla/5.0 (Windows NT 10.0; Win64; x64; rv:127.0) Gecko/20100101 Firefox/127.0"
::1 - - [02/Jul/2024:09:41:26 +0000] "GET /api/v1/posts HTTP/1.1" 304 - "http://localhost:3000/" "Mozilla/5.0 (Windows NT 10.0; Win64; x64) AppleWebKit/537.36 (KHTML, like Gecko) Chrome/126.0.0.0 Safari/537.36 Edg/126.0.0.0"
::1 - - [02/Jul/2024:09:41:46 +0000] "GET /api/v1/posts HTTP/1.1" 304 - "http://localhost:3000/" "Mozilla/5.0 (Windows NT 10.0; Win64; x64) AppleWebKit/537.36 (KHTML, like Gecko) Chrome/126.0.0.0 Safari/537.36 Edg/126.0.0.0"
::ffff:127.0.0.1 - - [02/Jul/2024:09:41:49 +0000] "GET /api/v1/posts HTTP/1.1" 304 - "http://localhost:3000/" "Mozilla/5.0 (Windows NT 10.0; Win64; x64; rv:127.0) Gecko/20100101 Firefox/127.0"
::1 - - [02/Jul/2024:09:42:20 +0000] "GET /api/v1/posts HTTP/1.1" 304 - "http://localhost:3000/" "Mozilla/5.0 (Windows NT 10.0; Win64; x64) AppleWebKit/537.36 (KHTML, like Gecko) Chrome/126.0.0.0 Safari/537.36 Edg/126.0.0.0"
::ffff:127.0.0.1 - - [02/Jul/2024:09:42:56 +0000] "GET /api/v1/posts HTTP/1.1" 304 - "http://localhost:3000/" "Mozilla/5.0 (Windows NT 10.0; Win64; x64; rv:127.0) Gecko/20100101 Firefox/127.0"
::ffff:127.0.0.1 - - [02/Jul/2024:09:43:02 +0000] "GET /api/v1/posts HTTP/1.1" 304 - "http://localhost:3000/" "Mozilla/5.0 (Windows NT 10.0; Win64; x64; rv:127.0) Gecko/20100101 Firefox/127.0"
::ffff:127.0.0.1 - - [02/Jul/2024:09:43:12 +0000] "GET /api/v1/posts HTTP/1.1" 304 - "http://localhost:3000/" "Mozilla/5.0 (Windows NT 10.0; Win64; x64; rv:127.0) Gecko/20100101 Firefox/127.0"
::ffff:127.0.0.1 - - [02/Jul/2024:09:43:13 +0000] "GET /api/v1/posts HTTP/1.1" 304 - "http://localhost:3000/" "Mozilla/5.0 (Windows NT 10.0; Win64; x64; rv:127.0) Gecko/20100101 Firefox/127.0"
::ffff:127.0.0.1 - - [02/Jul/2024:09:43:22 +0000] "GET /api/v1/posts HTTP/1.1" 304 - "http://localhost:3000/" "Mozilla/5.0 (Windows NT 10.0; Win64; x64; rv:127.0) Gecko/20100101 Firefox/127.0"
::ffff:127.0.0.1 - - [02/Jul/2024:09:43:26 +0000] "GET /api/v1/posts HTTP/1.1" 304 - "http://localhost:3000/" "Mozilla/5.0 (Windows NT 10.0; Win64; x64; rv:127.0) Gecko/20100101 Firefox/127.0"
::ffff:127.0.0.1 - - [02/Jul/2024:09:44:31 +0000] "GET /api/v1/posts HTTP/1.1" 304 - "http://localhost:3000/" "Mozilla/5.0 (Windows NT 10.0; Win64; x64; rv:127.0) Gecko/20100101 Firefox/127.0"
::ffff:127.0.0.1 - - [02/Jul/2024:09:45:08 +0000] "GET /api/v1/posts HTTP/1.1" 304 - "http://localhost:3000/" "Mozilla/5.0 (Windows NT 10.0; Win64; x64; rv:127.0) Gecko/20100101 Firefox/127.0"
::ffff:127.0.0.1 - - [02/Jul/2024:09:45:41 +0000] "GET /api/v1/posts HTTP/1.1" 304 - "http://localhost:3000/" "Mozilla/5.0 (Windows NT 10.0; Win64; x64; rv:127.0) Gecko/20100101 Firefox/127.0"
::1 - - [02/Jul/2024:09:46:19 +0000] "GET /api/v1/posts HTTP/1.1" 304 - "http://localhost:3000/" "Mozilla/5.0 (Windows NT 10.0; Win64; x64) AppleWebKit/537.36 (KHTML, like Gecko) Chrome/126.0.0.0 Safari/537.36 Edg/126.0.0.0"
::1 - - [02/Jul/2024:09:46:20 +0000] "GET /api/v1/posts HTTP/1.1" 304 - "http://localhost:3000/" "Mozilla/5.0 (Windows NT 10.0; Win64; x64) AppleWebKit/537.36 (KHTML, like Gecko) Chrome/126.0.0.0 Safari/537.36 Edg/126.0.0.0"
::1 - - [02/Jul/2024:09:46:26 +0000] "GET /api/v1/users/6682f7b1fbeb2e1e66d45532 HTTP/1.1" 200 1094 "http://localhost:3000/" "Mozilla/5.0 (Windows NT 10.0; Win64; x64) AppleWebKit/537.36 (KHTML, like Gecko) Chrome/126.0.0.0 Safari/537.36 Edg/126.0.0.0"
::ffff:127.0.0.1 - - [02/Jul/2024:09:46:30 +0000] "GET /api/v1/posts HTTP/1.1" 304 - "http://localhost:3000/" "Mozilla/5.0 (Windows NT 10.0; Win64; x64; rv:127.0) Gecko/20100101 Firefox/127.0"
::1 - - [02/Jul/2024:09:47:12 +0000] "GET /api/v1/users/6682f7b1fbeb2e1e66d45532 HTTP/1.1" 304 - "http://localhost:3000/" "Mozilla/5.0 (Windows NT 10.0; Win64; x64) AppleWebKit/537.36 (KHTML, like Gecko) Chrome/126.0.0.0 Safari/537.36 Edg/126.0.0.0"
::1 - - [02/Jul/2024:09:47:14 +0000] "GET /api/v1/users/6682f7b1fbeb2e1e66d45532 HTTP/1.1" 304 - "http://localhost:3000/" "Mozilla/5.0 (Windows NT 10.0; Win64; x64) AppleWebKit/537.36 (KHTML, like Gecko) Chrome/126.0.0.0 Safari/537.36 Edg/126.0.0.0"
::1 - - [02/Jul/2024:09:47:16 +0000] "GET /api/v1/users/6682f7b1fbeb2e1e66d45532 HTTP/1.1" 304 - "http://localhost:3000/" "Mozilla/5.0 (Windows NT 10.0; Win64; x64) AppleWebKit/537.36 (KHTML, like Gecko) Chrome/126.0.0.0 Safari/537.36 Edg/126.0.0.0"
::1 - - [02/Jul/2024:09:47:26 +0000] "GET /api/v1/users/6682f7b1fbeb2e1e66d45532 HTTP/1.1" 304 - "http://localhost:3000/" "Mozilla/5.0 (Windows NT 10.0; Win64; x64) AppleWebKit/537.36 (KHTML, like Gecko) Chrome/126.0.0.0 Safari/537.36 Edg/126.0.0.0"
::1 - - [02/Jul/2024:09:47:27 +0000] "GET /api/v1/users/6682f7b1fbeb2e1e66d45532 HTTP/1.1" 304 - "http://localhost:3000/" "Mozilla/5.0 (Windows NT 10.0; Win64; x64) AppleWebKit/537.36 (KHTML, like Gecko) Chrome/126.0.0.0 Safari/537.36 Edg/126.0.0.0"
::1 - - [02/Jul/2024:09:47:40 +0000] "GET /api/v1/users/6682f7b1fbeb2e1e66d45532 HTTP/1.1" 304 - "http://localhost:3000/" "Mozilla/5.0 (Windows NT 10.0; Win64; x64) AppleWebKit/537.36 (KHTML, like Gecko) Chrome/126.0.0.0 Safari/537.36 Edg/126.0.0.0"
::1 - - [02/Jul/2024:09:47:41 +0000] "GET /api/v1/users/6682f7b1fbeb2e1e66d45532 HTTP/1.1" 304 - "http://localhost:3000/" "Mozilla/5.0 (Windows NT 10.0; Win64; x64) AppleWebKit/537.36 (KHTML, like Gecko) Chrome/126.0.0.0 Safari/537.36 Edg/126.0.0.0"
::1 - - [02/Jul/2024:09:47:46 +0000] "GET /api/v1/users/6682f7b1fbeb2e1e66d45532 HTTP/1.1" 304 - "http://localhost:3000/" "Mozilla/5.0 (Windows NT 10.0; Win64; x64) AppleWebKit/537.36 (KHTML, like Gecko) Chrome/126.0.0.0 Safari/537.36 Edg/126.0.0.0"
::1 - - [02/Jul/2024:09:47:47 +0000] "GET /api/v1/users/6682f7b1fbeb2e1e66d45532 HTTP/1.1" 304 - "http://localhost:3000/" "Mozilla/5.0 (Windows NT 10.0; Win64; x64) AppleWebKit/537.36 (KHTML, like Gecko) Chrome/126.0.0.0 Safari/537.36 Edg/126.0.0.0"
::1 - - [02/Jul/2024:09:47:48 +0000] "GET /api/v1/users/6682f7b1fbeb2e1e66d45532 HTTP/1.1" 304 - "http://localhost:3000/" "Mozilla/5.0 (Windows NT 10.0; Win64; x64) AppleWebKit/537.36 (KHTML, like Gecko) Chrome/126.0.0.0 Safari/537.36 Edg/126.0.0.0"
::1 - - [02/Jul/2024:09:47:57 +0000] "GET /api/v1/users/6682f7b1fbeb2e1e66d45532 HTTP/1.1" 304 - "http://localhost:3000/" "Mozilla/5.0 (Windows NT 10.0; Win64; x64) AppleWebKit/537.36 (KHTML, like Gecko) Chrome/126.0.0.0 Safari/537.36 Edg/126.0.0.0"
::1 - - [02/Jul/2024:09:48:00 +0000] "GET /api/v1/users/6682f7b1fbeb2e1e66d45532 HTTP/1.1" 304 - "http://localhost:3000/" "Mozilla/5.0 (Windows NT 10.0; Win64; x64) AppleWebKit/537.36 (KHTML, like Gecko) Chrome/126.0.0.0 Safari/537.36 Edg/126.0.0.0"
::ffff:127.0.0.1 - - [02/Jul/2024:09:48:03 +0000] "GET /api/v1/posts HTTP/1.1" 304 - "http://localhost:3000/" "Mozilla/5.0 (Windows NT 10.0; Win64; x64; rv:127.0) Gecko/20100101 Firefox/127.0"
::1 - - [02/Jul/2024:09:48:09 +0000] "GET /api/v1/users/6682f7b1fbeb2e1e66d45532 HTTP/1.1" 304 - "http://localhost:3000/" "Mozilla/5.0 (Windows NT 10.0; Win64; x64) AppleWebKit/537.36 (KHTML, like Gecko) Chrome/126.0.0.0 Safari/537.36 Edg/126.0.0.0"
::1 - - [02/Jul/2024:09:48:17 +0000] "PUT /api/v1/users/change-profile-picture HTTP/1.1" 200 141 "http://localhost:3000/" "Mozilla/5.0 (Windows NT 10.0; Win64; x64) AppleWebKit/537.36 (KHTML, like Gecko) Chrome/126.0.0.0 Safari/537.36 Edg/126.0.0.0"
::1 - - [02/Jul/2024:09:48:18 +0000] "GET /api/v1/users/66803a4d9c83fb2cc966f9c7 HTTP/1.1" 200 1431 "http://localhost:3000/" "Mozilla/5.0 (Windows NT 10.0; Win64; x64) AppleWebKit/537.36 (KHTML, like Gecko) Chrome/126.0.0.0 Safari/537.36 Edg/126.0.0.0"
::1 - - [02/Jul/2024:09:48:20 +0000] "GET /api/v1/users/66803a4d9c83fb2cc966f9c7 HTTP/1.1" 304 - "http://localhost:3000/" "Mozilla/5.0 (Windows NT 10.0; Win64; x64) AppleWebKit/537.36 (KHTML, like Gecko) Chrome/126.0.0.0 Safari/537.36 Edg/126.0.0.0"
::1 - - [02/Jul/2024:09:48:22 +0000] "GET /api/v1/users/66803a4d9c83fb2cc966f9c7 HTTP/1.1" 304 - "http://localhost:3000/" "Mozilla/5.0 (Windows NT 10.0; Win64; x64) AppleWebKit/537.36 (KHTML, like Gecko) Chrome/126.0.0.0 Safari/537.36 Edg/126.0.0.0"
::1 - - [02/Jul/2024:09:48:29 +0000] "GET /api/v1/users/66803a4d9c83fb2cc966f9c7 HTTP/1.1" 304 - "http://localhost:3000/" "Mozilla/5.0 (Windows NT 10.0; Win64; x64) AppleWebKit/537.36 (KHTML, like Gecko) Chrome/126.0.0.0 Safari/537.36 Edg/126.0.0.0"
::1 - - [02/Jul/2024:09:48:31 +0000] "GET /api/v1/users/66803a4d9c83fb2cc966f9c7 HTTP/1.1" 304 - "http://localhost:3000/" "Mozilla/5.0 (Windows NT 10.0; Win64; x64) AppleWebKit/537.36 (KHTML, like Gecko) Chrome/126.0.0.0 Safari/537.36 Edg/126.0.0.0"
::1 - - [02/Jul/2024:09:48:48 +0000] "GET /api/v1/users/66803a4d9c83fb2cc966f9c7 HTTP/1.1" 304 - "http://localhost:3000/" "Mozilla/5.0 (Windows NT 10.0; Win64; x64) AppleWebKit/537.36 (KHTML, like Gecko) Chrome/126.0.0.0 Safari/537.36 Edg/126.0.0.0"
::1 - - [02/Jul/2024:09:49:33 +0000] "GET /api/v1/users/66803a4d9c83fb2cc966f9c7 HTTP/1.1" - - "http://localhost:3000/" "Mozilla/5.0 (Linux; Android 6.0; Nexus 5 Build/MRA58N) AppleWebKit/537.36 (KHTML, like Gecko) Chrome/126.0.0.0 Mobile Safari/537.36 Edg/126.0.0.0"
::1 - - [02/Jul/2024:09:49:38 +0000] "PUT /api/v1/users/change-profile-picture HTTP/1.1" 200 141 "http://localhost:3000/" "Mozilla/5.0 (Linux; Android 6.0; Nexus 5 Build/MRA58N) AppleWebKit/537.36 (KHTML, like Gecko) Chrome/126.0.0.0 Mobile Safari/537.36 Edg/126.0.0.0"
::1 - - [02/Jul/2024:09:49:38 +0000] "GET /api/v1/users/66803a4d9c83fb2cc966f9c7 HTTP/1.1" 200 1431 "http://localhost:3000/" "Mozilla/5.0 (Linux; Android 6.0; Nexus 5 Build/MRA58N) AppleWebKit/537.36 (KHTML, like Gecko) Chrome/126.0.0.0 Mobile Safari/537.36 Edg/126.0.0.0"
::1 - - [02/Jul/2024:09:49:49 +0000] "GET /api/v1/posts HTTP/1.1" 200 1701 "http://localhost:3000/" "Mozilla/5.0 (Linux; Android 6.0; Nexus 5 Build/MRA58N) AppleWebKit/537.36 (KHTML, like Gecko) Chrome/126.0.0.0 Mobile Safari/537.36 Edg/126.0.0.0"
::1 - - [02/Jul/2024:09:49:56 +0000] "GET /api/v1/posts HTTP/1.1" 304 - "http://localhost:3000/" "Mozilla/5.0 (Linux; Android 6.0; Nexus 5 Build/MRA58N) AppleWebKit/537.36 (KHTML, like Gecko) Chrome/126.0.0.0 Mobile Safari/537.36 Edg/126.0.0.0"
::1 - - [02/Jul/2024:09:51:11 +0000] "GET /api/v1/posts HTTP/1.1" 304 - "http://localhost:3000/" "Mozilla/5.0 (Linux; Android 6.0; Nexus 5 Build/MRA58N) AppleWebKit/537.36 (KHTML, like Gecko) Chrome/126.0.0.0 Mobile Safari/537.36 Edg/126.0.0.0"
::1 - - [02/Jul/2024:09:51:15 +0000] "GET /api/v1/users/66803a4d9c83fb2cc966f9c7 HTTP/1.1" - - "http://localhost:3000/" "Mozilla/5.0 (Linux; Android 6.0; Nexus 5 Build/MRA58N) AppleWebKit/537.36 (KHTML, like Gecko) Chrome/126.0.0.0 Mobile Safari/537.36 Edg/126.0.0.0"
::1 - - [02/Jul/2024:09:51:33 +0000] "PUT /api/v1/users/change-profile-picture HTTP/1.1" 200 141 "http://localhost:3000/" "Mozilla/5.0 (Linux; Android 6.0; Nexus 5 Build/MRA58N) AppleWebKit/537.36 (KHTML, like Gecko) Chrome/126.0.0.0 Mobile Safari/537.36 Edg/126.0.0.0"
::1 - - [02/Jul/2024:09:51:33 +0000] "GET /api/v1/users/66803a4d9c83fb2cc966f9c7 HTTP/1.1" 200 1431 "http://localhost:3000/" "Mozilla/5.0 (Windows NT 10.0; Win64; x64) AppleWebKit/537.36 (KHTML, like Gecko) Chrome/126.0.0.0 Safari/537.36 Edg/126.0.0.0"
::ffff:127.0.0.1 - - [02/Jul/2024:09:59:31 +0000] "GET /api/v1/posts HTTP/1.1" 200 1701 "http://localhost:3000/" "Mozilla/5.0 (Windows NT 10.0; Win64; x64; rv:127.0) Gecko/20100101 Firefox/127.0"
::1 - - [02/Jul/2024:09:59:39 +0000] "PUT /api/v1/users/change-profile-picture HTTP/1.1" 200 141 "http://localhost:3000/" "Mozilla/5.0 (Windows NT 10.0; Win64; x64) AppleWebKit/537.36 (KHTML, like Gecko) Chrome/126.0.0.0 Safari/537.36 Edg/126.0.0.0"
::1 - - [02/Jul/2024:09:59:40 +0000] "GET /api/v1/users/66803a4d9c83fb2cc966f9c7 HTTP/1.1" 200 1431 "http://localhost:3000/" "Mozilla/5.0 (Windows NT 10.0; Win64; x64) AppleWebKit/537.36 (KHTML, like Gecko) Chrome/126.0.0.0 Safari/537.36 Edg/126.0.0.0"
::1 - - [02/Jul/2024:09:59:46 +0000] "GET /api/v1/users/66803a4d9c83fb2cc966f9c7 HTTP/1.1" - - "http://localhost:3000/" "Mozilla/5.0 (Windows NT 10.0; Win64; x64) AppleWebKit/537.36 (KHTML, like Gecko) Chrome/126.0.0.0 Safari/537.36 Edg/126.0.0.0"
::1 - - [02/Jul/2024:09:59:48 +0000] "GET /api/v1/posts HTTP/1.1" 304 - "http://localhost:3000/" "Mozilla/5.0 (Windows NT 10.0; Win64; x64) AppleWebKit/537.36 (KHTML, like Gecko) Chrome/126.0.0.0 Safari/537.36 Edg/126.0.0.0"
::1 - - [02/Jul/2024:09:59:58 +0000] "GET /api/v1/posts HTTP/1.1" 304 - "http://localhost:3000/" "Mozilla/5.0 (Windows NT 10.0; Win64; x64) AppleWebKit/537.36 (KHTML, like Gecko) Chrome/126.0.0.0 Safari/537.36 Edg/126.0.0.0"
::ffff:127.0.0.1 - - [02/Jul/2024:09:59:59 +0000] "GET /api/v1/posts HTTP/1.1" 304 - "http://localhost:3000/" "Mozilla/5.0 (Windows NT 10.0; Win64; x64; rv:127.0) Gecko/20100101 Firefox/127.0"
::ffff:127.0.0.1 - - [02/Jul/2024:10:01:18 +0000] "GET /api/v1/posts HTTP/1.1" 304 - "http://localhost:3000/" "Mozilla/5.0 (Windows NT 10.0; Win64; x64; rv:127.0) Gecko/20100101 Firefox/127.0"
::1 - - [02/Jul/2024:10:02:37 +0000] "GET /api/v1/posts HTTP/1.1" 304 - "http://localhost:3000/" "Mozilla/5.0 (Windows NT 10.0; Win64; x64) AppleWebKit/537.36 (KHTML, like Gecko) Chrome/126.0.0.0 Safari/537.36 Edg/126.0.0.0"
::1 - - [02/Jul/2024:10:02:40 +0000] "GET /api/v1/users/66803a4d9c83fb2cc966f9c7 HTTP/1.1" 200 1431 "http://localhost:3000/" "Mozilla/5.0 (Windows NT 10.0; Win64; x64) AppleWebKit/537.36 (KHTML, like Gecko) Chrome/126.0.0.0 Safari/537.36 Edg/126.0.0.0"
::1 - - [02/Jul/2024:10:02:55 +0000] "PUT /api/v1/users/change-profile-picture HTTP/1.1" 200 141 "http://localhost:3000/" "Mozilla/5.0 (Windows NT 10.0; Win64; x64) AppleWebKit/537.36 (KHTML, like Gecko) Chrome/126.0.0.0 Safari/537.36 Edg/126.0.0.0"
::1 - - [02/Jul/2024:10:02:56 +0000] "GET /api/v1/users/66803a4d9c83fb2cc966f9c7 HTTP/1.1" 200 1431 "http://localhost:3000/" "Mozilla/5.0 (Windows NT 10.0; Win64; x64) AppleWebKit/537.36 (KHTML, like Gecko) Chrome/126.0.0.0 Safari/537.36 Edg/126.0.0.0"
::1 - - [02/Jul/2024:10:03:02 +0000] "GET /api/v1/posts HTTP/1.1" 304 - "http://localhost:3000/" "Mozilla/5.0 (Windows NT 10.0; Win64; x64) AppleWebKit/537.36 (KHTML, like Gecko) Chrome/126.0.0.0 Safari/537.36 Edg/126.0.0.0"
::ffff:127.0.0.1 - - [02/Jul/2024:10:05:08 +0000] "GET /api/v1/posts HTTP/1.1" 304 - "http://localhost:3000/" "Mozilla/5.0 (Windows NT 10.0; Win64; x64; rv:127.0) Gecko/20100101 Firefox/127.0"
::ffff:127.0.0.1 - - [02/Jul/2024:10:05:56 +0000] "GET /api/v1/posts HTTP/1.1" 304 - "http://localhost:3000/" "Mozilla/5.0 (Windows NT 10.0; Win64; x64; rv:127.0) Gecko/20100101 Firefox/127.0"
::ffff:127.0.0.1 - - [02/Jul/2024:10:07:00 +0000] "GET /api/v1/posts HTTP/1.1" 304 - "http://localhost:3000/" "Mozilla/5.0 (Windows NT 10.0; Win64; x64; rv:127.0) Gecko/20100101 Firefox/127.0"
::ffff:127.0.0.1 - - [02/Jul/2024:10:16:25 +0000] "GET /api/v1/posts HTTP/1.1" 304 - "http://localhost:3000/" "Mozilla/5.0 (Windows NT 10.0; Win64; x64; rv:127.0) Gecko/20100101 Firefox/127.0"
::1 - - [02/Jul/2024:10:40:30 +0000] "GET /api/v1/posts HTTP/1.1" 304 - "http://localhost:3000/" "Mozilla/5.0 (Windows NT 10.0; Win64; x64) AppleWebKit/537.36 (KHTML, like Gecko) Chrome/126.0.0.0 Safari/537.36 Edg/126.0.0.0"
::1 - - [02/Jul/2024:10:40:35 +0000] "GET /api/v1/posts HTTP/1.1" 304 - "http://localhost:3000/" "Mozilla/5.0 (Windows NT 10.0; Win64; x64) AppleWebKit/537.36 (KHTML, like Gecko) Chrome/126.0.0.0 Safari/537.36 Edg/126.0.0.0"
::1 - - [02/Jul/2024:10:40:39 +0000] "GET /api/v1/posts HTTP/1.1" - - "http://localhost:3000/" "Mozilla/5.0 (Windows NT 10.0; Win64; x64) AppleWebKit/537.36 (KHTML, like Gecko) Chrome/126.0.0.0 Safari/537.36 Edg/126.0.0.0"
::1 - - [02/Jul/2024:10:41:38 +0000] "GET /api/v1/posts HTTP/1.1" 200 1701 "http://localhost:3000/" "Mozilla/5.0 (Windows NT 10.0; Win64; x64) AppleWebKit/537.36 (KHTML, like Gecko) Chrome/126.0.0.0 Safari/537.36 Edg/126.0.0.0"
::ffff:127.0.0.1 - - [02/Jul/2024:10:45:25 +0000] "GET /api/v1/posts HTTP/1.1" 304 - "http://localhost:3000/" "Mozilla/5.0 (Windows NT 10.0; Win64; x64; rv:127.0) Gecko/20100101 Firefox/127.0"
::1 - - [02/Jul/2024:10:45:26 +0000] "GET /api/v1/posts HTTP/1.1" 304 - "http://localhost:3000/" "Mozilla/5.0 (Windows NT 10.0; Win64; x64) AppleWebKit/537.36 (KHTML, like Gecko) Chrome/126.0.0.0 Safari/537.36 Edg/126.0.0.0"
::1 - - [02/Jul/2024:10:46:10 +0000] "GET /api/v1/posts HTTP/1.1" 304 - "http://localhost:3000/" "Mozilla/5.0 (Windows NT 10.0; Win64; x64) AppleWebKit/537.36 (KHTML, like Gecko) Chrome/126.0.0.0 Safari/537.36 Edg/126.0.0.0"
::1 - - [02/Jul/2024:10:46:13 +0000] "GET /api/v1/posts HTTP/1.1" 304 - "http://localhost:3000/" "Mozilla/5.0 (Windows NT 10.0; Win64; x64) AppleWebKit/537.36 (KHTML, like Gecko) Chrome/126.0.0.0 Safari/537.36 Edg/126.0.0.0"
::1 - - [02/Jul/2024:10:46:19 +0000] "GET /api/v1/posts HTTP/1.1" 304 - "http://localhost:3000/" "Mozilla/5.0 (Windows NT 10.0; Win64; x64) AppleWebKit/537.36 (KHTML, like Gecko) Chrome/126.0.0.0 Safari/537.36 Edg/126.0.0.0"
::ffff:127.0.0.1 - - [02/Jul/2024:10:46:25 +0000] "GET /api/v1/posts HTTP/1.1" 304 - "http://localhost:3000/" "Mozilla/5.0 (Windows NT 10.0; Win64; x64; rv:127.0) Gecko/20100101 Firefox/127.0"
::1 - - [02/Jul/2024:10:46:36 +0000] "GET /api/v1/posts HTTP/1.1" 304 - "http://localhost:3000/" "Mozilla/5.0 (Windows NT 10.0; Win64; x64) AppleWebKit/537.36 (KHTML, like Gecko) Chrome/126.0.0.0 Safari/537.36 Edg/126.0.0.0"
::1 - - [02/Jul/2024:10:46:50 +0000] "GET /api/v1/posts HTTP/1.1" 304 - "http://localhost:3000/" "Mozilla/5.0 (Windows NT 10.0; Win64; x64) AppleWebKit/537.36 (KHTML, like Gecko) Chrome/126.0.0.0 Safari/537.36 Edg/126.0.0.0"
::1 - - [02/Jul/2024:10:46:56 +0000] "GET /api/v1/posts HTTP/1.1" 304 - "http://localhost:3000/" "Mozilla/5.0 (Windows NT 10.0; Win64; x64) AppleWebKit/537.36 (KHTML, like Gecko) Chrome/126.0.0.0 Safari/537.36 Edg/126.0.0.0"
::1 - - [02/Jul/2024:10:47:13 +0000] "GET /api/v1/posts HTTP/1.1" 304 - "http://localhost:3000/" "Mozilla/5.0 (Windows NT 10.0; Win64; x64) AppleWebKit/537.36 (KHTML, like Gecko) Chrome/126.0.0.0 Safari/537.36 Edg/126.0.0.0"
::1 - - [02/Jul/2024:10:47:54 +0000] "GET /api/v1/posts HTTP/1.1" 304 - "http://localhost:3000/" "Mozilla/5.0 (Windows NT 10.0; Win64; x64) AppleWebKit/537.36 (KHTML, like Gecko) Chrome/126.0.0.0 Safari/537.36 Edg/126.0.0.0"
::1 - - [02/Jul/2024:10:50:01 +0000] "GET /api/v1/posts HTTP/1.1" 304 - "http://localhost:3000/" "Mozilla/5.0 (Windows NT 10.0; Win64; x64) AppleWebKit/537.36 (KHTML, like Gecko) Chrome/126.0.0.0 Safari/537.36 Edg/126.0.0.0"
::ffff:127.0.0.1 - - [02/Jul/2024:10:50:04 +0000] "GET /api/v1/posts HTTP/1.1" 304 - "http://localhost:3000/" "Mozilla/5.0 (Windows NT 10.0; Win64; x64; rv:127.0) Gecko/20100101 Firefox/127.0"
::1 - - [02/Jul/2024:10:50:21 +0000] "GET /api/v1/posts HTTP/1.1" 304 - "http://localhost:3000/" "Mozilla/5.0 (Windows NT 10.0; Win64; x64) AppleWebKit/537.36 (KHTML, like Gecko) Chrome/126.0.0.0 Safari/537.36 Edg/126.0.0.0"
::1 - - [02/Jul/2024:10:50:29 +0000] "GET /api/v1/posts HTTP/1.1" 304 - "http://localhost:3000/" "Mozilla/5.0 (Windows NT 10.0; Win64; x64) AppleWebKit/537.36 (KHTML, like Gecko) Chrome/126.0.0.0 Safari/537.36 Edg/126.0.0.0"
::1 - - [02/Jul/2024:10:51:32 +0000] "GET /api/v1/posts HTTP/1.1" 304 - "http://localhost:3000/" "Mozilla/5.0 (Windows NT 10.0; Win64; x64) AppleWebKit/537.36 (KHTML, like Gecko) Chrome/126.0.0.0 Safari/537.36 Edg/126.0.0.0"
::1 - - [02/Jul/2024:10:51:38 +0000] "GET /api/v1/posts HTTP/1.1" 304 - "http://localhost:3000/" "Mozilla/5.0 (Windows NT 10.0; Win64; x64) AppleWebKit/537.36 (KHTML, like Gecko) Chrome/126.0.0.0 Safari/537.36 Edg/126.0.0.0"
::1 - - [02/Jul/2024:10:51:43 +0000] "GET /api/v1/posts HTTP/1.1" 304 - "http://localhost:3000/" "Mozilla/5.0 (Windows NT 10.0; Win64; x64) AppleWebKit/537.36 (KHTML, like Gecko) Chrome/126.0.0.0 Safari/537.36 Edg/126.0.0.0"
::1 - - [02/Jul/2024:10:52:19 +0000] "GET /api/v1/posts HTTP/1.1" 304 - "http://localhost:3000/" "Mozilla/5.0 (Windows NT 10.0; Win64; x64) AppleWebKit/537.36 (KHTML, like Gecko) Chrome/126.0.0.0 Safari/537.36 Edg/126.0.0.0"
::1 - - [02/Jul/2024:10:53:01 +0000] "GET /api/v1/posts HTTP/1.1" 304 - "http://localhost:3000/" "Mozilla/5.0 (Windows NT 10.0; Win64; x64) AppleWebKit/537.36 (KHTML, like Gecko) Chrome/126.0.0.0 Safari/537.36 Edg/126.0.0.0"
::1 - - [02/Jul/2024:10:53:27 +0000] "GET /api/v1/posts HTTP/1.1" 304 - "http://localhost:3000/" "Mozilla/5.0 (Windows NT 10.0; Win64; x64) AppleWebKit/537.36 (KHTML, like Gecko) Chrome/126.0.0.0 Safari/537.36 Edg/126.0.0.0"
::1 - - [02/Jul/2024:10:53:36 +0000] "GET /api/v1/posts HTTP/1.1" 304 - "http://localhost:3000/" "Mozilla/5.0 (Windows NT 10.0; Win64; x64) AppleWebKit/537.36 (KHTML, like Gecko) Chrome/126.0.0.0 Safari/537.36 Edg/126.0.0.0"
::1 - - [02/Jul/2024:10:53:41 +0000] "GET /api/v1/posts HTTP/1.1" 304 - "http://localhost:3000/" "Mozilla/5.0 (Windows NT 10.0; Win64; x64) AppleWebKit/537.36 (KHTML, like Gecko) Chrome/126.0.0.0 Safari/537.36 Edg/126.0.0.0"
::1 - - [02/Jul/2024:10:54:07 +0000] "GET /api/v1/posts HTTP/1.1" 304 - "http://localhost:3000/" "Mozilla/5.0 (Windows NT 10.0; Win64; x64) AppleWebKit/537.36 (KHTML, like Gecko) Chrome/126.0.0.0 Safari/537.36 Edg/126.0.0.0"
::1 - - [02/Jul/2024:10:54:10 +0000] "GET /api/v1/posts HTTP/1.1" 304 - "http://localhost:3000/" "Mozilla/5.0 (Windows NT 10.0; Win64; x64) AppleWebKit/537.36 (KHTML, like Gecko) Chrome/126.0.0.0 Safari/537.36 Edg/126.0.0.0"
::1 - - [02/Jul/2024:10:54:17 +0000] "GET /api/v1/posts HTTP/1.1" 304 - "http://localhost:3000/" "Mozilla/5.0 (Windows NT 10.0; Win64; x64) AppleWebKit/537.36 (KHTML, like Gecko) Chrome/126.0.0.0 Safari/537.36 Edg/126.0.0.0"
::ffff:127.0.0.1 - - [02/Jul/2024:10:54:50 +0000] "GET /api/v1/posts HTTP/1.1" 304 - "http://localhost:3000/" "Mozilla/5.0 (Windows NT 10.0; Win64; x64; rv:127.0) Gecko/20100101 Firefox/127.0"
::ffff:127.0.0.1 - - [02/Jul/2024:10:54:53 +0000] "GET /api/v1/posts HTTP/1.1" 304 - "http://localhost:3000/" "Mozilla/5.0 (Windows NT 10.0; Win64; x64; rv:127.0) Gecko/20100101 Firefox/127.0"
::ffff:127.0.0.1 - - [02/Jul/2024:10:54:57 +0000] "GET /api/v1/posts HTTP/1.1" 304 - "http://localhost:3000/" "Mozilla/5.0 (Windows NT 10.0; Win64; x64; rv:127.0) Gecko/20100101 Firefox/127.0"
::ffff:127.0.0.1 - - [02/Jul/2024:10:55:02 +0000] "GET /api/v1/posts HTTP/1.1" - - "http://localhost:3000/" "Mozilla/5.0 (Windows NT 10.0; Win64; x64; rv:127.0) Gecko/20100101 Firefox/127.0"
::ffff:127.0.0.1 - - [02/Jul/2024:10:55:27 +0000] "POST /api/v1/users/login HTTP/1.1" 200 530 "http://localhost:3000/" "Mozilla/5.0 (Windows NT 10.0; Win64; x64; rv:127.0) Gecko/20100101 Firefox/127.0"
::ffff:127.0.0.1 - - [02/Jul/2024:10:55:28 +0000] "GET /api/v1/posts HTTP/1.1" 304 - "http://localhost:3000/" "Mozilla/5.0 (Windows NT 10.0; Win64; x64; rv:127.0) Gecko/20100101 Firefox/127.0"
::ffff:127.0.0.1 - - [02/Jul/2024:10:56:09 +0000] "GET /api/v1/posts HTTP/1.1" 304 - "http://localhost:3000/" "Mozilla/5.0 (Windows NT 10.0; Win64; x64; rv:127.0) Gecko/20100101 Firefox/127.0"
::ffff:127.0.0.1 - - [02/Jul/2024:10:56:17 +0000] "PUT /api/v1/users/change-profile-picture HTTP/1.1" 200 141 "http://localhost:3000/" "Mozilla/5.0 (Windows NT 10.0; Win64; x64; rv:127.0) Gecko/20100101 Firefox/127.0"
::ffff:127.0.0.1 - - [02/Jul/2024:10:56:17 +0000] "GET /api/v1/users/6682f7b1fbeb2e1e66d45532 HTTP/1.1" 200 1094 "http://localhost:3000/" "Mozilla/5.0 (Windows NT 10.0; Win64; x64; rv:127.0) Gecko/20100101 Firefox/127.0"
::ffff:127.0.0.1 - - [02/Jul/2024:10:56:26 +0000] "GET /api/v1/posts HTTP/1.1" 200 1701 "http://localhost:3000/" "Mozilla/5.0 (Windows NT 10.0; Win64; x64; rv:127.0) Gecko/20100101 Firefox/127.0"
::ffff:127.0.0.1 - - [02/Jul/2024:10:56:36 +0000] "GET /api/v1/posts HTTP/1.1" 304 - "http://localhost:3000/" "Mozilla/5.0 (Windows NT 10.0; Win64; x64; rv:127.0) Gecko/20100101 Firefox/127.0"
::ffff:127.0.0.1 - - [02/Jul/2024:10:56:40 +0000] "GET /api/v1/posts HTTP/1.1" 304 - "http://localhost:3000/" "Mozilla/5.0 (Windows NT 10.0; Win64; x64; rv:127.0) Gecko/20100101 Firefox/127.0"
::ffff:127.0.0.1 - - [02/Jul/2024:10:56:43 +0000] "GET /api/v1/users/6682f7b1fbeb2e1e66d45532 HTTP/1.1" 304 - "http://localhost:3000/" "Mozilla/5.0 (Windows NT 10.0; Win64; x64; rv:127.0) Gecko/20100101 Firefox/127.0"
::ffff:127.0.0.1 - - [02/Jul/2024:10:56:51 +0000] "GET /api/v1/users/6682f7b1fbeb2e1e66d45532 HTTP/1.1" 304 - "http://localhost:3000/" "Mozilla/5.0 (Windows NT 10.0; Win64; x64; rv:127.0) Gecko/20100101 Firefox/127.0"
::ffff:127.0.0.1 - - [02/Jul/2024:10:56:57 +0000] "GET /api/v1/users/6682f7b1fbeb2e1e66d45532 HTTP/1.1" 304 - "http://localhost:3000/" "Mozilla/5.0 (Windows NT 10.0; Win64; x64; rv:127.0) Gecko/20100101 Firefox/127.0"
::ffff:127.0.0.1 - - [02/Jul/2024:10:57:02 +0000] "PUT /api/v1/users/change-profile-picture HTTP/1.1" 200 141 "http://localhost:3000/" "Mozilla/5.0 (Windows NT 10.0; Win64; x64; rv:127.0) Gecko/20100101 Firefox/127.0"
::ffff:127.0.0.1 - - [02/Jul/2024:10:57:02 +0000] "GET /api/v1/users/6682f7b1fbeb2e1e66d45532 HTTP/1.1" 200 1094 "http://localhost:3000/" "Mozilla/5.0 (Windows NT 10.0; Win64; x64; rv:127.0) Gecko/20100101 Firefox/127.0"
::ffff:127.0.0.1 - - [02/Jul/2024:10:57:43 +0000] "GET /api/v1/users/6682f7b1fbeb2e1e66d45532 HTTP/1.1" 304 - "http://localhost:3000/" "Mozilla/5.0 (Windows NT 10.0; Win64; x64; rv:127.0) Gecko/20100101 Firefox/127.0"
::ffff:127.0.0.1 - - [02/Jul/2024:10:57:50 +0000] "GET /api/v1/posts HTTP/1.1" 200 1701 "http://localhost:3000/" "Mozilla/5.0 (Windows NT 10.0; Win64; x64; rv:127.0) Gecko/20100101 Firefox/127.0"
::ffff:127.0.0.1 - - [02/Jul/2024:10:59:01 +0000] "GET /api/v1/posts HTTP/1.1" 304 - "http://localhost:3000/" "Mozilla/5.0 (Windows NT 10.0; Win64; x64; rv:127.0) Gecko/20100101 Firefox/127.0"
::ffff:127.0.0.1 - - [02/Jul/2024:10:59:12 +0000] "GET /api/v1/posts HTTP/1.1" 304 - "http://localhost:3000/" "Mozilla/5.0 (Windows NT 10.0; Win64; x64; rv:127.0) Gecko/20100101 Firefox/127.0"
::ffff:127.0.0.1 - - [02/Jul/2024:10:59:16 +0000] "GET /api/v1/posts HTTP/1.1" 304 - "http://localhost:3000/" "Mozilla/5.0 (Windows NT 10.0; Win64; x64; rv:127.0) Gecko/20100101 Firefox/127.0"
::ffff:127.0.0.1 - - [02/Jul/2024:10:59:19 +0000] "GET /api/v1/users/6682f7b1fbeb2e1e66d45532 HTTP/1.1" 304 - "http://localhost:3000/" "Mozilla/5.0 (Windows NT 10.0; Win64; x64; rv:127.0) Gecko/20100101 Firefox/127.0"
::ffff:127.0.0.1 - - [02/Jul/2024:10:59:26 +0000] "GET /api/v1/users/6682f7b1fbeb2e1e66d45532 HTTP/1.1" 304 - "http://localhost:3000/" "Mozilla/5.0 (Windows NT 10.0; Win64; x64; rv:127.0) Gecko/20100101 Firefox/127.0"
::ffff:127.0.0.1 - - [02/Jul/2024:10:59:43 +0000] "PUT /api/v1/users/change-profile-picture HTTP/1.1" 200 141 "http://localhost:3000/" "Mozilla/5.0 (Windows NT 10.0; Win64; x64; rv:127.0) Gecko/20100101 Firefox/127.0"
::ffff:127.0.0.1 - - [02/Jul/2024:10:59:43 +0000] "GET /api/v1/users/6682f7b1fbeb2e1e66d45532 HTTP/1.1" 200 1094 "http://localhost:3000/" "Mozilla/5.0 (Windows NT 10.0; Win64; x64; rv:127.0) Gecko/20100101 Firefox/127.0"
::ffff:127.0.0.1 - - [02/Jul/2024:11:00:16 +0000] "GET /api/v1/users/6682f7b1fbeb2e1e66d45532 HTTP/1.1" 304 - "http://localhost:3000/" "Mozilla/5.0 (Windows NT 10.0; Win64; x64; rv:127.0) Gecko/20100101 Firefox/127.0"
::ffff:127.0.0.1 - - [02/Jul/2024:11:00:23 +0000] "PUT /api/v1/users/change-profile-picture HTTP/1.1" 200 141 "http://localhost:3000/" "Mozilla/5.0 (Windows NT 10.0; Win64; x64; rv:127.0) Gecko/20100101 Firefox/127.0"
::ffff:127.0.0.1 - - [02/Jul/2024:11:00:23 +0000] "GET /api/v1/users/6682f7b1fbeb2e1e66d45532 HTTP/1.1" 200 1094 "http://localhost:3000/" "Mozilla/5.0 (Windows NT 10.0; Win64; x64; rv:127.0) Gecko/20100101 Firefox/127.0"
::ffff:127.0.0.1 - - [02/Jul/2024:11:00:44 +0000] "GET /api/v1/users/6682f7b1fbeb2e1e66d45532 HTTP/1.1" 304 - "http://localhost:3000/" "Mozilla/5.0 (Windows NT 10.0; Win64; x64; rv:127.0) Gecko/20100101 Firefox/127.0"
::ffff:127.0.0.1 - - [02/Jul/2024:11:01:43 +0000] "GET /api/v1/users/6682f7b1fbeb2e1e66d45532 HTTP/1.1" 304 - "http://localhost:3000/" "Mozilla/5.0 (Windows NT 10.0; Win64; x64; rv:127.0) Gecko/20100101 Firefox/127.0"
::ffff:127.0.0.1 - - [02/Jul/2024:11:01:50 +0000] "PUT /api/v1/users/change-profile-picture HTTP/1.1" 200 141 "http://localhost:3000/" "Mozilla/5.0 (Windows NT 10.0; Win64; x64; rv:127.0) Gecko/20100101 Firefox/127.0"
::ffff:127.0.0.1 - - [02/Jul/2024:11:01:51 +0000] "GET /api/v1/users/6682f7b1fbeb2e1e66d45532 HTTP/1.1" 200 1094 "http://localhost:3000/" "Mozilla/5.0 (Windows NT 10.0; Win64; x64; rv:127.0) Gecko/20100101 Firefox/127.0"
::ffff:127.0.0.1 - - [02/Jul/2024:11:02:45 +0000] "PUT /api/v1/users/change-profile-picture HTTP/1.1" 200 141 "http://localhost:3000/" "Mozilla/5.0 (Windows NT 10.0; Win64; x64; rv:127.0) Gecko/20100101 Firefox/127.0"
::ffff:127.0.0.1 - - [02/Jul/2024:11:02:48 +0000] "GET /api/v1/users/6682f7b1fbeb2e1e66d45532 HTTP/1.1" 200 1094 "http://localhost:3000/" "Mozilla/5.0 (Windows NT 10.0; Win64; x64; rv:127.0) Gecko/20100101 Firefox/127.0"
::ffff:127.0.0.1 - - [02/Jul/2024:11:02:50 +0000] "GET /api/v1/posts HTTP/1.1" 304 - "http://localhost:3000/" "Mozilla/5.0 (Windows NT 10.0; Win64; x64; rv:127.0) Gecko/20100101 Firefox/127.0"
::ffff:127.0.0.1 - - [02/Jul/2024:11:03:56 +0000] "GET /api/v1/posts HTTP/1.1" 304 - "http://localhost:3000/" "Mozilla/5.0 (Windows NT 10.0; Win64; x64; rv:127.0) Gecko/20100101 Firefox/127.0"
::ffff:127.0.0.1 - - [02/Jul/2024:11:03:59 +0000] "GET /api/v1/users/6682f7b1fbeb2e1e66d45532 HTTP/1.1" 304 - "http://localhost:3000/" "Mozilla/5.0 (Windows NT 10.0; Win64; x64; rv:127.0) Gecko/20100101 Firefox/127.0"
::ffff:127.0.0.1 - - [02/Jul/2024:11:04:05 +0000] "PUT /api/v1/users/change-profile-picture HTTP/1.1" 200 141 "http://localhost:3000/" "Mozilla/5.0 (Windows NT 10.0; Win64; x64; rv:127.0) Gecko/20100101 Firefox/127.0"
::ffff:127.0.0.1 - - [02/Jul/2024:11:04:05 +0000] "GET /api/v1/users/6682f7b1fbeb2e1e66d45532 HTTP/1.1" 200 1094 "http://localhost:3000/" "Mozilla/5.0 (Windows NT 10.0; Win64; x64; rv:127.0) Gecko/20100101 Firefox/127.0"
::ffff:127.0.0.1 - - [02/Jul/2024:11:04:10 +0000] "GET /api/v1/posts HTTP/1.1" 304 - "http://localhost:3000/" "Mozilla/5.0 (Windows NT 10.0; Win64; x64; rv:127.0) Gecko/20100101 Firefox/127.0"
::ffff:127.0.0.1 - - [02/Jul/2024:11:04:13 +0000] "GET /api/v1/users/6682f7b1fbeb2e1e66d45532 HTTP/1.1" 304 - "http://localhost:3000/" "Mozilla/5.0 (Windows NT 10.0; Win64; x64; rv:127.0) Gecko/20100101 Firefox/127.0"
::ffff:127.0.0.1 - - [02/Jul/2024:11:05:18 +0000] "GET /api/v1/users/6682f7b1fbeb2e1e66d45532 HTTP/1.1" 304 - "http://localhost:3000/" "Mozilla/5.0 (Windows NT 10.0; Win64; x64; rv:127.0) Gecko/20100101 Firefox/127.0"
::ffff:127.0.0.1 - - [02/Jul/2024:11:05:24 +0000] "GET /api/v1/users/6682f7b1fbeb2e1e66d45532 HTTP/1.1" 304 - "http://localhost:3000/" "Mozilla/5.0 (Windows NT 10.0; Win64; x64; rv:127.0) Gecko/20100101 Firefox/127.0"
::ffff:127.0.0.1 - - [02/Jul/2024:11:05:31 +0000] "PUT /api/v1/users/change-profile-picture HTTP/1.1" 200 141 "http://localhost:3000/" "Mozilla/5.0 (Windows NT 10.0; Win64; x64; rv:127.0) Gecko/20100101 Firefox/127.0"
::ffff:127.0.0.1 - - [02/Jul/2024:11:05:32 +0000] "GET /api/v1/users/6682f7b1fbeb2e1e66d45532 HTTP/1.1" 200 1094 "http://localhost:3000/" "Mozilla/5.0 (Windows NT 10.0; Win64; x64; rv:127.0) Gecko/20100101 Firefox/127.0"
::ffff:127.0.0.1 - - [02/Jul/2024:11:05:43 +0000] "GET /api/v1/users/6682f7b1fbeb2e1e66d45532 HTTP/1.1" 304 - "http://localhost:3000/" "Mozilla/5.0 (Windows NT 10.0; Win64; x64; rv:127.0) Gecko/20100101 Firefox/127.0"
::ffff:127.0.0.1 - - [02/Jul/2024:11:05:47 +0000] "GET /api/v1/users/6682f7b1fbeb2e1e66d45532 HTTP/1.1" 304 - "http://localhost:3000/" "Mozilla/5.0 (Windows NT 10.0; Win64; x64; rv:127.0) Gecko/20100101 Firefox/127.0"
::ffff:127.0.0.1 - - [02/Jul/2024:11:06:15 +0000] "GET /api/v1/users/6682f7b1fbeb2e1e66d45532 HTTP/1.1" 304 - "http://localhost:3000/" "Mozilla/5.0 (Windows NT 10.0; Win64; x64; rv:127.0) Gecko/20100101 Firefox/127.0"
::ffff:127.0.0.1 - - [02/Jul/2024:11:06:23 +0000] "GET /api/v1/users/6682f7b1fbeb2e1e66d45532 HTTP/1.1" 304 - "http://localhost:3000/" "Mozilla/5.0 (Windows NT 10.0; Win64; x64; rv:127.0) Gecko/20100101 Firefox/127.0"
::ffff:127.0.0.1 - - [02/Jul/2024:11:06:30 +0000] "GET /api/v1/users/6682f7b1fbeb2e1e66d45532 HTTP/1.1" 304 - "http://localhost:3000/" "Mozilla/5.0 (Windows NT 10.0; Win64; x64; rv:127.0) Gecko/20100101 Firefox/127.0"
::ffff:127.0.0.1 - - [02/Jul/2024:11:06:33 +0000] "GET /api/v1/users/6682f7b1fbeb2e1e66d45532 HTTP/1.1" 304 - "http://localhost:3000/" "Mozilla/5.0 (Windows NT 10.0; Win64; x64; rv:127.0) Gecko/20100101 Firefox/127.0"
::ffff:127.0.0.1 - - [02/Jul/2024:11:06:42 +0000] "PUT /api/v1/users/change-profile-picture HTTP/1.1" 200 141 "http://localhost:3000/" "Mozilla/5.0 (Windows NT 10.0; Win64; x64; rv:127.0) Gecko/20100101 Firefox/127.0"
::ffff:127.0.0.1 - - [02/Jul/2024:11:06:42 +0000] "GET /api/v1/users/6682f7b1fbeb2e1e66d45532 HTTP/1.1" 200 1094 "http://localhost:3000/" "Mozilla/5.0 (Windows NT 10.0; Win64; x64; rv:127.0) Gecko/20100101 Firefox/127.0"
::1 - - [02/Jul/2024:11:09:12 +0000] "GET /api/v1/users/66803a4d9c83fb2cc966f9c7 HTTP/1.1" 200 1431 "http://localhost:3000/" "Mozilla/5.0 (Windows NT 10.0; Win64; x64) AppleWebKit/537.36 (KHTML, like Gecko) Chrome/126.0.0.0 Safari/537.36 Edg/126.0.0.0"
::1 - - [02/Jul/2024:11:09:18 +0000] "GET /api/v1/posts HTTP/1.1" 200 1701 "http://localhost:3000/" "Mozilla/5.0 (Windows NT 10.0; Win64; x64) AppleWebKit/537.36 (KHTML, like Gecko) Chrome/126.0.0.0 Safari/537.36 Edg/126.0.0.0"
::1 - - [02/Jul/2024:11:09:36 +0000] "GET /api/v1/posts HTTP/1.1" 304 - "http://localhost:3000/" "Mozilla/5.0 (Windows NT 10.0; Win64; x64) AppleWebKit/537.36 (KHTML, like Gecko) Chrome/126.0.0.0 Safari/537.36 Edg/126.0.0.0"
::1 - - [02/Jul/2024:11:10:01 +0000] "GET /api/v1/posts HTTP/1.1" 304 - "http://localhost:3000/" "Mozilla/5.0 (Windows NT 10.0; Win64; x64) AppleWebKit/537.36 (KHTML, like Gecko) Chrome/126.0.0.0 Safari/537.36 Edg/126.0.0.0"
::1 - - [02/Jul/2024:11:10:22 +0000] "GET /api/v1/posts HTTP/1.1" 304 - "http://localhost:3000/" "Mozilla/5.0 (Windows NT 10.0; Win64; x64) AppleWebKit/537.36 (KHTML, like Gecko) Chrome/126.0.0.0 Safari/537.36 Edg/126.0.0.0"
::1 - - [02/Jul/2024:11:11:39 +0000] "GET /api/v1/posts HTTP/1.1" 304 - "http://localhost:3000/" "Mozilla/5.0 (Windows NT 10.0; Win64; x64) AppleWebKit/537.36 (KHTML, like Gecko) Chrome/126.0.0.0 Safari/537.36 Edg/126.0.0.0"
::1 - - [02/Jul/2024:11:12:13 +0000] "GET /api/v1/posts HTTP/1.1" 304 - "http://localhost:3000/" "Mozilla/5.0 (Windows NT 10.0; Win64; x64) AppleWebKit/537.36 (KHTML, like Gecko) Chrome/126.0.0.0 Safari/537.36 Edg/126.0.0.0"
::1 - - [02/Jul/2024:11:12:52 +0000] "GET /api/v1/posts HTTP/1.1" 304 - "http://localhost:3000/" "Mozilla/5.0 (Windows NT 10.0; Win64; x64) AppleWebKit/537.36 (KHTML, like Gecko) Chrome/126.0.0.0 Safari/537.36 Edg/126.0.0.0"
::1 - - [02/Jul/2024:11:13:03 +0000] "GET /api/v1/posts HTTP/1.1" 304 - "http://localhost:3000/" "Mozilla/5.0 (Windows NT 10.0; Win64; x64) AppleWebKit/537.36 (KHTML, like Gecko) Chrome/126.0.0.0 Safari/537.36 Edg/126.0.0.0"
::1 - - [02/Jul/2024:11:13:08 +0000] "GET /api/v1/posts/6682df1484b98acaad8e25a8 HTTP/1.1" 200 1008 "http://localhost:3000/" "Mozilla/5.0 (Windows NT 10.0; Win64; x64) AppleWebKit/537.36 (KHTML, like Gecko) Chrome/126.0.0.0 Safari/537.36 Edg/126.0.0.0"
::1 - - [02/Jul/2024:11:13:12 +0000] "GET /api/v1/users/66803a4d9c83fb2cc966f9c7 HTTP/1.1" 304 - "http://localhost:3000/" "Mozilla/5.0 (Windows NT 10.0; Win64; x64) AppleWebKit/537.36 (KHTML, like Gecko) Chrome/126.0.0.0 Safari/537.36 Edg/126.0.0.0"
::1 - - [02/Jul/2024:11:13:32 +0000] "GET /api/v1/users/66803a4d9c83fb2cc966f9c7 HTTP/1.1" 304 - "http://localhost:3000/" "Mozilla/5.0 (Windows NT 10.0; Win64; x64) AppleWebKit/537.36 (KHTML, like Gecko) Chrome/126.0.0.0 Safari/537.36 Edg/126.0.0.0"
::ffff:127.0.0.1 - - [02/Jul/2024:11:13:45 +0000] "GET /api/v1/posts HTTP/1.1" 304 - "http://localhost:3000/" "Mozilla/5.0 (Windows NT 10.0; Win64; x64; rv:127.0) Gecko/20100101 Firefox/127.0"
::ffff:127.0.0.1 - - [02/Jul/2024:11:13:48 +0000] "GET /api/v1/users/6682f7b1fbeb2e1e66d45532 HTTP/1.1" 304 - "http://localhost:3000/" "Mozilla/5.0 (Windows NT 10.0; Win64; x64; rv:127.0) Gecko/20100101 Firefox/127.0"
