::1 - - [02/Jul/2024:06:25:19 +0000] "GET /api/v1/users/6682f7b1fbeb2e1e66d45532 HTTP/1.1" 304 - "http://localhost:3000/" "Mozilla/5.0 (Windows NT 10.0; Win64; x64) AppleWebKit/537.36 (KHTML, like Gecko) Chrome/126.0.0.0 Safari/537.36 Edg/126.0.0.0"
::1 - - [02/Jul/2024:06:25:22 +0000] "GET /api/v1/posts/6682df1484b98acaad8e25a8 HTTP/1.1" 304 - "http://localhost:3000/" "Mozilla/5.0 (Windows NT 10.0; Win64; x64) AppleWebKit/537.36 (KHTML, like Gecko) Chrome/126.0.0.0 Safari/537.36 Edg/126.0.0.0"
::1 - - [02/Jul/2024:06:25:30 +0000] "POST /api/v1/posts/6682df1484b98acaad8e25a8/like HTTP/1.1" 200 11 "http://localhost:3000/" "Mozilla/5.0 (Windows NT 10.0; Win64; x64) AppleWebKit/537.36 (KHTML, like Gecko) Chrome/126.0.0.0 Safari/537.36 Edg/126.0.0.0"
::1 - - [02/Jul/2024:06:25:30 +0000] "GET /api/v1/posts/6682df1484b98acaad8e25a8 HTTP/1.1" 200 991 "http://localhost:3000/" "Mozilla/5.0 (Windows NT 10.0; Win64; x64) AppleWebKit/537.36 (KHTML, like Gecko) Chrome/126.0.0.0 Safari/537.36 Edg/126.0.0.0"
::ffff:127.0.0.1 - - [02/Jul/2024:06:25:33 +0000] "GET /api/v1/posts/user HTTP/1.1" 304 - "http://localhost:3000/" "Mozilla/5.0 (Windows NT 10.0; Win64; x64; rv:127.0) Gecko/20100101 Firefox/127.0"
::1 - - [02/Jul/2024:06:25:35 +0000] "GET /api/v1/posts/6682df1484b98acaad8e25a8 HTTP/1.1" 304 - "http://localhost:3000/" "Mozilla/5.0 (Windows NT 10.0; Win64; x64) AppleWebKit/537.36 (KHTML, like Gecko) Chrome/126.0.0.0 Safari/537.36 Edg/126.0.0.0"
::ffff:127.0.0.1 - - [02/Jul/2024:06:25:41 +0000] "GET /api/v1/posts/6682df1484b98acaad8e25a8 HTTP/1.1" 200 991 "http://localhost:3000/" "Mozilla/5.0 (Windows NT 10.0; Win64; x64; rv:127.0) Gecko/20100101 Firefox/127.0"
::ffff:127.0.0.1 - - [02/Jul/2024:06:25:46 +0000] "POST /api/v1/posts/6682df1484b98acaad8e25a8/like HTTP/1.1" 200 11 "http://localhost:3000/" "Mozilla/5.0 (Windows NT 10.0; Win64; x64; rv:127.0) Gecko/20100101 Firefox/127.0"
::ffff:127.0.0.1 - - [02/Jul/2024:06:25:47 +0000] "GET /api/v1/posts/6682df1484b98acaad8e25a8 HTTP/1.1" 200 1018 "http://localhost:3000/" "Mozilla/5.0 (Windows NT 10.0; Win64; x64; rv:127.0) Gecko/20100101 Firefox/127.0"
::1 - - [02/Jul/2024:06:25:49 +0000] "GET /api/v1/posts/6682df1484b98acaad8e25a8 HTTP/1.1" 200 1018 "http://localhost:3000/" "Mozilla/5.0 (Windows NT 10.0; Win64; x64) AppleWebKit/537.36 (KHTML, like Gecko) Chrome/126.0.0.0 Safari/537.36 Edg/126.0.0.0"
::ffff:127.0.0.1 - - [02/Jul/2024:06:26:05 +0000] "GET /api/v1/posts/6682df1484b98acaad8e25a8 HTTP/1.1" 304 - "http://localhost:3000/" "Mozilla/5.0 (Windows NT 10.0; Win64; x64; rv:127.0) Gecko/20100101 Firefox/127.0"
::ffff:127.0.0.1 - - [02/Jul/2024:06:26:08 +0000] "POST /api/v1/posts/6682df1484b98acaad8e25a8/share HTTP/1.1" 200 23 "http://localhost:3000/" "Mozilla/5.0 (Windows NT 10.0; Win64; x64; rv:127.0) Gecko/20100101 Firefox/127.0"
::ffff:127.0.0.1 - - [02/Jul/2024:06:26:08 +0000] "GET /api/v1/posts/6682df1484b98acaad8e25a8 HTTP/1.1" 200 1018 "http://localhost:3000/" "Mozilla/5.0 (Windows NT 10.0; Win64; x64; rv:127.0) Gecko/20100101 Firefox/127.0"
::ffff:127.0.0.1 - - [02/Jul/2024:06:26:15 +0000] "POST /api/v1/posts/6682df1484b98acaad8e25a8/share HTTP/1.1" 200 23 "http://localhost:3000/" "Mozilla/5.0 (Windows NT 10.0; Win64; x64; rv:127.0) Gecko/20100101 Firefox/127.0"
::ffff:127.0.0.1 - - [02/Jul/2024:06:26:15 +0000] "GET /api/v1/posts/6682df1484b98acaad8e25a8 HTTP/1.1" 200 1018 "http://localhost:3000/" "Mozilla/5.0 (Windows NT 10.0; Win64; x64; rv:127.0) Gecko/20100101 Firefox/127.0"
::1 - - [02/Jul/2024:06:31:06 +0000] "GET /api/v1/posts/6682df1484b98acaad8e25a8 HTTP/1.1" 200 1018 "http://localhost:3000/" "Mozilla/5.0 (Windows NT 10.0; Win64; x64) AppleWebKit/537.36 (KHTML, like Gecko) Chrome/126.0.0.0 Safari/537.36 Edg/126.0.0.0"
::ffff:127.0.0.1 - - [02/Jul/2024:06:32:01 +0000] "GET /api/v1/posts/6682df1484b98acaad8e25a8 HTTP/1.1" 304 - "http://localhost:3000/" "Mozilla/5.0 (Windows NT 10.0; Win64; x64; rv:127.0) Gecko/20100101 Firefox/127.0"
::1 - - [02/Jul/2024:06:32:01 +0000] "GET /api/v1/posts/6682df1484b98acaad8e25a8 HTTP/1.1" 304 - "http://localhost:3000/" "Mozilla/5.0 (Windows NT 10.0; Win64; x64) AppleWebKit/537.36 (KHTML, like Gecko) Chrome/126.0.0.0 Safari/537.36 Edg/126.0.0.0"
::1 - - [02/Jul/2024:06:33:20 +0000] "GET /api/v1/posts/6682df1484b98acaad8e25a8 HTTP/1.1" - - "http://localhost:3000/" "Mozilla/5.0 (Windows NT 10.0; Win64; x64) AppleWebKit/537.36 (KHTML, like Gecko) Chrome/126.0.0.0 Safari/537.36 Edg/126.0.0.0"
::ffff:127.0.0.1 - - [02/Jul/2024:06:33:20 +0000] "GET /api/v1/posts/6682df1484b98acaad8e25a8 HTTP/1.1" - - "http://localhost:3000/" "Mozilla/5.0 (Windows NT 10.0; Win64; x64; rv:127.0) Gecko/20100101 Firefox/127.0"
::1 - - [02/Jul/2024:06:33:51 +0000] "GET /api/v1/posts/6682df1484b98acaad8e25a8 HTTP/1.1" 200 1018 "http://localhost:3000/" "Mozilla/5.0 (Windows NT 10.0; Win64; x64) AppleWebKit/537.36 (KHTML, like Gecko) Chrome/126.0.0.0 Safari/537.36 Edg/126.0.0.0"
::ffff:127.0.0.1 - - [02/Jul/2024:06:33:51 +0000] "GET /api/v1/posts/6682df1484b98acaad8e25a8 HTTP/1.1" 304 - "http://localhost:3000/" "Mozilla/5.0 (Windows NT 10.0; Win64; x64; rv:127.0) Gecko/20100101 Firefox/127.0"
::1 - - [02/Jul/2024:06:40:02 +0000] "GET /api/v1/posts/6682df1484b98acaad8e25a8 HTTP/1.1" 304 - "http://localhost:3000/" "Mozilla/5.0 (Windows NT 10.0; Win64; x64) AppleWebKit/537.36 (KHTML, like Gecko) Chrome/126.0.0.0 Safari/537.36 Edg/126.0.0.0"
::ffff:127.0.0.1 - - [02/Jul/2024:06:40:02 +0000] "GET /api/v1/posts/6682df1484b98acaad8e25a8 HTTP/1.1" 304 - "http://localhost:3000/" "Mozilla/5.0 (Windows NT 10.0; Win64; x64; rv:127.0) Gecko/20100101 Firefox/127.0"
::1 - - [02/Jul/2024:06:40:13 +0000] "GET /api/v1/posts/6682df1484b98acaad8e25a8 HTTP/1.1" 304 - "http://localhost:3000/" "Mozilla/5.0 (Windows NT 10.0; Win64; x64) AppleWebKit/537.36 (KHTML, like Gecko) Chrome/126.0.0.0 Safari/537.36 Edg/126.0.0.0"
::1 - - [02/Jul/2024:06:40:22 +0000] "GET /api/v1/posts/6682df1484b98acaad8e25a8 HTTP/1.1" 304 - "http://localhost:3000/" "Mozilla/5.0 (Windows NT 10.0; Win64; x64) AppleWebKit/537.36 (KHTML, like Gecko) Chrome/126.0.0.0 Safari/537.36 Edg/126.0.0.0"
::ffff:127.0.0.1 - - [02/Jul/2024:06:40:34 +0000] "GET /api/v1/posts/6682df1484b98acaad8e25a8 HTTP/1.1" 304 - "http://localhost:3000/" "Mozilla/5.0 (Windows NT 10.0; Win64; x64; rv:127.0) Gecko/20100101 Firefox/127.0"
::ffff:127.0.0.1 - - [02/Jul/2024:06:43:48 +0000] "GET /api/v1/posts/6682df1484b98acaad8e25a8 HTTP/1.1" 304 - "http://localhost:3000/" "Mozilla/5.0 (Windows NT 10.0; Win64; x64; rv:127.0) Gecko/20100101 Firefox/127.0"
::ffff:127.0.0.1 - - [02/Jul/2024:06:44:16 +0000] "GET /api/v1/posts/6682df1484b98acaad8e25a8 HTTP/1.1" 304 - "http://localhost:3000/" "Mozilla/5.0 (Windows NT 10.0; Win64; x64; rv:127.0) Gecko/20100101 Firefox/127.0"
::1 - - [02/Jul/2024:06:44:27 +0000] "POST /api/v1/users/login HTTP/1.1" 200 568 "http://localhost:3000/" "Mozilla/5.0 (Windows NT 10.0; Win64; x64) AppleWebKit/537.36 (KHTML, like Gecko) Chrome/126.0.0.0 Safari/537.36 Edg/126.0.0.0"
::1 - - [02/Jul/2024:06:44:31 +0000] "GET /api/v1/posts/user HTTP/1.1" 200 861 "http://localhost:3000/" "Mozilla/5.0 (Windows NT 10.0; Win64; x64) AppleWebKit/537.36 (KHTML, like Gecko) Chrome/126.0.0.0 Safari/537.36 Edg/126.0.0.0"
::ffff:127.0.0.1 - - [02/Jul/2024:06:44:34 +0000] "GET /api/v1/posts/6682df1484b98acaad8e25a8 HTTP/1.1" 304 - "http://localhost:3000/" "Mozilla/5.0 (Windows NT 10.0; Win64; x64; rv:127.0) Gecko/20100101 Firefox/127.0"
::ffff:127.0.0.1 - - [02/Jul/2024:06:44:36 +0000] "GET /api/v1/posts/user HTTP/1.1" 304 - "http://localhost:3000/" "Mozilla/5.0 (Windows NT 10.0; Win64; x64; rv:127.0) Gecko/20100101 Firefox/127.0"
::1 - - [02/Jul/2024:06:44:53 +0000] "GET /api/v1/posts/user HTTP/1.1" 304 - "http://localhost:3000/" "Mozilla/5.0 (Windows NT 10.0; Win64; x64) AppleWebKit/537.36 (KHTML, like Gecko) Chrome/126.0.0.0 Safari/537.36 Edg/126.0.0.0"
::1 - - [02/Jul/2024:06:45:35 +0000] "GET /api/v1/posts/user HTTP/1.1" 304 - "http://localhost:3000/" "Mozilla/5.0 (Windows NT 10.0; Win64; x64) AppleWebKit/537.36 (KHTML, like Gecko) Chrome/126.0.0.0 Safari/537.36 Edg/126.0.0.0"
::ffff:127.0.0.1 - - [02/Jul/2024:06:55:33 +0000] "PUT /api/v1/users/change-profile-picture HTTP/1.1" 200 141 "http://localhost:3000/" "Mozilla/5.0 (Windows NT 10.0; Win64; x64; rv:127.0) Gecko/20100101 Firefox/127.0"
::ffff:127.0.0.1 - - [02/Jul/2024:06:55:35 +0000] "GET /api/v1/posts/user HTTP/1.1" 304 - "http://localhost:3000/" "Mozilla/5.0 (Windows NT 10.0; Win64; x64; rv:127.0) Gecko/20100101 Firefox/127.0"
::ffff:127.0.0.1 - - [02/Jul/2024:06:55:41 +0000] "GET /api/v1/posts/user HTTP/1.1" 304 - "http://localhost:3000/" "Mozilla/5.0 (Windows NT 10.0; Win64; x64; rv:127.0) Gecko/20100101 Firefox/127.0"
::ffff:127.0.0.1 - - [02/Jul/2024:06:55:42 +0000] "GET /api/v1/posts/user HTTP/1.1" 304 - "http://localhost:3000/" "Mozilla/5.0 (Windows NT 10.0; Win64; x64; rv:127.0) Gecko/20100101 Firefox/127.0"
::ffff:127.0.0.1 - - [02/Jul/2024:06:55:44 +0000] "GET /api/v1/posts/user HTTP/1.1" 304 - "http://localhost:3000/" "Mozilla/5.0 (Windows NT 10.0; Win64; x64; rv:127.0) Gecko/20100101 Firefox/127.0"
::ffff:127.0.0.1 - - [02/Jul/2024:06:55:49 +0000] "GET /api/v1/posts/user HTTP/1.1" 304 - "http://localhost:3000/" "Mozilla/5.0 (Windows NT 10.0; Win64; x64; rv:127.0) Gecko/20100101 Firefox/127.0"
::ffff:127.0.0.1 - - [02/Jul/2024:06:55:57 +0000] "GET /api/v1/posts/user HTTP/1.1" 304 - "http://localhost:3000/" "Mozilla/5.0 (Windows NT 10.0; Win64; x64; rv:127.0) Gecko/20100101 Firefox/127.0"
::1 - - [02/Jul/2024:06:56:02 +0000] "GET /api/v1/posts/user HTTP/1.1" 200 845 "http://localhost:3000/" "Mozilla/5.0 (Windows NT 10.0; Win64; x64) AppleWebKit/537.36 (KHTML, like Gecko) Chrome/126.0.0.0 Safari/537.36 Edg/126.0.0.0"
::ffff:127.0.0.1 - - [02/Jul/2024:06:56:06 +0000] "GET /api/v1/posts/user HTTP/1.1" 304 - "http://localhost:3000/" "Mozilla/5.0 (Windows NT 10.0; Win64; x64; rv:127.0) Gecko/20100101 Firefox/127.0"
::1 - - [02/Jul/2024:06:56:11 +0000] "GET /api/v1/users HTTP/1.1" 200 953 "-" "PostmanRuntime/7.39.0"
::ffff:127.0.0.1 - - [02/Jul/2024:06:56:26 +0000] "GET /api/v1/posts/user HTTP/1.1" 304 - "http://localhost:3000/" "Mozilla/5.0 (Windows NT 10.0; Win64; x64; rv:127.0) Gecko/20100101 Firefox/127.0"
::ffff:127.0.0.1 - - [02/Jul/2024:06:56:28 +0000] "GET /api/v1/posts/user HTTP/1.1" 304 - "http://localhost:3000/" "Mozilla/5.0 (Windows NT 10.0; Win64; x64; rv:127.0) Gecko/20100101 Firefox/127.0"
::ffff:127.0.0.1 - - [02/Jul/2024:06:56:30 +0000] "GET /api/v1/posts/user HTTP/1.1" 304 - "http://localhost:3000/" "Mozilla/5.0 (Windows NT 10.0; Win64; x64; rv:127.0) Gecko/20100101 Firefox/127.0"
::ffff:127.0.0.1 - - [02/Jul/2024:06:56:39 +0000] "GET /api/v1/posts/user HTTP/1.1" 304 - "http://localhost:3000/" "Mozilla/5.0 (Windows NT 10.0; Win64; x64; rv:127.0) Gecko/20100101 Firefox/127.0"
::1 - - [02/Jul/2024:06:56:43 +0000] "GET /api/v1/posts/user HTTP/1.1" 304 - "http://localhost:3000/" "Mozilla/5.0 (Windows NT 10.0; Win64; x64) AppleWebKit/537.36 (KHTML, like Gecko) Chrome/126.0.0.0 Safari/537.36 Edg/126.0.0.0"
::1 - - [02/Jul/2024:06:56:47 +0000] "GET /api/v1/posts/6682df1484b98acaad8e25a8 HTTP/1.1" 200 1002 "http://localhost:3000/" "Mozilla/5.0 (Windows NT 10.0; Win64; x64) AppleWebKit/537.36 (KHTML, like Gecko) Chrome/126.0.0.0 Safari/537.36 Edg/126.0.0.0"
::1 - - [02/Jul/2024:06:56:50 +0000] "GET /api/v1/users/6682f7b1fbeb2e1e66d45532 HTTP/1.1" 200 404 "http://localhost:3000/" "Mozilla/5.0 (Windows NT 10.0; Win64; x64) AppleWebKit/537.36 (KHTML, like Gecko) Chrome/126.0.0.0 Safari/537.36 Edg/126.0.0.0"
::ffff:127.0.0.1 - - [02/Jul/2024:06:56:53 +0000] "GET /api/v1/posts/user HTTP/1.1" 304 - "http://localhost:3000/" "Mozilla/5.0 (Windows NT 10.0; Win64; x64; rv:127.0) Gecko/20100101 Firefox/127.0"
::ffff:127.0.0.1 - - [02/Jul/2024:06:57:09 +0000] "GET /api/v1/posts/user HTTP/1.1" 304 - "http://localhost:3000/" "Mozilla/5.0 (Windows NT 10.0; Win64; x64; rv:127.0) Gecko/20100101 Firefox/127.0"
::1 - - [02/Jul/2024:06:57:09 +0000] "GET /api/v1/users/6682f7b1fbeb2e1e66d45532 HTTP/1.1" 304 - "http://localhost:3000/" "Mozilla/5.0 (Windows NT 10.0; Win64; x64) AppleWebKit/537.36 (KHTML, like Gecko) Chrome/126.0.0.0 Safari/537.36 Edg/126.0.0.0"
::ffff:127.0.0.1 - - [02/Jul/2024:06:57:19 +0000] "GET /api/v1/posts/user HTTP/1.1" 304 - "http://localhost:3000/" "Mozilla/5.0 (Windows NT 10.0; Win64; x64; rv:127.0) Gecko/20100101 Firefox/127.0"
::1 - - [02/Jul/2024:06:57:21 +0000] "GET /api/v1/users/6682f7b1fbeb2e1e66d45532 HTTP/1.1" 304 - "http://localhost:3000/" "Mozilla/5.0 (Windows NT 10.0; Win64; x64) AppleWebKit/537.36 (KHTML, like Gecko) Chrome/126.0.0.0 Safari/537.36 Edg/126.0.0.0"
::1 - - [02/Jul/2024:06:57:34 +0000] "GET /api/v1/users/6682f7b1fbeb2e1e66d45532 HTTP/1.1" 200 404 "-" "PostmanRuntime/7.39.0"
::1 - - [02/Jul/2024:06:57:36 +0000] "GET /api/v1/users/6682f7b1fbeb2e1e66d45532 HTTP/1.1" 200 404 "-" "PostmanRuntime/7.39.0"
::ffff:127.0.0.1 - - [02/Jul/2024:06:57:40 +0000] "GET /api/v1/posts/user HTTP/1.1" 304 - "http://localhost:3000/" "Mozilla/5.0 (Windows NT 10.0; Win64; x64; rv:127.0) Gecko/20100101 Firefox/127.0"
::1 - - [02/Jul/2024:06:57:40 +0000] "GET /api/v1/users/6682f7b1fbeb2e1e66d45532 HTTP/1.1" 304 - "http://localhost:3000/" "Mozilla/5.0 (Windows NT 10.0; Win64; x64) AppleWebKit/537.36 (KHTML, like Gecko) Chrome/126.0.0.0 Safari/537.36 Edg/126.0.0.0"
::1 - - [02/Jul/2024:06:57:46 +0000] "GET /api/v1/users/6682f7b1fbeb2e1e66d45532 HTTP/1.1" 304 - "http://localhost:3000/" "Mozilla/5.0 (Windows NT 10.0; Win64; x64) AppleWebKit/537.36 (KHTML, like Gecko) Chrome/126.0.0.0 Safari/537.36 Edg/126.0.0.0"
::1 - - [02/Jul/2024:06:57:57 +0000] "GET /api/v1/users HTTP/1.1" 200 953 "-" "PostmanRuntime/7.39.0"
::1 - - [02/Jul/2024:06:58:03 +0000] "GET /api/v1/users/66803a4d9c83fb2cc966f9c7 HTTP/1.1" 200 439 "-" "PostmanRuntime/7.39.0"
::1 - - [02/Jul/2024:06:58:08 +0000] "GET /api/v1/users HTTP/1.1" 200 953 "-" "PostmanRuntime/7.39.0"
::1 - - [02/Jul/2024:06:58:11 +0000] "GET /api/v1/posts/ HTTP/1.1" 200 874 "-" "PostmanRuntime/7.39.0"
::1 - - [02/Jul/2024:06:58:29 +0000] "GET /api/v1/users/6682f7b1fbeb2e1e66d45532 HTTP/1.1" 304 - "http://localhost:3000/" "Mozilla/5.0 (Windows NT 10.0; Win64; x64) AppleWebKit/537.36 (KHTML, like Gecko) Chrome/126.0.0.0 Safari/537.36 Edg/126.0.0.0"
::ffff:127.0.0.1 - - [02/Jul/2024:06:58:29 +0000] "GET /api/v1/posts/user HTTP/1.1" 304 - "http://localhost:3000/" "Mozilla/5.0 (Windows NT 10.0; Win64; x64; rv:127.0) Gecko/20100101 Firefox/127.0"
::1 - - [02/Jul/2024:06:59:32 +0000] "GET /api/v1/users/6682f7b1fbeb2e1e66d45532 HTTP/1.1" 304 - "http://localhost:3000/" "Mozilla/5.0 (Windows NT 10.0; Win64; x64) AppleWebKit/537.36 (KHTML, like Gecko) Chrome/126.0.0.0 Safari/537.36 Edg/126.0.0.0"
::ffff:127.0.0.1 - - [02/Jul/2024:06:59:34 +0000] "GET /api/v1/posts/user HTTP/1.1" 304 - "http://localhost:3000/" "Mozilla/5.0 (Windows NT 10.0; Win64; x64; rv:127.0) Gecko/20100101 Firefox/127.0"
::1 - - [02/Jul/2024:06:59:36 +0000] "GET /api/v1/users/66803a4d9c83fb2cc966f9c7 HTTP/1.1" 200 1042 "-" "PostmanRuntime/7.39.0"
::ffff:127.0.0.1 - - [02/Jul/2024:07:00:08 +0000] "GET /api/v1/users/6682f7b1fbeb2e1e66d45532 HTTP/1.1" 200 404 "http://localhost:3000/" "Mozilla/5.0 (Windows NT 10.0; Win64; x64; rv:127.0) Gecko/20100101 Firefox/127.0"
::ffff:127.0.0.1 - - [02/Jul/2024:07:00:26 +0000] "GET /api/v1/users/6682f7b1fbeb2e1e66d45532 HTTP/1.1" 304 - "http://localhost:3000/" "Mozilla/5.0 (Windows NT 10.0; Win64; x64; rv:127.0) Gecko/20100101 Firefox/127.0"
::ffff:127.0.0.1 - - [02/Jul/2024:07:00:27 +0000] "GET /api/v1/users/6682f7b1fbeb2e1e66d45532 HTTP/1.1" 304 - "http://localhost:3000/" "Mozilla/5.0 (Windows NT 10.0; Win64; x64; rv:127.0) Gecko/20100101 Firefox/127.0"
::1 - - [02/Jul/2024:07:00:30 +0000] "GET /api/v1/users/6682f7b1fbeb2e1e66d45532 HTTP/1.1" 304 - "http://localhost:3000/" "Mozilla/5.0 (Windows NT 10.0; Win64; x64) AppleWebKit/537.36 (KHTML, like Gecko) Chrome/126.0.0.0 Safari/537.36 Edg/126.0.0.0"
::ffff:127.0.0.1 - - [02/Jul/2024:07:00:53 +0000] "GET /api/v1/users/6682f7b1fbeb2e1e66d45532 HTTP/1.1" 304 - "http://localhost:3000/" "Mozilla/5.0 (Windows NT 10.0; Win64; x64; rv:127.0) Gecko/20100101 Firefox/127.0"
::ffff:127.0.0.1 - - [02/Jul/2024:07:01:09 +0000] "PUT /api/v1/users/change-profile-picture HTTP/1.1" 200 141 "http://localhost:3000/" "Mozilla/5.0 (Windows NT 10.0; Win64; x64; rv:127.0) Gecko/20100101 Firefox/127.0"
::ffff:127.0.0.1 - - [02/Jul/2024:07:01:11 +0000] "GET /api/v1/users/6682f7b1fbeb2e1e66d45532 HTTP/1.1" 200 404 "http://localhost:3000/" "Mozilla/5.0 (Windows NT 10.0; Win64; x64; rv:127.0) Gecko/20100101 Firefox/127.0"
::1 - - [02/Jul/2024:07:01:19 +0000] "GET /api/v1/users/6682f7b1fbeb2e1e66d45532 HTTP/1.1" 200 404 "http://localhost:3000/" "Mozilla/5.0 (Windows NT 10.0; Win64; x64) AppleWebKit/537.36 (KHTML, like Gecko) Chrome/126.0.0.0 Safari/537.36 Edg/126.0.0.0"
::1 - - [02/Jul/2024:07:01:39 +0000] "GET /api/v1/users/6682f7b1fbeb2e1e66d45532 HTTP/1.1" 304 - "http://localhost:3000/" "Mozilla/5.0 (Windows NT 10.0; Win64; x64) AppleWebKit/537.36 (KHTML, like Gecko) Chrome/126.0.0.0 Safari/537.36 Edg/126.0.0.0"
::ffff:127.0.0.1 - - [02/Jul/2024:07:02:03 +0000] "GET /api/v1/users/6682f7b1fbeb2e1e66d45532 HTTP/1.1" 304 - "http://localhost:3000/" "Mozilla/5.0 (Windows NT 10.0; Win64; x64; rv:127.0) Gecko/20100101 Firefox/127.0"
::ffff:127.0.0.1 - - [02/Jul/2024:07:02:15 +0000] "GET /api/v1/users/6682f7b1fbeb2e1e66d45532 HTTP/1.1" 304 - "http://localhost:3000/" "Mozilla/5.0 (Windows NT 10.0; Win64; x64; rv:127.0) Gecko/20100101 Firefox/127.0"
::ffff:127.0.0.1 - - [02/Jul/2024:07:02:22 +0000] "GET /api/v1/users/6682f7b1fbeb2e1e66d45532 HTTP/1.1" 304 - "http://localhost:3000/" "Mozilla/5.0 (Windows NT 10.0; Win64; x64; rv:127.0) Gecko/20100101 Firefox/127.0"
::ffff:127.0.0.1 - - [02/Jul/2024:07:26:46 +0000] "GET /api/v1/users/6682f7b1fbeb2e1e66d45532 HTTP/1.1" 304 - "http://localhost:3000/" "Mozilla/5.0 (Windows NT 10.0; Win64; x64; rv:127.0) Gecko/20100101 Firefox/127.0"
::ffff:127.0.0.1 - - [02/Jul/2024:07:32:58 +0000] "GET /api/v1/users/6682f7b1fbeb2e1e66d45532 HTTP/1.1" 304 - "http://localhost:3000/" "Mozilla/5.0 (Windows NT 10.0; Win64; x64; rv:127.0) Gecko/20100101 Firefox/127.0"
::1 - - [02/Jul/2024:07:33:27 +0000] "PUT /api/v1/users/change-profile-picture HTTP/1.1" 200 141 "http://localhost:3000/" "Mozilla/5.0 (Windows NT 10.0; Win64; x64) AppleWebKit/537.36 (KHTML, like Gecko) Chrome/126.0.0.0 Safari/537.36 Edg/126.0.0.0"
::1 - - [02/Jul/2024:07:33:27 +0000] "GET /api/v1/users/66803a4d9c83fb2cc966f9c7 HTTP/1.1" 200 1026 "http://localhost:3000/" "Mozilla/5.0 (Windows NT 10.0; Win64; x64) AppleWebKit/537.36 (KHTML, like Gecko) Chrome/126.0.0.0 Safari/537.36 Edg/126.0.0.0"
::1 - - [02/Jul/2024:07:33:36 +0000] "GET /api/v1/users/66803a4d9c83fb2cc966f9c7 HTTP/1.1" 304 - "http://localhost:3000/" "Mozilla/5.0 (Windows NT 10.0; Win64; x64) AppleWebKit/537.36 (KHTML, like Gecko) Chrome/126.0.0.0 Safari/537.36 Edg/126.0.0.0"
::1 - - [02/Jul/2024:07:33:39 +0000] "GET /api/v1/users/66803a4d9c83fb2cc966f9c7 HTTP/1.1" 304 - "http://localhost:3000/" "Mozilla/5.0 (Windows NT 10.0; Win64; x64) AppleWebKit/537.36 (KHTML, like Gecko) Chrome/126.0.0.0 Safari/537.36 Edg/126.0.0.0"
::1 - - [02/Jul/2024:07:33:54 +0000] "GET /api/v1/users/66803a4d9c83fb2cc966f9c7 HTTP/1.1" 304 - "http://localhost:3000/" "Mozilla/5.0 (Windows NT 10.0; Win64; x64) AppleWebKit/537.36 (KHTML, like Gecko) Chrome/126.0.0.0 Safari/537.36 Edg/126.0.0.0"
::1 - - [02/Jul/2024:07:34:07 +0000] "GET /api/v1/users/66803a4d9c83fb2cc966f9c7 HTTP/1.1" 304 - "http://localhost:3000/" "Mozilla/5.0 (Windows NT 10.0; Win64; x64) AppleWebKit/537.36 (KHTML, like Gecko) Chrome/126.0.0.0 Safari/537.36 Edg/126.0.0.0"
::1 - - [02/Jul/2024:07:34:11 +0000] "GET /api/v1/posts/undefined HTTP/1.1" 500 123 "http://localhost:3000/" "Mozilla/5.0 (Windows NT 10.0; Win64; x64) AppleWebKit/537.36 (KHTML, like Gecko) Chrome/126.0.0.0 Safari/537.36 Edg/126.0.0.0"
::1 - - [02/Jul/2024:07:34:16 +0000] "GET /api/v1/users/66803a4d9c83fb2cc966f9c7 HTTP/1.1" 304 - "http://localhost:3000/" "Mozilla/5.0 (Windows NT 10.0; Win64; x64) AppleWebKit/537.36 (KHTML, like Gecko) Chrome/126.0.0.0 Safari/537.36 Edg/126.0.0.0"
::1 - - [02/Jul/2024:07:34:18 +0000] "GET /api/v1/posts/undefined HTTP/1.1" 500 123 "http://localhost:3000/" "Mozilla/5.0 (Windows NT 10.0; Win64; x64) AppleWebKit/537.36 (KHTML, like Gecko) Chrome/126.0.0.0 Safari/537.36 Edg/126.0.0.0"
::1 - - [02/Jul/2024:07:34:19 +0000] "GET /api/v1/users/66803a4d9c83fb2cc966f9c7 HTTP/1.1" 304 - "http://localhost:3000/" "Mozilla/5.0 (Windows NT 10.0; Win64; x64) AppleWebKit/537.36 (KHTML, like Gecko) Chrome/126.0.0.0 Safari/537.36 Edg/126.0.0.0"
::1 - - [02/Jul/2024:07:34:21 +0000] "GET /api/v1/users/66803a4d9c83fb2cc966f9c7 HTTP/1.1" 304 - "http://localhost:3000/" "Mozilla/5.0 (Windows NT 10.0; Win64; x64) AppleWebKit/537.36 (KHTML, like Gecko) Chrome/126.0.0.0 Safari/537.36 Edg/126.0.0.0"
::1 - - [02/Jul/2024:07:34:27 +0000] "GET /api/v1/users/66803a4d9c83fb2cc966f9c7 HTTP/1.1" 304 - "http://localhost:3000/" "Mozilla/5.0 (Windows NT 10.0; Win64; x64) AppleWebKit/537.36 (KHTML, like Gecko) Chrome/126.0.0.0 Safari/537.36 Edg/126.0.0.0"
::1 - - [02/Jul/2024:07:34:31 +0000] "GET /api/v1/posts/6682df1484b98acaad8e25a8 HTTP/1.1" 200 970 "http://localhost:3000/" "Mozilla/5.0 (Windows NT 10.0; Win64; x64) AppleWebKit/537.36 (KHTML, like Gecko) Chrome/126.0.0.0 Safari/537.36 Edg/126.0.0.0"
::1 - - [02/Jul/2024:07:34:43 +0000] "GET /api/v1/posts/6682df1484b98acaad8e25a8 HTTP/1.1" 304 - "http://localhost:3000/" "Mozilla/5.0 (Windows NT 10.0; Win64; x64) AppleWebKit/537.36 (KHTML, like Gecko) Chrome/126.0.0.0 Safari/537.36 Edg/126.0.0.0"
::1 - - [02/Jul/2024:07:34:58 +0000] "GET /api/v1/posts/6682df1484b98acaad8e25a8 HTTP/1.1" 304 - "http://localhost:3000/" "Mozilla/5.0 (Windows NT 10.0; Win64; x64) AppleWebKit/537.36 (KHTML, like Gecko) Chrome/126.0.0.0 Safari/537.36 Edg/126.0.0.0"
::1 - - [02/Jul/2024:07:35:13 +0000] "GET /api/v1/posts/6682df1484b98acaad8e25a8 HTTP/1.1" 304 - "http://localhost:3000/" "Mozilla/5.0 (Windows NT 10.0; Win64; x64) AppleWebKit/537.36 (KHTML, like Gecko) Chrome/126.0.0.0 Safari/537.36 Edg/126.0.0.0"
::1 - - [02/Jul/2024:07:35:31 +0000] "GET /api/v1/posts/6682df1484b98acaad8e25a8 HTTP/1.1" 304 - "http://localhost:3000/" "Mozilla/5.0 (Windows NT 10.0; Win64; x64) AppleWebKit/537.36 (KHTML, like Gecko) Chrome/126.0.0.0 Safari/537.36 Edg/126.0.0.0"
::1 - - [02/Jul/2024:07:36:03 +0000] "GET /api/v1/posts/6682df1484b98acaad8e25a8 HTTP/1.1" 304 - "http://localhost:3000/" "Mozilla/5.0 (Windows NT 10.0; Win64; x64) AppleWebKit/537.36 (KHTML, like Gecko) Chrome/126.0.0.0 Safari/537.36 Edg/126.0.0.0"
::1 - - [02/Jul/2024:07:36:07 +0000] "GET /api/v1/posts/6682df1484b98acaad8e25a8 HTTP/1.1" 304 - "http://localhost:3000/" "Mozilla/5.0 (Windows NT 10.0; Win64; x64) AppleWebKit/537.36 (KHTML, like Gecko) Chrome/126.0.0.0 Safari/537.36 Edg/126.0.0.0"
::1 - - [02/Jul/2024:07:36:14 +0000] "GET /api/v1/posts/6682df1484b98acaad8e25a8 HTTP/1.1" 304 - "http://localhost:3000/" "Mozilla/5.0 (Windows NT 10.0; Win64; x64) AppleWebKit/537.36 (KHTML, like Gecko) Chrome/126.0.0.0 Safari/537.36 Edg/126.0.0.0"
::1 - - [02/Jul/2024:07:36:30 +0000] "GET /api/v1/users/6682f7b1fbeb2e1e66d45532 HTTP/1.1" 304 - "http://localhost:3000/" "Mozilla/5.0 (Windows NT 10.0; Win64; x64) AppleWebKit/537.36 (KHTML, like Gecko) Chrome/126.0.0.0 Safari/537.36 Edg/126.0.0.0"
::1 - - [02/Jul/2024:07:36:34 +0000] "GET /api/v1/users/66803a4d9c83fb2cc966f9c7 HTTP/1.1" 304 - "http://localhost:3000/" "Mozilla/5.0 (Windows NT 10.0; Win64; x64) AppleWebKit/537.36 (KHTML, like Gecko) Chrome/126.0.0.0 Safari/537.36 Edg/126.0.0.0"
::ffff:127.0.0.1 - - [02/Jul/2024:07:36:52 +0000] "GET /api/v1/users/6682f7b1fbeb2e1e66d45532 HTTP/1.1" 304 - "http://localhost:3000/" "Mozilla/5.0 (Windows NT 10.0; Win64; x64; rv:127.0) Gecko/20100101 Firefox/127.0"
::1 - - [02/Jul/2024:07:38:29 +0000] "GET /api/v1/posts HTTP/1.1" 200 858 "http://localhost:3000/" "Mozilla/5.0 (Windows NT 10.0; Win64; x64) AppleWebKit/537.36 (KHTML, like Gecko) Chrome/126.0.0.0 Safari/537.36 Edg/126.0.0.0"
::ffff:127.0.0.1 - - [02/Jul/2024:07:38:29 +0000] "GET /api/v1/posts HTTP/1.1" 200 858 "http://localhost:3000/" "Mozilla/5.0 (Windows NT 10.0; Win64; x64; rv:127.0) Gecko/20100101 Firefox/127.0"
::ffff:127.0.0.1 - - [02/Jul/2024:07:39:07 +0000] "GET /api/v1/posts HTTP/1.1" 304 - "http://localhost:3000/" "Mozilla/5.0 (Windows NT 10.0; Win64; x64; rv:127.0) Gecko/20100101 Firefox/127.0"
::1 - - [02/Jul/2024:07:39:11 +0000] "GET /api/v1/posts HTTP/1.1" 304 - "http://localhost:3000/" "Mozilla/5.0 (Windows NT 10.0; Win64; x64) AppleWebKit/537.36 (KHTML, like Gecko) Chrome/126.0.0.0 Safari/537.36 Edg/126.0.0.0"
::ffff:127.0.0.1 - - [02/Jul/2024:07:39:12 +0000] "GET /api/v1/posts HTTP/1.1" 304 - "http://localhost:3000/" "Mozilla/5.0 (Windows NT 10.0; Win64; x64; rv:127.0) Gecko/20100101 Firefox/127.0"
::1 - - [02/Jul/2024:07:41:38 +0000] "GET /api/v1/posts HTTP/1.1" 304 - "http://localhost:3000/" "Mozilla/5.0 (Windows NT 10.0; Win64; x64) AppleWebKit/537.36 (KHTML, like Gecko) Chrome/126.0.0.0 Safari/537.36 Edg/126.0.0.0"
::ffff:127.0.0.1 - - [02/Jul/2024:07:41:38 +0000] "GET /api/v1/posts HTTP/1.1" 304 - "http://localhost:3000/" "Mozilla/5.0 (Windows NT 10.0; Win64; x64; rv:127.0) Gecko/20100101 Firefox/127.0"
::ffff:127.0.0.1 - - [02/Jul/2024:07:42:13 +0000] "GET /api/v1/posts HTTP/1.1" - - "http://localhost:3000/" "Mozilla/5.0 (Windows NT 10.0; Win64; x64; rv:127.0) Gecko/20100101 Firefox/127.0"
::ffff:127.0.0.1 - - [02/Jul/2024:07:42:16 +0000] "GET /api/v1/posts HTTP/1.1" 304 - "http://localhost:3000/" "Mozilla/5.0 (Windows NT 10.0; Win64; x64; rv:127.0) Gecko/20100101 Firefox/127.0"
::1 - - [02/Jul/2024:07:43:16 +0000] "GET /api/v1/posts HTTP/1.1" 304 - "http://localhost:3000/" "Mozilla/5.0 (Windows NT 10.0; Win64; x64) AppleWebKit/537.36 (KHTML, like Gecko) Chrome/126.0.0.0 Safari/537.36 Edg/126.0.0.0"
::1 - - [02/Jul/2024:07:43:46 +0000] "GET /api/v1/posts HTTP/1.1" 200 972 "http://localhost:3000/" "Mozilla/5.0 (Windows NT 10.0; Win64; x64) AppleWebKit/537.36 (KHTML, like Gecko) Chrome/126.0.0.0 Safari/537.36 Edg/126.0.0.0"
::1 - - [02/Jul/2024:07:44:30 +0000] "GET /api/v1/posts HTTP/1.1" 200 1010 "http://localhost:3000/" "Mozilla/5.0 (Windows NT 10.0; Win64; x64) AppleWebKit/537.36 (KHTML, like Gecko) Chrome/126.0.0.0 Safari/537.36 Edg/126.0.0.0"
::1 - - [02/Jul/2024:07:46:44 +0000] "GET /api/v1/posts HTTP/1.1" 304 - "http://localhost:3000/" "Mozilla/5.0 (Windows NT 10.0; Win64; x64) AppleWebKit/537.36 (KHTML, like Gecko) Chrome/126.0.0.0 Safari/537.36 Edg/126.0.0.0"
::1 - - [02/Jul/2024:07:47:21 +0000] "GET /api/v1/posts HTTP/1.1" 304 - "http://localhost:3000/" "Mozilla/5.0 (Windows NT 10.0; Win64; x64) AppleWebKit/537.36 (KHTML, like Gecko) Chrome/126.0.0.0 Safari/537.36 Edg/126.0.0.0"
::1 - - [02/Jul/2024:07:47:24 +0000] "GET /api/v1/users/66803a4d9c83fb2cc966f9c7 HTTP/1.1" 304 - "http://localhost:3000/" "Mozilla/5.0 (Windows NT 10.0; Win64; x64) AppleWebKit/537.36 (KHTML, like Gecko) Chrome/126.0.0.0 Safari/537.36 Edg/126.0.0.0"
::1 - - [02/Jul/2024:07:48:14 +0000] "GET /api/v1/posts/user HTTP/1.1" 200 1010 "-" "PostmanRuntime/7.39.0"
::1 - - [02/Jul/2024:07:48:17 +0000] "GET /api/v1/users/66803a4d9c83fb2cc966f9c7 HTTP/1.1" 304 - "http://localhost:3000/" "Mozilla/5.0 (Windows NT 10.0; Win64; x64) AppleWebKit/537.36 (KHTML, like Gecko) Chrome/126.0.0.0 Safari/537.36 Edg/126.0.0.0"
::1 - - [02/Jul/2024:07:49:07 +0000] "GET /api/v1/users/66803a4d9c83fb2cc966f9c7 HTTP/1.1" 304 - "http://localhost:3000/" "Mozilla/5.0 (Windows NT 10.0; Win64; x64) AppleWebKit/537.36 (KHTML, like Gecko) Chrome/126.0.0.0 Safari/537.36 Edg/126.0.0.0"
::1 - - [02/Jul/2024:07:49:09 +0000] "GET /api/v1/posts HTTP/1.1" 304 - "http://localhost:3000/" "Mozilla/5.0 (Windows NT 10.0; Win64; x64) AppleWebKit/537.36 (KHTML, like Gecko) Chrome/126.0.0.0 Safari/537.36 Edg/126.0.0.0"
::1 - - [02/Jul/2024:07:49:31 +0000] "GET /api/v1/posts HTTP/1.1" 304 - "http://localhost:3000/" "Mozilla/5.0 (Windows NT 10.0; Win64; x64) AppleWebKit/537.36 (KHTML, like Gecko) Chrome/126.0.0.0 Safari/537.36 Edg/126.0.0.0"
::1 - - [02/Jul/2024:07:49:39 +0000] "GET /api/v1/posts HTTP/1.1" 304 - "http://localhost:3000/" "Mozilla/5.0 (Windows NT 10.0; Win64; x64) AppleWebKit/537.36 (KHTML, like Gecko) Chrome/126.0.0.0 Safari/537.36 Edg/126.0.0.0"
::1 - - [02/Jul/2024:07:50:01 +0000] "GET /api/v1/posts HTTP/1.1" 304 - "http://localhost:3000/" "Mozilla/5.0 (Windows NT 10.0; Win64; x64) AppleWebKit/537.36 (KHTML, like Gecko) Chrome/126.0.0.0 Safari/537.36 Edg/126.0.0.0"
::ffff:127.0.0.1 - - [02/Jul/2024:07:50:08 +0000] "GET /api/v1/posts HTTP/1.1" 200 1010 "http://localhost:3000/" "Mozilla/5.0 (Windows NT 10.0; Win64; x64; rv:127.0) Gecko/20100101 Firefox/127.0"
::1 - - [02/Jul/2024:07:50:15 +0000] "GET /api/v1/posts HTTP/1.1" 304 - "http://localhost:3000/" "Mozilla/5.0 (Windows NT 10.0; Win64; x64) AppleWebKit/537.36 (KHTML, like Gecko) Chrome/126.0.0.0 Safari/537.36 Edg/126.0.0.0"
::1 - - [02/Jul/2024:07:50:28 +0000] "GET /api/v1/posts HTTP/1.1" 304 - "http://localhost:3000/" "Mozilla/5.0 (Windows NT 10.0; Win64; x64) AppleWebKit/537.36 (KHTML, like Gecko) Chrome/126.0.0.0 Safari/537.36 Edg/126.0.0.0"
::1 - - [02/Jul/2024:07:50:40 +0000] "GET /api/v1/posts/6682df1484b98acaad8e25a8 HTTP/1.1" 200 1008 "http://localhost:3000/" "Mozilla/5.0 (Windows NT 10.0; Win64; x64) AppleWebKit/537.36 (KHTML, like Gecko) Chrome/126.0.0.0 Safari/537.36 Edg/126.0.0.0"
::1 - - [02/Jul/2024:07:50:45 +0000] "GET /api/v1/posts HTTP/1.1" 304 - "http://localhost:3000/" "Mozilla/5.0 (Windows NT 10.0; Win64; x64) AppleWebKit/537.36 (KHTML, like Gecko) Chrome/126.0.0.0 Safari/537.36 Edg/126.0.0.0"
::1 - - [02/Jul/2024:07:50:49 +0000] "GET /api/v1/posts/6682df1484b98acaad8e25a8 HTTP/1.1" 304 - "http://localhost:3000/" "Mozilla/5.0 (Windows NT 10.0; Win64; x64) AppleWebKit/537.36 (KHTML, like Gecko) Chrome/126.0.0.0 Safari/537.36 Edg/126.0.0.0"
::1 - - [02/Jul/2024:07:50:54 +0000] "GET /api/v1/users/66803a4d9c83fb2cc966f9c7 HTTP/1.1" 304 - "http://localhost:3000/" "Mozilla/5.0 (Windows NT 10.0; Win64; x64) AppleWebKit/537.36 (KHTML, like Gecko) Chrome/126.0.0.0 Safari/537.36 Edg/126.0.0.0"
::1 - - [02/Jul/2024:07:50:57 +0000] "GET /api/v1/posts/undefined HTTP/1.1" 500 123 "http://localhost:3000/" "Mozilla/5.0 (Windows NT 10.0; Win64; x64) AppleWebKit/537.36 (KHTML, like Gecko) Chrome/126.0.0.0 Safari/537.36 Edg/126.0.0.0"
::1 - - [02/Jul/2024:07:50:58 +0000] "GET /api/v1/posts/undefined HTTP/1.1" 500 123 "http://localhost:3000/" "Mozilla/5.0 (Windows NT 10.0; Win64; x64) AppleWebKit/537.36 (KHTML, like Gecko) Chrome/126.0.0.0 Safari/537.36 Edg/126.0.0.0"
::1 - - [02/Jul/2024:07:51:02 +0000] "GET /api/v1/posts/undefined HTTP/1.1" 500 123 "http://localhost:3000/" "Mozilla/5.0 (Windows NT 10.0; Win64; x64) AppleWebKit/537.36 (KHTML, like Gecko) Chrome/126.0.0.0 Safari/537.36 Edg/126.0.0.0"
::1 - - [02/Jul/2024:07:51:09 +0000] "GET /api/v1/posts/undefined HTTP/1.1" 500 123 "http://localhost:3000/" "Mozilla/5.0 (Windows NT 10.0; Win64; x64) AppleWebKit/537.36 (KHTML, like Gecko) Chrome/126.0.0.0 Safari/537.36 Edg/126.0.0.0"
::1 - - [02/Jul/2024:07:51:34 +0000] "GET /api/v1/posts/user HTTP/1.1" 200 1010 "-" "PostmanRuntime/7.39.0"
::1 - - [02/Jul/2024:07:51:43 +0000] "GET /api/v1/posts/ HTTP/1.1" 200 1010 "-" "PostmanRuntime/7.39.0"
::1 - - [02/Jul/2024:07:51:46 +0000] "GET /api/v1/posts/ HTTP/1.1" 200 1010 "-" "PostmanRuntime/7.39.0"
::1 - - [02/Jul/2024:07:51:56 +0000] "GET /api/v1/posts/undefined HTTP/1.1" 500 123 "http://localhost:3000/" "Mozilla/5.0 (Windows NT 10.0; Win64; x64) AppleWebKit/537.36 (KHTML, like Gecko) Chrome/126.0.0.0 Safari/537.36 Edg/126.0.0.0"
::1 - - [02/Jul/2024:07:52:07 +0000] "GET /api/v1/posts/undefined HTTP/1.1" 500 123 "http://localhost:3000/" "Mozilla/5.0 (Windows NT 10.0; Win64; x64) AppleWebKit/537.36 (KHTML, like Gecko) Chrome/126.0.0.0 Safari/537.36 Edg/126.0.0.0"
::1 - - [02/Jul/2024:07:52:11 +0000] "GET /api/v1/posts/undefined HTTP/1.1" 500 123 "http://localhost:3000/" "Mozilla/5.0 (Windows NT 10.0; Win64; x64) AppleWebKit/537.36 (KHTML, like Gecko) Chrome/126.0.0.0 Safari/537.36 Edg/126.0.0.0"
::1 - - [02/Jul/2024:07:52:13 +0000] "GET /api/v1/users/66803a4d9c83fb2cc966f9c7 HTTP/1.1" 304 - "http://localhost:3000/" "Mozilla/5.0 (Windows NT 10.0; Win64; x64) AppleWebKit/537.36 (KHTML, like Gecko) Chrome/126.0.0.0 Safari/537.36 Edg/126.0.0.0"
::ffff:127.0.0.1 - - [02/Jul/2024:07:52:54 +0000] "GET /api/v1/posts HTTP/1.1" 304 - "http://localhost:3000/" "Mozilla/5.0 (Windows NT 10.0; Win64; x64; rv:127.0) Gecko/20100101 Firefox/127.0"
::1 - - [02/Jul/2024:07:53:06 +0000] "GET /api/v1/users/66803a4d9c83fb2cc966f9c7 HTTP/1.1" 304 - "http://localhost:3000/" "Mozilla/5.0 (Windows NT 10.0; Win64; x64) AppleWebKit/537.36 (KHTML, like Gecko) Chrome/126.0.0.0 Safari/537.36 Edg/126.0.0.0"
::1 - - [02/Jul/2024:07:53:09 +0000] "GET /api/v1/users/66803a4d9c83fb2cc966f9c7 HTTP/1.1" 304 - "http://localhost:3000/" "Mozilla/5.0 (Windows NT 10.0; Win64; x64) AppleWebKit/537.36 (KHTML, like Gecko) Chrome/126.0.0.0 Safari/537.36 Edg/126.0.0.0"
::1 - - [02/Jul/2024:07:53:35 +0000] "GET /api/v1/posts/user HTTP/1.1" 200 1010 "-" "PostmanRuntime/7.39.0"
::ffff:127.0.0.1 - - [02/Jul/2024:07:55:49 +0000] "GET /api/v1/posts HTTP/1.1" 304 - "http://localhost:3000/" "Mozilla/5.0 (Windows NT 10.0; Win64; x64; rv:127.0) Gecko/20100101 Firefox/127.0"
::1 - - [02/Jul/2024:07:55:50 +0000] "GET /api/v1/users/66803a4d9c83fb2cc966f9c7 HTTP/1.1" 200 1431 "-" "PostmanRuntime/7.39.0"
::ffff:127.0.0.1 - - [02/Jul/2024:07:55:52 +0000] "GET /api/v1/posts HTTP/1.1" 304 - "http://localhost:3000/" "Mozilla/5.0 (Windows NT 10.0; Win64; x64; rv:127.0) Gecko/20100101 Firefox/127.0"
::1 - - [02/Jul/2024:07:55:58 +0000] "GET /api/v1/users/66803a4d9c83fb2cc966f9c7 HTTP/1.1" 200 1431 "http://localhost:3000/" "Mozilla/5.0 (Windows NT 10.0; Win64; x64) AppleWebKit/537.36 (KHTML, like Gecko) Chrome/126.0.0.0 Safari/537.36 Edg/126.0.0.0"
::ffff:127.0.0.1 - - [02/Jul/2024:07:56:10 +0000] "GET /api/v1/posts HTTP/1.1" 304 - "http://localhost:3000/" "Mozilla/5.0 (Windows NT 10.0; Win64; x64; rv:127.0) Gecko/20100101 Firefox/127.0"
::1 - - [02/Jul/2024:07:56:33 +0000] "GET /api/v1/users/66803a4d9c83fb2cc966f9c7 HTTP/1.1" 304 - "http://localhost:3000/" "Mozilla/5.0 (Windows NT 10.0; Win64; x64) AppleWebKit/537.36 (KHTML, like Gecko) Chrome/126.0.0.0 Safari/537.36 Edg/126.0.0.0"
::1 - - [02/Jul/2024:07:56:46 +0000] "GET /api/v1/users/66803a4d9c83fb2cc966f9c7 HTTP/1.1" 304 - "http://localhost:3000/" "Mozilla/5.0 (Windows NT 10.0; Win64; x64) AppleWebKit/537.36 (KHTML, like Gecko) Chrome/126.0.0.0 Safari/537.36 Edg/126.0.0.0"
::1 - - [02/Jul/2024:07:56:54 +0000] "GET /api/v1/users/66803a4d9c83fb2cc966f9c7 HTTP/1.1" 304 - "http://localhost:3000/" "Mozilla/5.0 (Windows NT 10.0; Win64; x64) AppleWebKit/537.36 (KHTML, like Gecko) Chrome/126.0.0.0 Safari/537.36 Edg/126.0.0.0"
::ffff:127.0.0.1 - - [02/Jul/2024:07:57:14 +0000] "GET /api/v1/posts HTTP/1.1" 304 - "http://localhost:3000/" "Mozilla/5.0 (Windows NT 10.0; Win64; x64; rv:127.0) Gecko/20100101 Firefox/127.0"
::ffff:127.0.0.1 - - [02/Jul/2024:07:57:19 +0000] "GET /api/v1/posts HTTP/1.1" 304 - "http://localhost:3000/" "Mozilla/5.0 (Windows NT 10.0; Win64; x64; rv:127.0) Gecko/20100101 Firefox/127.0"
::1 - - [02/Jul/2024:07:57:35 +0000] "GET /api/v1/users/66803a4d9c83fb2cc966f9c7 HTTP/1.1" 304 - "http://localhost:3000/" "Mozilla/5.0 (Windows NT 10.0; Win64; x64) AppleWebKit/537.36 (KHTML, like Gecko) Chrome/126.0.0.0 Safari/537.36 Edg/126.0.0.0"
::ffff:127.0.0.1 - - [02/Jul/2024:07:57:37 +0000] "GET /api/v1/posts HTTP/1.1" 304 - "http://localhost:3000/" "Mozilla/5.0 (Windows NT 10.0; Win64; x64; rv:127.0) Gecko/20100101 Firefox/127.0"
::ffff:127.0.0.1 - - [02/Jul/2024:07:57:39 +0000] "GET /api/v1/posts HTTP/1.1" 304 - "http://localhost:3000/" "Mozilla/5.0 (Windows NT 10.0; Win64; x64; rv:127.0) Gecko/20100101 Firefox/127.0"
::ffff:127.0.0.1 - - [02/Jul/2024:07:57:48 +0000] "GET /api/v1/posts HTTP/1.1" 304 - "http://localhost:3000/" "Mozilla/5.0 (Windows NT 10.0; Win64; x64; rv:127.0) Gecko/20100101 Firefox/127.0"
::1 - - [02/Jul/2024:07:57:48 +0000] "GET /api/v1/users/66803a4d9c83fb2cc966f9c7 HTTP/1.1" 304 - "http://localhost:3000/" "Mozilla/5.0 (Windows NT 10.0; Win64; x64) AppleWebKit/537.36 (KHTML, like Gecko) Chrome/126.0.0.0 Safari/537.36 Edg/126.0.0.0"
::1 - - [02/Jul/2024:07:57:57 +0000] "GET /api/v1/users/66803a4d9c83fb2cc966f9c7 HTTP/1.1" 304 - "http://localhost:3000/" "Mozilla/5.0 (Windows NT 10.0; Win64; x64) AppleWebKit/537.36 (KHTML, like Gecko) Chrome/126.0.0.0 Safari/537.36 Edg/126.0.0.0"
::ffff:127.0.0.1 - - [02/Jul/2024:07:58:00 +0000] "GET /api/v1/posts HTTP/1.1" 304 - "http://localhost:3000/" "Mozilla/5.0 (Windows NT 10.0; Win64; x64; rv:127.0) Gecko/20100101 Firefox/127.0"
::1 - - [02/Jul/2024:07:58:03 +0000] "GET /api/v1/users/66803a4d9c83fb2cc966f9c7 HTTP/1.1" 304 - "http://localhost:3000/" "Mozilla/5.0 (Windows NT 10.0; Win64; x64) AppleWebKit/537.36 (KHTML, like Gecko) Chrome/126.0.0.0 Safari/537.36 Edg/126.0.0.0"
::1 - - [02/Jul/2024:07:58:16 +0000] "GET /api/v1/posts HTTP/1.1" 304 - "http://localhost:3000/" "Mozilla/5.0 (Windows NT 10.0; Win64; x64) AppleWebKit/537.36 (KHTML, like Gecko) Chrome/126.0.0.0 Safari/537.36 Edg/126.0.0.0"
::ffff:127.0.0.1 - - [02/Jul/2024:07:58:20 +0000] "GET /api/v1/posts HTTP/1.1" 304 - "http://localhost:3000/" "Mozilla/5.0 (Windows NT 10.0; Win64; x64; rv:127.0) Gecko/20100101 Firefox/127.0"
::ffff:127.0.0.1 - - [02/Jul/2024:07:59:35 +0000] "GET /api/v1/posts HTTP/1.1" 304 - "http://localhost:3000/" "Mozilla/5.0 (Windows NT 10.0; Win64; x64; rv:127.0) Gecko/20100101 Firefox/127.0"
::ffff:127.0.0.1 - - [02/Jul/2024:07:59:37 +0000] "GET /api/v1/posts/6682df1484b98acaad8e25a8 HTTP/1.1" 200 1008 "http://localhost:3000/" "Mozilla/5.0 (Windows NT 10.0; Win64; x64; rv:127.0) Gecko/20100101 Firefox/127.0"
::1 - - [02/Jul/2024:07:59:48 +0000] "GET /api/v1/posts HTTP/1.1" 304 - "http://localhost:3000/" "Mozilla/5.0 (Windows NT 10.0; Win64; x64) AppleWebKit/537.36 (KHTML, like Gecko) Chrome/126.0.0.0 Safari/537.36 Edg/126.0.0.0"
::ffff:127.0.0.1 - - [02/Jul/2024:07:59:50 +0000] "GET /api/v1/posts/6682df1484b98acaad8e25a8 HTTP/1.1" 304 - "http://localhost:3000/" "Mozilla/5.0 (Windows NT 10.0; Win64; x64; rv:127.0) Gecko/20100101 Firefox/127.0"
::1 - - [02/Jul/2024:08:00:31 +0000] "GET /api/v1/posts HTTP/1.1" 304 - "http://localhost:3000/" "Mozilla/5.0 (Windows NT 10.0; Win64; x64) AppleWebKit/537.36 (KHTML, like Gecko) Chrome/126.0.0.0 Safari/537.36 Edg/126.0.0.0"
::ffff:127.0.0.1 - - [02/Jul/2024:08:00:33 +0000] "GET /api/v1/posts/6682df1484b98acaad8e25a8 HTTP/1.1" 304 - "http://localhost:3000/" "Mozilla/5.0 (Windows NT 10.0; Win64; x64; rv:127.0) Gecko/20100101 Firefox/127.0"
::ffff:127.0.0.1 - - [02/Jul/2024:08:00:46 +0000] "GET /api/v1/posts/6682df1484b98acaad8e25a8 HTTP/1.1" 304 - "http://localhost:3000/" "Mozilla/5.0 (Windows NT 10.0; Win64; x64; rv:127.0) Gecko/20100101 Firefox/127.0"
::ffff:127.0.0.1 - - [02/Jul/2024:08:01:07 +0000] "GET /api/v1/posts/6682df1484b98acaad8e25a8 HTTP/1.1" 304 - "http://localhost:3000/" "Mozilla/5.0 (Windows NT 10.0; Win64; x64; rv:127.0) Gecko/20100101 Firefox/127.0"
::ffff:127.0.0.1 - - [02/Jul/2024:08:01:18 +0000] "GET /api/v1/posts/6682df1484b98acaad8e25a8 HTTP/1.1" 304 - "http://localhost:3000/" "Mozilla/5.0 (Windows NT 10.0; Win64; x64; rv:127.0) Gecko/20100101 Firefox/127.0"
::ffff:127.0.0.1 - - [02/Jul/2024:08:01:33 +0000] "GET /api/v1/posts/6682df1484b98acaad8e25a8 HTTP/1.1" 304 - "http://localhost:3000/" "Mozilla/5.0 (Windows NT 10.0; Win64; x64; rv:127.0) Gecko/20100101 Firefox/127.0"
::ffff:127.0.0.1 - - [02/Jul/2024:08:01:39 +0000] "GET /api/v1/posts/6682df1484b98acaad8e25a8 HTTP/1.1" 304 - "http://localhost:3000/" "Mozilla/5.0 (Windows NT 10.0; Win64; x64; rv:127.0) Gecko/20100101 Firefox/127.0"
::ffff:127.0.0.1 - - [02/Jul/2024:08:01:56 +0000] "GET /api/v1/posts/6682df1484b98acaad8e25a8 HTTP/1.1" 304 - "http://localhost:3000/" "Mozilla/5.0 (Windows NT 10.0; Win64; x64; rv:127.0) Gecko/20100101 Firefox/127.0"
::ffff:127.0.0.1 - - [02/Jul/2024:08:02:09 +0000] "POST /api/v1/posts/6682df1484b98acaad8e25a8/share HTTP/1.1" 200 23 "http://localhost:3000/" "Mozilla/5.0 (Windows NT 10.0; Win64; x64; rv:127.0) Gecko/20100101 Firefox/127.0"
::ffff:127.0.0.1 - - [02/Jul/2024:08:02:09 +0000] "GET /api/v1/posts/6682df1484b98acaad8e25a8 HTTP/1.1" 200 1008 "http://localhost:3000/" "Mozilla/5.0 (Windows NT 10.0; Win64; x64; rv:127.0) Gecko/20100101 Firefox/127.0"
::1 - - [02/Jul/2024:08:02:31 +0000] "GET /api/v1/posts HTTP/1.1" 200 1010 "http://localhost:3000/" "Mozilla/5.0 (Windows NT 10.0; Win64; x64) AppleWebKit/537.36 (KHTML, like Gecko) Chrome/126.0.0.0 Safari/537.36 Edg/126.0.0.0"
::1 - - [02/Jul/2024:08:02:34 +0000] "GET /api/v1/posts/6682df1484b98acaad8e25a8 HTTP/1.1" 200 1008 "http://localhost:3000/" "Mozilla/5.0 (Windows NT 10.0; Win64; x64) AppleWebKit/537.36 (KHTML, like Gecko) Chrome/126.0.0.0 Safari/537.36 Edg/126.0.0.0"
::1 - - [02/Jul/2024:08:02:36 +0000] "POST /api/v1/posts/6682df1484b98acaad8e25a8/share HTTP/1.1" 200 23 "http://localhost:3000/" "Mozilla/5.0 (Windows NT 10.0; Win64; x64) AppleWebKit/537.36 (KHTML, like Gecko) Chrome/126.0.0.0 Safari/537.36 Edg/126.0.0.0"
::1 - - [02/Jul/2024:08:02:36 +0000] "GET /api/v1/posts/6682df1484b98acaad8e25a8 HTTP/1.1" 200 1008 "http://localhost:3000/" "Mozilla/5.0 (Windows NT 10.0; Win64; x64) AppleWebKit/537.36 (KHTML, like Gecko) Chrome/126.0.0.0 Safari/537.36 Edg/126.0.0.0"
::1 - - [02/Jul/2024:08:03:21 +0000] "GET /api/v1/posts/6682df1484b98acaad8e25a8 HTTP/1.1" 304 - "http://localhost:3000/" "Mozilla/5.0 (Windows NT 10.0; Win64; x64) AppleWebKit/537.36 (KHTML, like Gecko) Chrome/126.0.0.0 Safari/537.36 Edg/126.0.0.0"
::1 - - [02/Jul/2024:08:03:23 +0000] "POST /api/v1/posts/6682df1484b98acaad8e25a8/share HTTP/1.1" 200 23 "http://localhost:3000/" "Mozilla/5.0 (Windows NT 10.0; Win64; x64) AppleWebKit/537.36 (KHTML, like Gecko) Chrome/126.0.0.0 Safari/537.36 Edg/126.0.0.0"
::1 - - [02/Jul/2024:08:03:23 +0000] "GET /api/v1/posts/6682df1484b98acaad8e25a8 HTTP/1.1" 200 1008 "http://localhost:3000/" "Mozilla/5.0 (Windows NT 10.0; Win64; x64) AppleWebKit/537.36 (KHTML, like Gecko) Chrome/126.0.0.0 Safari/537.36 Edg/126.0.0.0"
::ffff:127.0.0.1 - - [02/Jul/2024:08:05:04 +0000] "GET /api/v1/posts/6682df1484b98acaad8e25a8 HTTP/1.1" 200 1008 "http://localhost:3000/" "Mozilla/5.0 (Windows NT 10.0; Win64; x64; rv:127.0) Gecko/20100101 Firefox/127.0"
::ffff:127.0.0.1 - - [02/Jul/2024:08:05:12 +0000] "GET /api/v1/posts/6682df1484b98acaad8e25a8 HTTP/1.1" 304 - "http://localhost:3000/" "Mozilla/5.0 (Windows NT 10.0; Win64; x64; rv:127.0) Gecko/20100101 Firefox/127.0"
::1 - - [02/Jul/2024:08:06:35 +0000] "GET /api/v1/posts/6682df1484b98acaad8e25a8 HTTP/1.1" 304 - "http://localhost:3000/" "Mozilla/5.0 (Windows NT 10.0; Win64; x64) AppleWebKit/537.36 (KHTML, like Gecko) Chrome/126.0.0.0 Safari/537.36 Edg/126.0.0.0"
::ffff:127.0.0.1 - - [02/Jul/2024:08:06:35 +0000] "GET /api/v1/posts/6682df1484b98acaad8e25a8 HTTP/1.1" 304 - "http://localhost:3000/" "Mozilla/5.0 (Windows NT 10.0; Win64; x64; rv:127.0) Gecko/20100101 Firefox/127.0"
::1 - - [02/Jul/2024:08:06:40 +0000] "GET /api/v1/posts/6682df1484b98acaad8e25a8 HTTP/1.1" 304 - "http://localhost:3000/" "Mozilla/5.0 (Windows NT 10.0; Win64; x64) AppleWebKit/537.36 (KHTML, like Gecko) Chrome/126.0.0.0 Safari/537.36 Edg/126.0.0.0"
::1 - - [02/Jul/2024:08:06:45 +0000] "GET /api/v1/posts/6682df1484b98acaad8e25a8 HTTP/1.1" 304 - "http://localhost:3000/" "Mozilla/5.0 (Windows NT 10.0; Win64; x64) AppleWebKit/537.36 (KHTML, like Gecko) Chrome/126.0.0.0 Safari/537.36 Edg/126.0.0.0"
::ffff:127.0.0.1 - - [02/Jul/2024:08:06:48 +0000] "GET /api/v1/posts/6682df1484b98acaad8e25a8 HTTP/1.1" 304 - "http://localhost:3000/" "Mozilla/5.0 (Windows NT 10.0; Win64; x64; rv:127.0) Gecko/20100101 Firefox/127.0"
::ffff:127.0.0.1 - - [02/Jul/2024:08:07:02 +0000] "GET /api/v1/posts/6682df1484b98acaad8e25a8 HTTP/1.1" 304 - "http://localhost:3000/" "Mozilla/5.0 (Windows NT 10.0; Win64; x64; rv:127.0) Gecko/20100101 Firefox/127.0"
::ffff:127.0.0.1 - - [02/Jul/2024:08:07:12 +0000] "GET /api/v1/posts/6682df1484b98acaad8e25a8 HTTP/1.1" 304 - "http://localhost:3000/" "Mozilla/5.0 (Windows NT 10.0; Win64; x64; rv:127.0) Gecko/20100101 Firefox/127.0"
::1 - - [02/Jul/2024:08:07:17 +0000] "GET /api/v1/posts/6682df1484b98acaad8e25a8 HTTP/1.1" 304 - "http://localhost:3000/" "Mozilla/5.0 (Windows NT 10.0; Win64; x64) AppleWebKit/537.36 (KHTML, like Gecko) Chrome/126.0.0.0 Safari/537.36 Edg/126.0.0.0"
::1 - - [02/Jul/2024:08:07:19 +0000] "GET /api/v1/posts/6682df1484b98acaad8e25a8 HTTP/1.1" 304 - "http://localhost:3000/" "Mozilla/5.0 (Windows NT 10.0; Win64; x64) AppleWebKit/537.36 (KHTML, like Gecko) Chrome/126.0.0.0 Safari/537.36 Edg/126.0.0.0"
::ffff:127.0.0.1 - - [02/Jul/2024:08:07:20 +0000] "GET /api/v1/posts/6682df1484b98acaad8e25a8 HTTP/1.1" 304 - "http://localhost:3000/" "Mozilla/5.0 (Windows NT 10.0; Win64; x64; rv:127.0) Gecko/20100101 Firefox/127.0"
::ffff:127.0.0.1 - - [02/Jul/2024:08:07:22 +0000] "GET /api/v1/posts/6682df1484b98acaad8e25a8 HTTP/1.1" 304 - "http://localhost:3000/" "Mozilla/5.0 (Windows NT 10.0; Win64; x64; rv:127.0) Gecko/20100101 Firefox/127.0"
::1 - - [02/Jul/2024:08:07:26 +0000] "GET /api/v1/posts/6682df1484b98acaad8e25a8 HTTP/1.1" 304 - "http://localhost:3000/" "Mozilla/5.0 (Windows NT 10.0; Win64; x64) AppleWebKit/537.36 (KHTML, like Gecko) Chrome/126.0.0.0 Safari/537.36 Edg/126.0.0.0"
::ffff:127.0.0.1 - - [02/Jul/2024:08:07:26 +0000] "GET /api/v1/posts/6682df1484b98acaad8e25a8 HTTP/1.1" 304 - "http://localhost:3000/" "Mozilla/5.0 (Windows NT 10.0; Win64; x64; rv:127.0) Gecko/20100101 Firefox/127.0"
::1 - - [02/Jul/2024:08:07:35 +0000] "GET /api/v1/posts/6682df1484b98acaad8e25a8 HTTP/1.1" 304 - "http://localhost:3000/" "Mozilla/5.0 (Windows NT 10.0; Win64; x64) AppleWebKit/537.36 (KHTML, like Gecko) Chrome/126.0.0.0 Safari/537.36 Edg/126.0.0.0"
::1 - - [02/Jul/2024:08:07:46 +0000] "GET /api/v1/posts/6682df1484b98acaad8e25a8 HTTP/1.1" 304 - "http://localhost:3000/" "Mozilla/5.0 (Windows NT 10.0; Win64; x64) AppleWebKit/537.36 (KHTML, like Gecko) Chrome/126.0.0.0 Safari/537.36 Edg/126.0.0.0"
::ffff:127.0.0.1 - - [02/Jul/2024:08:09:24 +0000] "GET /api/v1/posts/6682df1484b98acaad8e25a8 HTTP/1.1" 304 - "http://localhost:3000/" "Mozilla/5.0 (Windows NT 10.0; Win64; x64; rv:127.0) Gecko/20100101 Firefox/127.0"
::1 - - [02/Jul/2024:08:09:25 +0000] "GET /api/v1/posts/6682df1484b98acaad8e25a8 HTTP/1.1" 304 - "http://localhost:3000/" "Mozilla/5.0 (Windows NT 10.0; Win64; x64) AppleWebKit/537.36 (KHTML, like Gecko) Chrome/126.0.0.0 Safari/537.36 Edg/126.0.0.0"
::1 - - [02/Jul/2024:08:09:27 +0000] "GET /api/v1/posts/6682df1484b98acaad8e25a8 HTTP/1.1" 304 - "http://localhost:3000/" "Mozilla/5.0 (Windows NT 10.0; Win64; x64) AppleWebKit/537.36 (KHTML, like Gecko) Chrome/126.0.0.0 Safari/537.36 Edg/126.0.0.0"
::1 - - [02/Jul/2024:08:09:32 +0000] "GET /api/v1/posts/6682df1484b98acaad8e25a8 HTTP/1.1" 304 - "http://localhost:3000/" "Mozilla/5.0 (Windows NT 10.0; Win64; x64) AppleWebKit/537.36 (KHTML, like Gecko) Chrome/126.0.0.0 Safari/537.36 Edg/126.0.0.0"
::1 - - [02/Jul/2024:08:11:23 +0000] "GET /api/v1/posts/6682df1484b98acaad8e25a8 HTTP/1.1" 304 - "http://localhost:3000/" "Mozilla/5.0 (Windows NT 10.0; Win64; x64) AppleWebKit/537.36 (KHTML, like Gecko) Chrome/126.0.0.0 Safari/537.36 Edg/126.0.0.0"
::1 - - [02/Jul/2024:08:11:28 +0000] "GET /api/v1/posts/6682df1484b98acaad8e25a8 HTTP/1.1" 304 - "http://localhost:3000/" "Mozilla/5.0 (Windows NT 10.0; Win64; x64) AppleWebKit/537.36 (KHTML, like Gecko) Chrome/126.0.0.0 Safari/537.36 Edg/126.0.0.0"
::1 - - [02/Jul/2024:08:11:37 +0000] "GET /api/v1/posts/6682df1484b98acaad8e25a8 HTTP/1.1" 304 - "http://localhost:3000/" "Mozilla/5.0 (Windows NT 10.0; Win64; x64) AppleWebKit/537.36 (KHTML, like Gecko) Chrome/126.0.0.0 Safari/537.36 Edg/126.0.0.0"
::1 - - [02/Jul/2024:08:11:44 +0000] "GET /api/v1/posts/6682df1484b98acaad8e25a8 HTTP/1.1" 304 - "http://localhost:3000/" "Mozilla/5.0 (Windows NT 10.0; Win64; x64) AppleWebKit/537.36 (KHTML, like Gecko) Chrome/126.0.0.0 Safari/537.36 Edg/126.0.0.0"
::1 - - [02/Jul/2024:08:11:54 +0000] "GET /api/v1/posts/6682df1484b98acaad8e25a8 HTTP/1.1" 304 - "http://localhost:3000/" "Mozilla/5.0 (Windows NT 10.0; Win64; x64) AppleWebKit/537.36 (KHTML, like Gecko) Chrome/126.0.0.0 Safari/537.36 Edg/126.0.0.0"
::1 - - [02/Jul/2024:08:11:56 +0000] "GET /api/v1/posts/6682df1484b98acaad8e25a8 HTTP/1.1" 304 - "http://localhost:3000/" "Mozilla/5.0 (Windows NT 10.0; Win64; x64) AppleWebKit/537.36 (KHTML, like Gecko) Chrome/126.0.0.0 Safari/537.36 Edg/126.0.0.0"
::1 - - [02/Jul/2024:08:12:13 +0000] "GET /api/v1/posts/6682df1484b98acaad8e25a8 HTTP/1.1" 304 - "http://localhost:3000/" "Mozilla/5.0 (Windows NT 10.0; Win64; x64) AppleWebKit/537.36 (KHTML, like Gecko) Chrome/126.0.0.0 Safari/537.36 Edg/126.0.0.0"
::1 - - [02/Jul/2024:08:12:15 +0000] "GET /api/v1/posts/6682df1484b98acaad8e25a8 HTTP/1.1" 304 - "http://localhost:3000/" "Mozilla/5.0 (Windows NT 10.0; Win64; x64) AppleWebKit/537.36 (KHTML, like Gecko) Chrome/126.0.0.0 Safari/537.36 Edg/126.0.0.0"
::ffff:127.0.0.1 - - [02/Jul/2024:08:12:18 +0000] "GET /api/v1/posts/6682df1484b98acaad8e25a8 HTTP/1.1" 304 - "http://localhost:3000/" "Mozilla/5.0 (Windows NT 10.0; Win64; x64; rv:127.0) Gecko/20100101 Firefox/127.0"
::ffff:127.0.0.1 - - [02/Jul/2024:08:12:19 +0000] "GET /api/v1/posts/6682df1484b98acaad8e25a8 HTTP/1.1" 304 - "http://localhost:3000/" "Mozilla/5.0 (Windows NT 10.0; Win64; x64; rv:127.0) Gecko/20100101 Firefox/127.0"
::ffff:127.0.0.1 - - [02/Jul/2024:08:12:24 +0000] "GET /api/v1/posts/6682df1484b98acaad8e25a8 HTTP/1.1" 304 - "http://localhost:3000/" "Mozilla/5.0 (Windows NT 10.0; Win64; x64; rv:127.0) Gecko/20100101 Firefox/127.0"
